** Drc report for hl2-bridge.kicad_pcb **
** Created on 2026-09-12T21:59:24 **
** Report includes: Errors **

** Found 0 DRC violations **

** Found 338 unconnected pads **
[unconnected_items]: Missing connection between items
    Local override; error
    @(45.4000 mm, 98.8500 mm): Pad 13 [GND] of J3 on F.Cu
    @(46.6000 mm, 98.8500 mm): Pad 10 [GND] of J3 on F.Cu
[unconnected_items]: Missing connection between items
    Local override; error
    @(46.6000 mm, 98.8500 mm): Pad 10 [GND] of J3 on F.Cu
    @(47.8000 mm, 98.8500 mm): Pad 7 [GND] of J3 on F.Cu
[unconnected_items]: Missing connection between items
    Local override; error
    @(47.8000 mm, 98.8500 mm): Pad 7 [GND] of J3 on F.Cu
    @(49.0000 mm, 98.8500 mm): Pad 4 [GND] of J3 on F.Cu
[unconnected_items]: Missing connection between items
    Local override; error
    @(49.0000 mm, 98.8500 mm): Pad 4 [GND] of J3 on F.Cu
    @(40.0000 mm, 40.0000 mm): Zone 'top ground fill' [GND] on F.Cu, priority 0
[unconnected_items]: Missing connection between items
    Local override; error
    @(62.8000 mm, 98.8500 mm): Pad 13 [GND] of J4 on F.Cu
    @(64.0000 mm, 98.8500 mm): Pad 10 [GND] of J4 on F.Cu
[unconnected_items]: Missing connection between items
    Local override; error
    @(64.0000 mm, 98.8500 mm): Pad 10 [GND] of J4 on F.Cu
    @(65.2000 mm, 98.8500 mm): Pad 7 [GND] of J4 on F.Cu
[unconnected_items]: Missing connection between items
    Local override; error
    @(65.2000 mm, 98.8500 mm): Pad 7 [GND] of J4 on F.Cu
    @(66.4000 mm, 98.8500 mm): Pad 4 [GND] of J4 on F.Cu
[unconnected_items]: Missing connection between items
    Local override; error
    @(66.4000 mm, 98.8500 mm): Pad 4 [GND] of J4 on F.Cu
    @(40.0000 mm, 40.0000 mm): Zone 'top ground fill' [GND] on F.Cu, priority 0
[unconnected_items]: Missing connection between items
    Local override; error
    @(80.2000 mm, 98.8500 mm): Pad 13 [GND] of J5 on F.Cu
    @(81.4000 mm, 98.8500 mm): Pad 10 [GND] of J5 on F.Cu
[unconnected_items]: Missing connection between items
    Local override; error
    @(81.4000 mm, 98.8500 mm): Pad 10 [GND] of J5 on F.Cu
    @(82.6000 mm, 98.8500 mm): Pad 7 [GND] of J5 on F.Cu
[unconnected_items]: Missing connection between items
    Local override; error
    @(82.6000 mm, 98.8500 mm): Pad 7 [GND] of J5 on F.Cu
    @(83.8000 mm, 98.8500 mm): Pad 4 [GND] of J5 on F.Cu
[unconnected_items]: Missing connection between items
    Local override; error
    @(83.8000 mm, 98.8500 mm): Pad 4 [GND] of J5 on F.Cu
    @(40.0000 mm, 40.0000 mm): Zone 'top ground fill' [GND] on F.Cu, priority 0
[unconnected_items]: Missing connection between items
    Local override; error
    @(44.3500 mm, 95.0400 mm): Pad 1 [+2V5] of C25 on F.Cu
    @(60.3900 mm, 93.7200 mm): Pad 1 [+2V5] of C11 on F.Cu
[unconnected_items]: Missing connection between items
    Local override; error
    @(57.7250 mm, 48.8625 mm): Pad 1 [+2V5] of U1 on F.Cu
    @(58.3750 mm, 48.8625 mm): Pad 2 [+2V5] of U1 on F.Cu
[unconnected_items]: Missing connection between items
    Local override; error
    @(59.0250 mm, 48.8625 mm): Pad 3 [+2V5] of U1 on F.Cu
    @(58.3750 mm, 48.8625 mm): Pad 2 [+2V5] of U1 on F.Cu
[unconnected_items]: Missing connection between items
    Local override; error
    @(64.2250 mm, 48.8625 mm): Pad 1 [+2V5] of U12 on F.Cu
    @(64.8750 mm, 48.8625 mm): Pad 2 [+2V5] of U12 on F.Cu
[unconnected_items]: Missing connection between items
    Local override; error
    @(64.2250 mm, 48.8625 mm): Pad 1 [+2V5] of U12 on F.Cu
    @(59.0250 mm, 48.8625 mm): Pad 3 [+2V5] of U1 on F.Cu
[unconnected_items]: Missing connection between items
    Local override; error
    @(64.8300 mm, 93.7200 mm): Pad 1 [+2V5] of C13 on F.Cu
    @(60.3900 mm, 93.7200 mm): Pad 1 [+2V5] of C11 on F.Cu
[unconnected_items]: Missing connection between items
    Local override; error
    @(64.8300 mm, 93.7200 mm): Pad 1 [+2V5] of C13 on F.Cu
    @(80.3700 mm, 93.7200 mm): Pad 1 [+2V5] of C20 on F.Cu
[unconnected_items]: Missing connection between items
    Local override; error
    @(64.8300 mm, 93.7200 mm): Pad 1 [+2V5] of C13 on F.Cu
    @(72.0200 mm, 79.3700 mm): Pad 2 [+2V5] of R32 on F.Cu
[unconnected_items]: Missing connection between items
    Local override; error
    @(65.1375 mm, 52.5500 mm): Pad 5 [+2V5] of U9 on F.Cu
    @(64.8750 mm, 48.8625 mm): Pad 2 [+2V5] of U12 on F.Cu
[unconnected_items]: Missing connection between items
    Local override; error
    @(65.1375 mm, 52.5500 mm): Pad 5 [+2V5] of U9 on F.Cu
    @(74.5500 mm, 73.5500 mm): Pad 1 [+2V5] of TP44 on F.Cu
[unconnected_items]: Missing connection between items
    Local override; error
    @(65.5250 mm, 48.8625 mm): Pad 3 [+2V5] of U12 on F.Cu
    @(64.8750 mm, 48.8625 mm): Pad 2 [+2V5] of U12 on F.Cu
[unconnected_items]: Missing connection between items
    Local override; error
    @(70.7250 mm, 43.1375 mm): Pad 16 [+2V5] of U7 on F.Cu
    @(65.5250 mm, 48.8625 mm): Pad 3 [+2V5] of U12 on F.Cu
[unconnected_items]: Missing connection between items
    Local override; error
    @(72.0200 mm, 79.3700 mm): Pad 2 [+2V5] of R32 on F.Cu
    @(74.5500 mm, 73.5500 mm): Pad 1 [+2V5] of TP44 on F.Cu
[unconnected_items]: Missing connection between items
    Local override; error
    @(77.2250 mm, 43.1375 mm): Pad 16 [+2V5] of U8 on F.Cu
    @(70.7250 mm, 43.1375 mm): Pad 16 [+2V5] of U7 on F.Cu
[unconnected_items]: Missing connection between items
    Local override; error
    @(84.8100 mm, 93.7200 mm): Pad 1 [+2V5] of C22 on F.Cu
    @(80.3700 mm, 93.7200 mm): Pad 1 [+2V5] of C20 on F.Cu
[unconnected_items]: Missing connection between items
    Local override; error
    @(41.6300 mm, 95.0400 mm): Pad 1 [+3V3] of C24 on F.Cu
    @(46.5700 mm, 95.0400 mm): Pad 1 [+3V3] of C26 on F.Cu
[unconnected_items]: Missing connection between items
    Local override; error
    @(44.1250 mm, 83.0550 mm): Pad 1 [+3V3] of U2 on F.Cu
    @(41.9500 mm, 76.1800 mm): Pad 1 [+3V3] of C23 on F.Cu
[unconnected_items]: Missing connection between items
    Local override; error
    @(44.1250 mm, 86.8650 mm): Pad 4 [+3V3] of U2 on F.Cu
    @(44.1250 mm, 83.0550 mm): Pad 1 [+3V3] of U2 on F.Cu
[unconnected_items]: Missing connection between items
    Local override; error
    @(44.1250 mm, 86.8650 mm): Pad 4 [+3V3] of U2 on F.Cu
    @(46.5700 mm, 95.0400 mm): Pad 1 [+3V3] of C26 on F.Cu
[unconnected_items]: Missing connection between items
    Local override; error
    @(44.1250 mm, 86.8650 mm): Pad 4 [+3V3] of U2 on F.Cu
    @(54.0250 mm, 86.8650 mm): Pad 4 [+3V3] of U3 on F.Cu
[unconnected_items]: Missing connection between items
    Local override; error
    @(54.0250 mm, 86.8650 mm): Pad 4 [+3V3] of U3 on F.Cu
    @(61.5250 mm, 86.8650 mm): Pad 4 [+3V3] of U4 on F.Cu
[unconnected_items]: Missing connection between items
    Local override; error
    @(58.1700 mm, 93.7200 mm): Pad 1 [+3V3] of C10 on F.Cu
    @(62.6100 mm, 93.7200 mm): Pad 1 [+3V3] of C12 on F.Cu
[unconnected_items]: Missing connection between items
    Local override; error
    @(61.5250 mm, 86.8650 mm): Pad 4 [+3V3] of U4 on F.Cu
    @(60.7200 mm, 79.3700 mm): Pad 2 [+3V3] of R27 on F.Cu
[unconnected_items]: Missing connection between items
    Local override; error
    @(62.6100 mm, 93.7200 mm): Pad 1 [+3V3] of C12 on F.Cu
    @(67.0500 mm, 93.7200 mm): Pad 1 [+3V3] of C14 on F.Cu
[unconnected_items]: Missing connection between items
    Local override; error
    @(62.6100 mm, 93.7200 mm): Pad 1 [+3V3] of C12 on F.Cu
    @(61.5250 mm, 86.8650 mm): Pad 4 [+3V3] of U4 on F.Cu
[unconnected_items]: Missing connection between items
    Local override; error
    @(62.8625 mm, 52.5500 mm): Pad 1 [+3V3] of U9 on F.Cu
    @(70.7250 mm, 48.8625 mm): Pad 1 [+3V3] of U7 on F.Cu
[unconnected_items]: Missing connection between items
    Local override; error
    @(62.8625 mm, 54.4500 mm): Pad 3 [+3V3] of U9 on F.Cu
    @(62.8625 mm, 52.5500 mm): Pad 1 [+3V3] of U9 on F.Cu
[unconnected_items]: Missing connection between items
    Local override; error
    @(64.2250 mm, 43.1375 mm): Pad 16 [+3V3] of U12 on F.Cu
    @(57.7250 mm, 43.1375 mm): Pad 16 [+3V3] of U1 on F.Cu
[unconnected_items]: Missing connection between items
    Local override; error
    @(67.5000 mm, 79.3700 mm): Pad 2 [+3V3] of R30 on F.Cu
    @(60.7200 mm, 79.3700 mm): Pad 2 [+3V3] of R27 on F.Cu
[unconnected_items]: Missing connection between items
    Local override; error
    @(68.6200 mm, 92.3900 mm): Pad 1 [+3V3] of R56 on F.Cu
    @(67.0500 mm, 93.7200 mm): Pad 1 [+3V3] of C14 on F.Cu
[unconnected_items]: Missing connection between items
    Local override; error
    @(69.2700 mm, 93.7200 mm): Pad 1 [+3V3] of C15 on F.Cu
    @(68.6200 mm, 92.3900 mm): Pad 1 [+3V3] of R56 on F.Cu
[unconnected_items]: Missing connection between items
    Local override; error
    @(70.7250 mm, 48.8625 mm): Pad 1 [+3V3] of U7 on F.Cu
    @(71.3750 mm, 48.8625 mm): Pad 2 [+3V3] of U7 on F.Cu
[unconnected_items]: Missing connection between items
    Local override; error
    @(70.7250 mm, 48.8625 mm): Pad 1 [+3V3] of U7 on F.Cu
    @(64.2250 mm, 43.1375 mm): Pad 16 [+3V3] of U12 on F.Cu
[unconnected_items]: Missing connection between items
    Local override; error
    @(71.3750 mm, 48.8625 mm): Pad 2 [+3V3] of U7 on F.Cu
    @(72.0250 mm, 48.8625 mm): Pad 3 [+3V3] of U7 on F.Cu
[unconnected_items]: Missing connection between items
    Local override; error
    @(71.4900 mm, 93.7200 mm): Pad 1 [+3V3] of C16 on F.Cu
    @(69.2700 mm, 93.7200 mm): Pad 1 [+3V3] of C15 on F.Cu
[unconnected_items]: Missing connection between items
    Local override; error
    @(71.6500 mm, 73.5500 mm): Pad 1 [+3V3] of TP43 on F.Cu
    @(67.5000 mm, 79.3700 mm): Pad 2 [+3V3] of R30 on F.Cu
[unconnected_items]: Missing connection between items
    Local override; error
    @(73.7100 mm, 93.7200 mm): Pad 1 [+3V3] of C17 on F.Cu
    @(71.4900 mm, 93.7200 mm): Pad 1 [+3V3] of C16 on F.Cu
[unconnected_items]: Missing connection between items
    Local override; error
    @(75.3625 mm, 85.2250 mm): Pad 16 [+3V3] of U6 on F.Cu
    @(75.3625 mm, 87.1750 mm): Pad 13 [+3V3] of U6 on F.Cu
[unconnected_items]: Missing connection between items
    Local override; error
    @(75.9300 mm, 93.7200 mm): Pad 1 [+3V3] of C18 on F.Cu
    @(78.1500 mm, 93.7200 mm): Pad 1 [+3V3] of C19 on F.Cu
[unconnected_items]: Missing connection between items
    Local override; error
    @(75.9300 mm, 93.7200 mm): Pad 1 [+3V3] of C18 on F.Cu
    @(73.7100 mm, 93.7200 mm): Pad 1 [+3V3] of C17 on F.Cu
[unconnected_items]: Missing connection between items
    Local override; error
    @(75.9300 mm, 93.7200 mm): Pad 1 [+3V3] of C18 on F.Cu
    @(75.3625 mm, 87.1750 mm): Pad 13 [+3V3] of U6 on F.Cu
[unconnected_items]: Missing connection between items
    Local override; error
    @(77.2250 mm, 48.8625 mm): Pad 1 [+3V3] of U8 on F.Cu
    @(72.0250 mm, 48.8625 mm): Pad 3 [+3V3] of U7 on F.Cu
[unconnected_items]: Missing connection between items
    Local override; error
    @(77.8750 mm, 48.8625 mm): Pad 2 [+3V3] of U8 on F.Cu
    @(78.5250 mm, 48.8625 mm): Pad 3 [+3V3] of U8 on F.Cu
[unconnected_items]: Missing connection between items
    Local override; error
    @(77.8750 mm, 48.8625 mm): Pad 2 [+3V3] of U8 on F.Cu
    @(77.2250 mm, 48.8625 mm): Pad 1 [+3V3] of U8 on F.Cu
[unconnected_items]: Missing connection between items
    Local override; error
    @(78.1500 mm, 93.7200 mm): Pad 1 [+3V3] of C19 on F.Cu
    @(82.5900 mm, 93.7200 mm): Pad 1 [+3V3] of C21 on F.Cu
[unconnected_items]: Missing connection between items
    Local override; error
    @(78.5250 mm, 48.8625 mm): Pad 3 [+3V3] of U8 on F.Cu
    @(78.5250 mm, 43.1375 mm): Pad 14 [+3V3] of U8 on F.Cu
[unconnected_items]: Missing connection between items
    Local override; error
    @(78.5250 mm, 48.8625 mm): Pad 3 [+3V3] of U8 on F.Cu
    @(85.0000 mm, 48.5400 mm): PTH pad 2 [+3V3] of J6
[unconnected_items]: Missing connection between items
    Local override; error
    @(82.5900 mm, 93.7200 mm): Pad 1 [+3V3] of C21 on F.Cu
    @(84.2625 mm, 87.1750 mm): Pad 13 [+3V3] of U5 on F.Cu
[unconnected_items]: Missing connection between items
    Local override; error
    @(84.2625 mm, 87.1750 mm): Pad 13 [+3V3] of U5 on F.Cu
    @(84.2625 mm, 85.2250 mm): Pad 16 [+3V3] of U5 on F.Cu
[unconnected_items]: Missing connection between items
    Local override; error
    @(85.0000 mm, 64.0000 mm): PTH pad 1 [+3V3] of J9
    @(71.6500 mm, 73.5500 mm): Pad 1 [+3V3] of TP43 on F.Cu
[unconnected_items]: Missing connection between items
    Local override; error
    @(54.2500 mm, 73.5500 mm): Pad 1 [AX_5V_PIN] of TP37 on F.Cu
    @(60.8000 mm, 98.8500 mm): Pad 18 [AX_5V_PIN] of J4 on F.Cu
[unconnected_items]: Missing connection between items
    Local override; error
    @(69.2650 mm, 52.2000 mm): Pad 2 [AX_5V_PIN] of D6 on F.Cu
    @(54.2500 mm, 73.5500 mm): Pad 1 [AX_5V_PIN] of TP37 on F.Cu
[unconnected_items]: Missing connection between items
    Local override; error
    @(58.3250 mm, 51.7000 mm): Pad 1 [AX_CLK_N] of D4 on F.Cu
    @(58.9750 mm, 83.0550 mm): Pad 16 [AX_CLK_N] of U3 on F.Cu
[unconnected_items]: Missing connection between items
    Local override; error
    @(63.2000 mm, 98.8500 mm): Pad 12 [AX_CLK_N] of J4 on F.Cu
    @(74.1600 mm, 92.3900 mm): Pad 2 [AX_CLK_N] of R58 on F.Cu
[unconnected_items]: Missing connection between items
    Local override; error
    @(69.6375 mm, 85.2250 mm): Pad 1 [AX_CLK_N] of U6 on F.Cu
    @(58.9750 mm, 83.0550 mm): Pad 16 [AX_CLK_N] of U3 on F.Cu
[unconnected_items]: Missing connection between items
    Local override; error
    @(74.1600 mm, 92.3900 mm): Pad 2 [AX_CLK_N] of R58 on F.Cu
    @(69.6375 mm, 85.2250 mm): Pad 1 [AX_CLK_N] of U6 on F.Cu
[unconnected_items]: Missing connection between items
    Local override; error
    @(53.7650 mm, 43.5000 mm): Pad 5 [AX_CLK_P] of D3 on F.Cu
    @(58.9750 mm, 84.3250 mm): Pad 15 [AX_CLK_P] of U3 on F.Cu
[unconnected_items]: Missing connection between items
    Local override; error
    @(63.6000 mm, 98.8500 mm): Pad 11 [AX_CLK_P] of J4 on F.Cu
    @(73.1400 mm, 92.3900 mm): Pad 1 [AX_CLK_P] of R58 on F.Cu
[unconnected_items]: Missing connection between items
    Local override; error
    @(69.6375 mm, 85.8750 mm): Pad 2 [AX_CLK_P] of U6 on F.Cu
    @(58.9750 mm, 84.3250 mm): Pad 15 [AX_CLK_P] of U3 on F.Cu
[unconnected_items]: Missing connection between items
    Local override; error
    @(73.1400 mm, 92.3900 mm): Pad 1 [AX_CLK_P] of R58 on F.Cu
    @(69.6375 mm, 85.8750 mm): Pad 2 [AX_CLK_P] of U6 on F.Cu
[unconnected_items]: Missing connection between items
    Local override; error
    @(58.3250 mm, 53.2000 mm): Pad 4 [AX_D0_N] of D4 on F.Cu
    @(58.9750 mm, 86.8650 mm): Pad 13 [AX_D0_N] of U3 on F.Cu
[unconnected_items]: Missing connection between items
    Local override; error
    @(69.6375 mm, 87.1750 mm): Pad 4 [AX_D0_N] of U6 on F.Cu
    @(58.9750 mm, 86.8650 mm): Pad 13 [AX_D0_N] of U3 on F.Cu
[unconnected_items]: Missing connection between items
    Local override; error
    @(69.6375 mm, 87.1750 mm): Pad 4 [AX_D0_N] of U6 on F.Cu
    @(64.4000 mm, 98.8500 mm): Pad 9 [AX_D0_N] of J4 on F.Cu
[unconnected_items]: Missing connection between items
    Local override; error
    @(76.4200 mm, 92.3900 mm): Pad 2 [AX_D0_N] of R59 on F.Cu
    @(69.6375 mm, 87.1750 mm): Pad 4 [AX_D0_N] of U6 on F.Cu
[unconnected_items]: Missing connection between items
    Local override; error
    @(58.3250 mm, 52.2000 mm): Pad 2 [AX_D0_P] of D4 on F.Cu
    @(58.9750 mm, 85.5950 mm): Pad 14 [AX_D0_P] of U3 on F.Cu
[unconnected_items]: Missing connection between items
    Local override; error
    @(64.8000 mm, 98.8500 mm): Pad 8 [AX_D0_P] of J4 on F.Cu
    @(75.4000 mm, 92.3900 mm): Pad 1 [AX_D0_P] of R59 on F.Cu
[unconnected_items]: Missing connection between items
    Local override; error
    @(69.6375 mm, 86.5250 mm): Pad 3 [AX_D0_P] of U6 on F.Cu
    @(58.9750 mm, 85.5950 mm): Pad 14 [AX_D0_P] of U3 on F.Cu
[unconnected_items]: Missing connection between items
    Local override; error
    @(75.4000 mm, 92.3900 mm): Pad 1 [AX_D0_P] of R59 on F.Cu
    @(69.6375 mm, 86.5250 mm): Pad 3 [AX_D0_P] of U6 on F.Cu
[unconnected_items]: Missing connection between items
    Local override; error
    @(65.6000 mm, 98.8500 mm): Pad 6 [AX_D1_N] of J4 on F.Cu
    @(69.6375 mm, 87.8250 mm): Pad 5 [AX_D1_N] of U6 on F.Cu
[unconnected_items]: Missing connection between items
    Local override; error
    @(66.4750 mm, 83.0550 mm): Pad 16 [AX_D1_N] of U4 on F.Cu
    @(67.0450 mm, 51.7000 mm): Pad 1 [AX_D1_N] of D5 on F.Cu
[unconnected_items]: Missing connection between items
    Local override; error
    @(69.6375 mm, 87.8250 mm): Pad 5 [AX_D1_N] of U6 on F.Cu
    @(66.4750 mm, 83.0550 mm): Pad 16 [AX_D1_N] of U4 on F.Cu
[unconnected_items]: Missing connection between items
    Local override; error
    @(78.6800 mm, 92.3900 mm): Pad 2 [AX_D1_N] of R60 on F.Cu
    @(69.6375 mm, 87.8250 mm): Pad 5 [AX_D1_N] of U6 on F.Cu
[unconnected_items]: Missing connection between items
    Local override; error
    @(66.0000 mm, 98.8500 mm): Pad 5 [AX_D1_P] of J4 on F.Cu
    @(69.6375 mm, 88.4750 mm): Pad 6 [AX_D1_P] of U6 on F.Cu
[unconnected_items]: Missing connection between items
    Local override; error
    @(66.4750 mm, 84.3250 mm): Pad 15 [AX_D1_P] of U4 on F.Cu
    @(58.3250 mm, 53.7000 mm): Pad 5 [AX_D1_P] of D4 on F.Cu
[unconnected_items]: Missing connection between items
    Local override; error
    @(69.6375 mm, 88.4750 mm): Pad 6 [AX_D1_P] of U6 on F.Cu
    @(66.4750 mm, 84.3250 mm): Pad 15 [AX_D1_P] of U4 on F.Cu
[unconnected_items]: Missing connection between items
    Local override; error
    @(77.6600 mm, 92.3900 mm): Pad 1 [AX_D1_P] of R60 on F.Cu
    @(69.6375 mm, 88.4750 mm): Pad 6 [AX_D1_P] of U6 on F.Cu
[unconnected_items]: Missing connection between items
    Local override; error
    @(66.8000 mm, 98.8500 mm): Pad 3 [AX_D2_N] of J4 on F.Cu
    @(69.6375 mm, 89.7750 mm): Pad 8 [AX_D2_N] of U6 on F.Cu
[unconnected_items]: Missing connection between items
    Local override; error
    @(67.0450 mm, 53.2000 mm): Pad 4 [AX_D2_N] of D5 on F.Cu
    @(66.4750 mm, 86.8650 mm): Pad 13 [AX_D2_N] of U4 on F.Cu
[unconnected_items]: Missing connection between items
    Local override; error
    @(69.6375 mm, 89.7750 mm): Pad 8 [AX_D2_N] of U6 on F.Cu
    @(66.4750 mm, 86.8650 mm): Pad 13 [AX_D2_N] of U4 on F.Cu
[unconnected_items]: Missing connection between items
    Local override; error
    @(80.9400 mm, 92.3900 mm): Pad 2 [AX_D2_N] of R61 on F.Cu
    @(69.6375 mm, 89.7750 mm): Pad 8 [AX_D2_N] of U6 on F.Cu
[unconnected_items]: Missing connection between items
    Local override; error
    @(67.0450 mm, 52.2000 mm): Pad 2 [AX_D2_P] of D5 on F.Cu
    @(66.4750 mm, 85.5950 mm): Pad 14 [AX_D2_P] of U4 on F.Cu
[unconnected_items]: Missing connection between items
    Local override; error
    @(67.2000 mm, 98.8500 mm): Pad 2 [AX_D2_P] of J4 on F.Cu
    @(69.6375 mm, 89.1250 mm): Pad 7 [AX_D2_P] of U6 on F.Cu
[unconnected_items]: Missing connection between items
    Local override; error
    @(69.6375 mm, 89.1250 mm): Pad 7 [AX_D2_P] of U6 on F.Cu
    @(66.4750 mm, 85.5950 mm): Pad 14 [AX_D2_P] of U4 on F.Cu
[unconnected_items]: Missing connection between items
    Local override; error
    @(79.9200 mm, 92.3900 mm): Pad 1 [AX_D2_P] of R61 on F.Cu
    @(69.6375 mm, 89.1250 mm): Pad 7 [AX_D2_P] of U6 on F.Cu
[unconnected_items]: Missing connection between items
    Local override; error
    @(60.4000 mm, 98.8500 mm): Pad 19 [AX_HPD] of J4 on F.Cu
    @(74.5500 mm, 70.6500 mm): Pad 1 [AX_HPD] of TP32 on F.Cu
[unconnected_items]: Missing connection between items
    Local override; error
    @(74.5500 mm, 70.6500 mm): Pad 1 [AX_HPD] of TP32 on F.Cu
    @(69.2650 mm, 51.7000 mm): Pad 1 [AX_HPD] of D6 on F.Cu
[unconnected_items]: Missing connection between items
    Local override; error
    @(62.0000 mm, 98.8500 mm): Pad 15 [AX_SLOW] of J4 on F.Cu
    @(80.3500 mm, 70.6500 mm): Pad 1 [AX_SLOW] of TP34 on F.Cu
[unconnected_items]: Missing connection between items
    Local override; error
    @(80.3500 mm, 70.6500 mm): Pad 1 [AX_SLOW] of TP34 on F.Cu
    @(67.0450 mm, 53.7000 mm): Pad 5 [AX_SLOW] of D5 on F.Cu
[unconnected_items]: Missing connection between items
    Local override; error
    @(74.3400 mm, 76.1800 mm): Pad 2 [CLKDIV_MID] of R3 on F.Cu
    @(75.5800 mm, 76.1800 mm): Pad 1 [CLKDIV_MID] of R4 on F.Cu
[unconnected_items]: Missing connection between items
    Local override; error
    @(43.5400 mm, 66.8200 mm): PTH pad 19 [DB1_3V3] of J1
    @(46.0800 mm, 66.8200 mm): PTH pad 20 [DB1_3V3] of J1
[unconnected_items]: Missing connection between items
    Local override; error
    @(46.0800 mm, 66.8200 mm): PTH pad 20 [DB1_3V3] of J1
    @(49.2900 mm, 95.0400 mm): Pad 1 [DB1_3V3] of C27 on F.Cu
[unconnected_items]: Missing connection between items
    Local override; error
    @(46.0800 mm, 66.8200 mm): PTH pad 20 [DB1_3V3] of J1
    @(77.4500 mm, 73.5500 mm): Pad 1 [DB1_3V3] of TP45 on F.Cu
[unconnected_items]: Missing connection between items
    Local override; error
    @(77.4500 mm, 73.5500 mm): Pad 1 [DB1_3V3] of TP45 on F.Cu
    @(85.0000 mm, 46.0000 mm): PTH pad 1 [DB1_3V3] of J6
[unconnected_items]: Missing connection between items
    Local override; error
    @(54.0250 mm, 84.3250 mm): Pad 2 [DRVI_AX_CLK] of U3 on F.Cu
    @(67.9800 mm, 78.0300 mm): Pad 2 [DRVI_AX_CLK] of R12 on F.Cu
[unconnected_items]: Missing connection between items
    Local override; error
    @(66.1750 mm, 43.1375 mm): Pad 13 [DRVI_AX_CLK] of U12 on F.Cu
    @(61.6500 mm, 64.5500 mm): Pad 1 [DRVI_AX_CLK] of TP19 on F.Cu
[unconnected_items]: Missing connection between items
    Local override; error
    @(67.9800 mm, 78.0300 mm): Pad 2 [DRVI_AX_CLK] of R12 on F.Cu
    @(61.6500 mm, 64.5500 mm): Pad 1 [DRVI_AX_CLK] of TP19 on F.Cu
[unconnected_items]: Missing connection between items
    Local override; error
    @(54.0250 mm, 85.5950 mm): Pad 3 [DRVI_AX_D0] of U3 on F.Cu
    @(70.2400 mm, 78.0300 mm): Pad 2 [DRVI_AX_D0] of R13 on F.Cu
[unconnected_items]: Missing connection between items
    Local override; error
    @(70.2400 mm, 78.0300 mm): Pad 2 [DRVI_AX_D0] of R13 on F.Cu
    @(66.8250 mm, 43.1375 mm): Pad 12 [DRVI_AX_D0] of U12 on F.Cu
[unconnected_items]: Missing connection between items
    Local override; error
    @(61.5250 mm, 84.3250 mm): Pad 2 [DRVI_AX_D1] of U4 on F.Cu
    @(72.5000 mm, 78.0300 mm): Pad 2 [DRVI_AX_D1] of R14 on F.Cu
[unconnected_items]: Missing connection between items
    Local override; error
    @(67.4750 mm, 43.1375 mm): Pad 11 [DRVI_AX_D1] of U12 on F.Cu
    @(64.5500 mm, 64.5500 mm): Pad 1 [DRVI_AX_D1] of TP20 on F.Cu
[unconnected_items]: Missing connection between items
    Local override; error
    @(72.5000 mm, 78.0300 mm): Pad 2 [DRVI_AX_D1] of R14 on F.Cu
    @(64.5500 mm, 64.5500 mm): Pad 1 [DRVI_AX_D1] of TP20 on F.Cu
[unconnected_items]: Missing connection between items
    Local override; error
    @(61.5250 mm, 85.5950 mm): Pad 3 [DRVI_AX_D2] of U4 on F.Cu
    @(74.7600 mm, 78.0300 mm): Pad 2 [DRVI_AX_D2] of R15 on F.Cu
[unconnected_items]: Missing connection between items
    Local override; error
    @(74.7600 mm, 78.0300 mm): Pad 2 [DRVI_AX_D2] of R15 on F.Cu
    @(68.1250 mm, 43.1375 mm): Pad 10 [DRVI_AX_D2] of U12 on F.Cu
[unconnected_items]: Missing connection between items
    Local override; error
    @(44.1250 mm, 84.3250 mm): Pad 2 [DRVI_O_CLK] of U2 on F.Cu
    @(58.9400 mm, 78.0300 mm): Pad 2 [DRVI_O_CLK] of R8 on F.Cu
[unconnected_items]: Missing connection between items
    Local override; error
    @(58.9400 mm, 78.0300 mm): Pad 2 [DRVI_O_CLK] of R8 on F.Cu
    @(58.7500 mm, 64.5500 mm): Pad 1 [DRVI_O_CLK] of TP18 on F.Cu
[unconnected_items]: Missing connection between items
    Local override; error
    @(59.6750 mm, 43.1375 mm): Pad 13 [DRVI_O_CLK] of U1 on F.Cu
    @(58.7500 mm, 64.5500 mm): Pad 1 [DRVI_O_CLK] of TP18 on F.Cu
[unconnected_items]: Missing connection between items
    Local override; error
    @(44.1250 mm, 85.5950 mm): Pad 3 [DRVI_O_D0] of U2 on F.Cu
    @(61.2000 mm, 78.0300 mm): Pad 2 [DRVI_O_D0] of R9 on F.Cu
[unconnected_items]: Missing connection between items
    Local override; error
    @(61.2000 mm, 78.0300 mm): Pad 2 [DRVI_O_D0] of R9 on F.Cu
    @(60.3250 mm, 43.1375 mm): Pad 12 [DRVI_O_D0] of U1 on F.Cu
[unconnected_items]: Missing connection between items
    Local override; error
    @(44.1250 mm, 89.4050 mm): Pad 6 [DRVI_O_D1] of U2 on F.Cu
    @(63.4600 mm, 78.0300 mm): Pad 2 [DRVI_O_D1] of R10 on F.Cu
[unconnected_items]: Missing connection between items
    Local override; error
    @(63.4600 mm, 78.0300 mm): Pad 2 [DRVI_O_D1] of R10 on F.Cu
    @(60.9750 mm, 43.1375 mm): Pad 11 [DRVI_O_D1] of U1 on F.Cu
[unconnected_items]: Missing connection between items
    Local override; error
    @(44.1250 mm, 90.6750 mm): Pad 7 [DRVI_O_D2] of U2 on F.Cu
    @(65.7200 mm, 78.0300 mm): Pad 2 [DRVI_O_D2] of R11 on F.Cu
[unconnected_items]: Missing connection between items
    Local override; error
    @(65.7200 mm, 78.0300 mm): Pad 2 [DRVI_O_D2] of R11 on F.Cu
    @(61.6250 mm, 43.1375 mm): Pad 10 [DRVI_O_D2] of U1 on F.Cu
[unconnected_items]: Missing connection between items
    Local override; error
    @(43.8800 mm, 78.0300 mm): Pad 1 [HL2_AX_G1CLK] of R4 on F.Cu
    @(47.1600 mm, 79.3700 mm): Pad 2 [HL2_AX_G1CLK] of R21 on F.Cu
[unconnected_items]: Missing connection between items
    Local override; error
    @(46.0800 mm, 49.0400 mm): PTH pad 6 [HL2_AX_G1CLK] of J1
    @(61.9500 mm, 58.7500 mm): Pad 1 [HL2_AX_G1CLK] of TP6 on F.Cu
[unconnected_items]: Missing connection between items
    Local override; error
    @(47.1600 mm, 79.3700 mm): Pad 2 [HL2_AX_G1CLK] of R21 on F.Cu
    @(66.9600 mm, 78.0300 mm): Pad 1 [HL2_AX_G1CLK] of R12 on F.Cu
[unconnected_items]: Missing connection between items
    Local override; error
    @(61.9500 mm, 58.7500 mm): Pad 1 [HL2_AX_G1CLK] of TP6 on F.Cu
    @(66.1750 mm, 48.8625 mm): Pad 4 [HL2_AX_G1CLK] of U12 on F.Cu
[unconnected_items]: Missing connection between items
    Local override; error
    @(66.9600 mm, 78.0300 mm): Pad 1 [HL2_AX_G1CLK] of R12 on F.Cu
    @(61.9500 mm, 58.7500 mm): Pad 1 [HL2_AX_G1CLK] of TP6 on F.Cu
[unconnected_items]: Missing connection between items
    Local override; error
    @(46.1400 mm, 78.0300 mm): Pad 1 [HL2_AX_G1DAT] of R5 on F.Cu
    @(49.4200 mm, 79.3700 mm): Pad 2 [HL2_AX_G1DAT] of R22 on F.Cu
[unconnected_items]: Missing connection between items
    Local override; error
    @(49.4200 mm, 79.3700 mm): Pad 2 [HL2_AX_G1DAT] of R22 on F.Cu
    @(69.2200 mm, 78.0300 mm): Pad 1 [HL2_AX_G1DAT] of R13 on F.Cu
[unconnected_items]: Missing connection between items
    Local override; error
    @(55.5400 mm, 53.4600 mm): PTH pad 2 [HL2_AX_G1DAT] of J2
    @(64.8500 mm, 58.7500 mm): Pad 1 [HL2_AX_G1DAT] of TP7 on F.Cu
[unconnected_items]: Missing connection between items
    Local override; error
    @(64.8500 mm, 58.7500 mm): Pad 1 [HL2_AX_G1DAT] of TP7 on F.Cu
    @(66.8250 mm, 48.8625 mm): Pad 5 [HL2_AX_G1DAT] of U12 on F.Cu
[unconnected_items]: Missing connection between items
    Local override; error
    @(69.2200 mm, 78.0300 mm): Pad 1 [HL2_AX_G1DAT] of R13 on F.Cu
    @(64.8500 mm, 58.7500 mm): Pad 1 [HL2_AX_G1DAT] of TP7 on F.Cu
[unconnected_items]: Missing connection between items
    Local override; error
    @(53.4000 mm, 78.0300 mm): Pad 1 [HL2_AX_G2CLK] of R6 on F.Cu
    @(51.6800 mm, 79.3700 mm): Pad 2 [HL2_AX_G2CLK] of R23 on F.Cu
[unconnected_items]: Missing connection between items
    Local override; error
    @(67.7500 mm, 58.7500 mm): Pad 1 [HL2_AX_G2CLK] of TP8 on F.Cu
    @(67.4750 mm, 48.8625 mm): Pad 6 [HL2_AX_G2CLK] of U12 on F.Cu
[unconnected_items]: Missing connection between items
    Local override; error
    @(67.7500 mm, 58.7500 mm): Pad 1 [HL2_AX_G2CLK] of TP8 on F.Cu
    @(69.8200 mm, 76.1800 mm): Pad 2 [HL2_AX_G2CLK] of R1 on F.Cu
[unconnected_items]: Missing connection between items
    Local override; error
    @(69.8200 mm, 76.1800 mm): Pad 2 [HL2_AX_G2CLK] of R1 on F.Cu
    @(71.4800 mm, 78.0300 mm): Pad 1 [HL2_AX_G2CLK] of R14 on F.Cu
[unconnected_items]: Missing connection between items
    Local override; error
    @(69.8200 mm, 76.1800 mm): Pad 2 [HL2_AX_G2CLK] of R1 on F.Cu
    @(53.4000 mm, 78.0300 mm): Pad 1 [HL2_AX_G2CLK] of R6 on F.Cu
[unconnected_items]: Missing connection between items
    Local override; error
    @(43.5400 mm, 43.9600 mm): PTH pad 1 [HL2_AX_G2CLK_HDR] of J1
    @(68.8000 mm, 76.1800 mm): Pad 1 [HL2_AX_G2CLK_HDR] of R1 on F.Cu
[unconnected_items]: Missing connection between items
    Local override; error
    @(53.9400 mm, 79.3700 mm): Pad 2 [HL2_AX_G2DAT] of R24 on F.Cu
    @(55.6600 mm, 78.0300 mm): Pad 1 [HL2_AX_G2DAT] of R7 on F.Cu
[unconnected_items]: Missing connection between items
    Local override; error
    @(68.1250 mm, 48.8625 mm): Pad 7 [HL2_AX_G2DAT] of U12 on F.Cu
    @(46.0800 mm, 46.5000 mm): PTH pad 4 [HL2_AX_G2DAT] of J1
[unconnected_items]: Missing connection between items
    Local override; error
    @(70.6500 mm, 58.7500 mm): Pad 1 [HL2_AX_G2DAT] of TP9 on F.Cu
    @(68.1250 mm, 48.8625 mm): Pad 7 [HL2_AX_G2DAT] of U12 on F.Cu
[unconnected_items]: Missing connection between items
    Local override; error
    @(73.7400 mm, 78.0300 mm): Pad 1 [HL2_AX_G2DAT] of R15 on F.Cu
    @(55.6600 mm, 78.0300 mm): Pad 1 [HL2_AX_G2DAT] of R7 on F.Cu
[unconnected_items]: Missing connection between items
    Local override; error
    @(73.7400 mm, 78.0300 mm): Pad 1 [HL2_AX_G2DAT] of R15 on F.Cu
    @(70.6500 mm, 58.7500 mm): Pad 1 [HL2_AX_G2DAT] of TP9 on F.Cu
[unconnected_items]: Missing connection between items
    Local override; error
    @(57.9200 mm, 78.0300 mm): Pad 1 [HL2_CLK] of R8 on F.Cu
    @(72.0800 mm, 76.1800 mm): Pad 2 [HL2_CLK] of R2 on F.Cu
[unconnected_items]: Missing connection between items
    Local override; error
    @(67.9500 mm, 55.8500 mm): Pad 1 [HL2_CLK] of TP2 on F.Cu
    @(59.6750 mm, 48.8625 mm): Pad 4 [HL2_CLK] of U1 on F.Cu
[unconnected_items]: Missing connection between items
    Local override; error
    @(72.0800 mm, 76.1800 mm): Pad 2 [HL2_CLK] of R2 on F.Cu
    @(67.9500 mm, 55.8500 mm): Pad 1 [HL2_CLK] of TP2 on F.Cu
[unconnected_items]: Missing connection between items
    Local override; error
    @(73.3200 mm, 76.1800 mm): Pad 1 [HL2_CLK] of R3 on F.Cu
    @(72.0800 mm, 76.1800 mm): Pad 2 [HL2_CLK] of R2 on F.Cu
[unconnected_items]: Missing connection between items
    Local override; error
    @(59.0500 mm, 55.8500 mm): Pad 1 [HL2_CLK_RAW] of TP1 on F.Cu
    @(43.5400 mm, 54.1200 mm): PTH pad 9 [HL2_CLK_RAW] of J1
[unconnected_items]: Missing connection between items
    Local override; error
    @(71.0600 mm, 76.1800 mm): Pad 1 [HL2_CLK_RAW] of R2 on F.Cu
    @(59.0500 mm, 55.8500 mm): Pad 1 [HL2_CLK_RAW] of TP1 on F.Cu
[unconnected_items]: Missing connection between items
    Local override; error
    @(55.5400 mm, 58.5400 mm): PTH pad 6 [HL2_INCLK] of J2
    @(42.6400 mm, 79.3700 mm): Pad 2 [HL2_INCLK] of R19 on F.Cu
[unconnected_items]: Missing connection between items
    Local override; error
    @(70.6500 mm, 61.6500 mm): Pad 1 [HL2_INCLK] of TP14 on F.Cu
    @(55.5400 mm, 58.5400 mm): PTH pad 6 [HL2_INCLK] of J2
[unconnected_items]: Missing connection between items
    Local override; error
    @(61.9500 mm, 61.6500 mm): Pad 1 [HL2_I_D0] of TP11 on F.Cu
    @(43.5400 mm, 56.6600 mm): PTH pad 11 [HL2_I_D0] of J1
[unconnected_items]: Missing connection between items
    Local override; error
    @(77.0200 mm, 78.0300 mm): Pad 2 [HL2_I_D0] of R16 on F.Cu
    @(61.9500 mm, 61.6500 mm): Pad 1 [HL2_I_D0] of TP11 on F.Cu
[unconnected_items]: Missing connection between items
    Local override; error
    @(64.8500 mm, 61.6500 mm): Pad 1 [HL2_I_D1] of TP12 on F.Cu
    @(43.5400 mm, 61.7400 mm): PTH pad 15 [HL2_I_D1] of J1
[unconnected_items]: Missing connection between items
    Local override; error
    @(79.2800 mm, 78.0300 mm): Pad 2 [HL2_I_D1] of R17 on F.Cu
    @(64.8500 mm, 61.6500 mm): Pad 1 [HL2_I_D1] of TP12 on F.Cu
[unconnected_items]: Missing connection between items
    Local override; error
    @(67.7500 mm, 61.6500 mm): Pad 1 [HL2_I_D2] of TP13 on F.Cu
    @(43.5400 mm, 64.2800 mm): PTH pad 17 [HL2_I_D2] of J1
[unconnected_items]: Missing connection between items
    Local override; error
    @(81.5400 mm, 78.0300 mm): Pad 2 [HL2_I_D2] of R18 on F.Cu
    @(67.7500 mm, 61.6500 mm): Pad 1 [HL2_I_D2] of TP13 on F.Cu
[unconnected_items]: Missing connection between items
    Local override; error
    @(60.1800 mm, 78.0300 mm): Pad 1 [HL2_O_D0] of R9 on F.Cu
    @(77.8400 mm, 76.1800 mm): Pad 1 [HL2_O_D0] of R1 on F.Cu
[unconnected_items]: Missing connection between items
    Local override; error
    @(60.3250 mm, 48.8625 mm): Pad 5 [HL2_O_D0] of U1 on F.Cu
    @(46.0800 mm, 43.9600 mm): PTH pad 2 [HL2_O_D0] of J1
[unconnected_items]: Missing connection between items
    Local override; error
    @(70.8500 mm, 55.8500 mm): Pad 1 [HL2_O_D0] of TP3 on F.Cu
    @(60.3250 mm, 48.8625 mm): Pad 5 [HL2_O_D0] of U1 on F.Cu
[unconnected_items]: Missing connection between items
    Local override; error
    @(77.8400 mm, 76.1800 mm): Pad 1 [HL2_O_D0] of R1 on F.Cu
    @(70.8500 mm, 55.8500 mm): Pad 1 [HL2_O_D0] of TP3 on F.Cu
[unconnected_items]: Missing connection between items
    Local override; error
    @(60.9750 mm, 48.8625 mm): Pad 6 [HL2_O_D1] of U1 on F.Cu
    @(43.5400 mm, 46.5000 mm): PTH pad 3 [HL2_O_D1] of J1
[unconnected_items]: Missing connection between items
    Local override; error
    @(62.4400 mm, 78.0300 mm): Pad 1 [HL2_O_D1] of R10 on F.Cu
    @(80.1000 mm, 76.1800 mm): Pad 1 [HL2_O_D1] of R2 on F.Cu
[unconnected_items]: Missing connection between items
    Local override; error
    @(73.7500 mm, 55.8500 mm): Pad 1 [HL2_O_D1] of TP4 on F.Cu
    @(60.9750 mm, 48.8625 mm): Pad 6 [HL2_O_D1] of U1 on F.Cu
[unconnected_items]: Missing connection between items
    Local override; error
    @(80.1000 mm, 76.1800 mm): Pad 1 [HL2_O_D1] of R2 on F.Cu
    @(73.7500 mm, 55.8500 mm): Pad 1 [HL2_O_D1] of TP4 on F.Cu
[unconnected_items]: Missing connection between items
    Local override; error
    @(41.6200 mm, 78.0300 mm): Pad 1 [HL2_O_D2] of R3 on F.Cu
    @(64.7000 mm, 78.0300 mm): Pad 1 [HL2_O_D2] of R11 on F.Cu
[unconnected_items]: Missing connection between items
    Local override; error
    @(59.0500 mm, 58.7500 mm): Pad 1 [HL2_O_D2] of TP5 on F.Cu
    @(61.6250 mm, 48.8625 mm): Pad 7 [HL2_O_D2] of U1 on F.Cu
[unconnected_items]: Missing connection between items
    Local override; error
    @(61.6250 mm, 48.8625 mm): Pad 7 [HL2_O_D2] of U1 on F.Cu
    @(43.5400 mm, 49.0400 mm): PTH pad 5 [HL2_O_D2] of J1
[unconnected_items]: Missing connection between items
    Local override; error
    @(64.7000 mm, 78.0300 mm): Pad 1 [HL2_O_D2] of R11 on F.Cu
    @(59.0500 mm, 58.7500 mm): Pad 1 [HL2_O_D2] of TP5 on F.Cu
[unconnected_items]: Missing connection between items
    Local override; error
    @(50.0500 mm, 64.5500 mm): Pad 1 [HL2_ROLE_IN] of TP15 on F.Cu
    @(44.9000 mm, 79.3700 mm): Pad 2 [HL2_ROLE_IN] of R20 on F.Cu
[unconnected_items]: Missing connection between items
    Local override; error
    @(53.0000 mm, 58.5400 mm): PTH pad 5 [HL2_ROLE_IN] of J2
    @(50.0500 mm, 64.5500 mm): Pad 1 [HL2_ROLE_IN] of TP15 on F.Cu
[unconnected_items]: Missing connection between items
    Local override; error
    @(55.1800 mm, 79.3700 mm): Pad 1 [HL2_SLOW_OUT] of R25 on F.Cu
    @(59.0500 mm, 61.6500 mm): Pad 1 [HL2_SLOW_OUT] of TP10 on F.Cu
[unconnected_items]: Missing connection between items
    Local override; error
    @(59.0500 mm, 61.6500 mm): Pad 1 [HL2_SLOW_OUT] of TP10 on F.Cu
    @(53.0000 mm, 53.4600 mm): PTH pad 1 [HL2_SLOW_OUT] of J2
[unconnected_items]: Missing connection between items
    Local override; error
    @(57.1500 mm, 73.5500 mm): Pad 1 [I_5V_PIN] of TP38 on F.Cu
    @(68.7400 mm, 79.3700 mm): Pad 1 [I_5V_PIN] of R31 on F.Cu
[unconnected_items]: Missing connection between items
    Local override; error
    @(68.7400 mm, 79.3700 mm): Pad 1 [I_5V_PIN] of R31 on F.Cu
    @(80.9250 mm, 51.7000 mm): Pad 1 [I_5V_PIN] of D9 on F.Cu
[unconnected_items]: Missing connection between items
    Local override; error
    @(78.2000 mm, 98.8500 mm): Pad 18 [I_5V_PIN] of J5 on F.Cu
    @(68.7400 mm, 79.3700 mm): Pad 1 [I_5V_PIN] of R31 on F.Cu
[unconnected_items]: Missing connection between items
    Local override; error
    @(69.2650 mm, 53.7000 mm): Pad 5 [I_CLK_N] of D6 on F.Cu
    @(75.5200 mm, 79.3700 mm): Pad 1 [I_CLK_N] of R37 on F.Cu
[unconnected_items]: Missing connection between items
    Local override; error
    @(80.6000 mm, 98.8500 mm): Pad 12 [I_CLK_N] of J5 on F.Cu
    @(84.4100 mm, 92.3900 mm): Pad 1 [I_CLK_N] of C2 on F.Cu
[unconnected_items]: Missing connection between items
    Local override; error
    @(84.4100 mm, 92.3900 mm): Pad 1 [I_CLK_N] of C2 on F.Cu
    @(75.5200 mm, 79.3700 mm): Pad 1 [I_CLK_N] of R37 on F.Cu
[unconnected_items]: Missing connection between items
    Local override; error
    @(69.2650 mm, 53.2000 mm): Pad 4 [I_CLK_P] of D6 on F.Cu
    @(73.2600 mm, 79.3700 mm): Pad 1 [I_CLK_P] of R36 on F.Cu
[unconnected_items]: Missing connection between items
    Local override; error
    @(81.0000 mm, 98.8500 mm): Pad 11 [I_CLK_P] of J5 on F.Cu
    @(82.1900 mm, 92.3900 mm): Pad 1 [I_CLK_P] of C1 on F.Cu
[unconnected_items]: Missing connection between items
    Local override; error
    @(82.1900 mm, 92.3900 mm): Pad 1 [I_CLK_P] of C1 on F.Cu
    @(73.2600 mm, 79.3700 mm): Pad 1 [I_CLK_P] of R36 on F.Cu
[unconnected_items]: Missing connection between items
    Local override; error
    @(76.5400 mm, 79.3700 mm): Pad 2 [I_CLK_RX_N] of R37 on F.Cu
    @(69.6400 mm, 81.6700 mm): Pad 2 [I_CLK_RX_N] of R40 on F.Cu
[unconnected_items]: Missing connection between items
    Local override; error
    @(78.5375 mm, 85.2250 mm): Pad 1 [I_CLK_RX_N] of U5 on F.Cu
    @(78.8000 mm, 79.3700 mm): Pad 2 [I_CLK_RX_N] of R38 on F.Cu
[unconnected_items]: Missing connection between items
    Local override; error
    @(78.8000 mm, 79.3700 mm): Pad 2 [I_CLK_RX_N] of R38 on F.Cu
    @(76.5400 mm, 79.3700 mm): Pad 2 [I_CLK_RX_N] of R37 on F.Cu
[unconnected_items]: Missing connection between items
    Local override; error
    @(85.3700 mm, 92.3900 mm): Pad 2 [I_CLK_RX_N] of C2 on F.Cu
    @(78.5375 mm, 85.2250 mm): Pad 1 [I_CLK_RX_N] of U5 on F.Cu
[unconnected_items]: Missing connection between items
    Local override; error
    @(77.7800 mm, 79.3700 mm): Pad 1 [I_CLK_RX_P] of R38 on F.Cu
    @(74.2800 mm, 79.3700 mm): Pad 2 [I_CLK_RX_P] of R36 on F.Cu
[unconnected_items]: Missing connection between items
    Local override; error
    @(77.7800 mm, 79.3700 mm): Pad 1 [I_CLK_RX_P] of R38 on F.Cu
    @(78.5375 mm, 85.8750 mm): Pad 2 [I_CLK_RX_P] of U5 on F.Cu
[unconnected_items]: Missing connection between items
    Local override; error
    @(78.5375 mm, 85.8750 mm): Pad 2 [I_CLK_RX_P] of U5 on F.Cu
    @(83.1500 mm, 92.3900 mm): Pad 2 [I_CLK_RX_P] of C1 on F.Cu
[unconnected_items]: Missing connection between items
    Local override; error
    @(81.0600 mm, 79.3700 mm): Pad 2 [I_CLK_RX_P] of R39 on F.Cu
    @(77.7800 mm, 79.3700 mm): Pad 1 [I_CLK_RX_P] of R38 on F.Cu
[unconnected_items]: Missing connection between items
    Local override; error
    @(73.1400 mm, 81.6700 mm): Pad 1 [I_D0_N] of R42 on F.Cu
    @(71.4850 mm, 52.2000 mm): Pad 2 [I_D0_N] of D7 on F.Cu
[unconnected_items]: Missing connection between items
    Local override; error
    @(73.1400 mm, 81.6700 mm): Pad 1 [I_D0_N] of R42 on F.Cu
    @(44.3500 mm, 93.7200 mm): Pad 1 [I_D0_N] of C4 on F.Cu
[unconnected_items]: Missing connection between items
    Local override; error
    @(81.8000 mm, 98.8500 mm): Pad 9 [I_D0_N] of J5 on F.Cu
    @(73.1400 mm, 81.6700 mm): Pad 1 [I_D0_N] of R42 on F.Cu
[unconnected_items]: Missing connection between items
    Local override; error
    @(70.8800 mm, 81.6700 mm): Pad 1 [I_D0_P] of R41 on F.Cu
    @(41.6300 mm, 93.7200 mm): Pad 1 [I_D0_P] of C3 on F.Cu
[unconnected_items]: Missing connection between items
    Local override; error
    @(71.4850 mm, 51.7000 mm): Pad 1 [I_D0_P] of D7 on F.Cu
    @(70.8800 mm, 81.6700 mm): Pad 1 [I_D0_P] of R41 on F.Cu
[unconnected_items]: Missing connection between items
    Local override; error
    @(82.2000 mm, 98.8500 mm): Pad 8 [I_D0_P] of J5 on F.Cu
    @(70.8800 mm, 81.6700 mm): Pad 1 [I_D0_P] of R41 on F.Cu
[unconnected_items]: Missing connection between items
    Local override; error
    @(74.1600 mm, 81.6700 mm): Pad 2 [I_D0_RX_N] of R42 on F.Cu
    @(45.3100 mm, 93.7200 mm): Pad 2 [I_D0_RX_N] of C4 on F.Cu
[unconnected_items]: Missing connection between items
    Local override; error
    @(76.4200 mm, 81.6700 mm): Pad 2 [I_D0_RX_N] of R43 on F.Cu
    @(74.1600 mm, 81.6700 mm): Pad 2 [I_D0_RX_N] of R42 on F.Cu
[unconnected_items]: Missing connection between items
    Local override; error
    @(78.5375 mm, 87.1750 mm): Pad 4 [I_D0_RX_N] of U5 on F.Cu
    @(76.4200 mm, 81.6700 mm): Pad 2 [I_D0_RX_N] of R43 on F.Cu
[unconnected_items]: Missing connection between items
    Local override; error
    @(80.9400 mm, 81.6700 mm): Pad 2 [I_D0_RX_N] of R45 on F.Cu
    @(76.4200 mm, 81.6700 mm): Pad 2 [I_D0_RX_N] of R43 on F.Cu
[unconnected_items]: Missing connection between items
    Local override; error
    @(71.9000 mm, 81.6700 mm): Pad 2 [I_D0_RX_P] of R41 on F.Cu
    @(42.5900 mm, 93.7200 mm): Pad 2 [I_D0_RX_P] of C3 on F.Cu
[unconnected_items]: Missing connection between items
    Local override; error
    @(75.4000 mm, 81.6700 mm): Pad 1 [I_D0_RX_P] of R43 on F.Cu
    @(71.9000 mm, 81.6700 mm): Pad 2 [I_D0_RX_P] of R41 on F.Cu
[unconnected_items]: Missing connection between items
    Local override; error
    @(78.5375 mm, 86.5250 mm): Pad 3 [I_D0_RX_P] of U5 on F.Cu
    @(78.6800 mm, 81.6700 mm): Pad 2 [I_D0_RX_P] of R44 on F.Cu
[unconnected_items]: Missing connection between items
    Local override; error
    @(78.6800 mm, 81.6700 mm): Pad 2 [I_D0_RX_P] of R44 on F.Cu
    @(75.4000 mm, 81.6700 mm): Pad 1 [I_D0_RX_P] of R43 on F.Cu
[unconnected_items]: Missing connection between items
    Local override; error
    @(49.2900 mm, 93.7200 mm): Pad 1 [I_D1_N] of C6 on F.Cu
    @(83.0000 mm, 98.8500 mm): Pad 6 [I_D1_N] of J5 on F.Cu
[unconnected_items]: Missing connection between items
    Local override; error
    @(83.0000 mm, 98.8500 mm): Pad 6 [I_D1_N] of J5 on F.Cu
    @(84.4400 mm, 81.6700 mm): Pad 1 [I_D1_N] of R47 on F.Cu
[unconnected_items]: Missing connection between items
    Local override; error
    @(84.4400 mm, 81.6700 mm): Pad 1 [I_D1_N] of R47 on F.Cu
    @(71.4850 mm, 53.7000 mm): Pad 5 [I_D1_N] of D7 on F.Cu
[unconnected_items]: Missing connection between items
    Local override; error
    @(46.5700 mm, 93.7200 mm): Pad 1 [I_D1_P] of C5 on F.Cu
    @(83.4000 mm, 98.8500 mm): Pad 5 [I_D1_P] of J5 on F.Cu
[unconnected_items]: Missing connection between items
    Local override; error
    @(82.1800 mm, 81.6700 mm): Pad 1 [I_D1_P] of R46 on F.Cu
    @(71.4850 mm, 53.2000 mm): Pad 4 [I_D1_P] of D7 on F.Cu
[unconnected_items]: Missing connection between items
    Local override; error
    @(83.4000 mm, 98.8500 mm): Pad 5 [I_D1_P] of J5 on F.Cu
    @(82.1800 mm, 81.6700 mm): Pad 1 [I_D1_P] of R46 on F.Cu
[unconnected_items]: Missing connection between items
    Local override; error
    @(69.6400 mm, 83.0100 mm): Pad 2 [I_D1_RX_N] of R48 on F.Cu
    @(50.2500 mm, 93.7200 mm): Pad 2 [I_D1_RX_N] of C6 on F.Cu
[unconnected_items]: Missing connection between items
    Local override; error
    @(74.1600 mm, 83.0100 mm): Pad 2 [I_D1_RX_N] of R50 on F.Cu
    @(69.6400 mm, 83.0100 mm): Pad 2 [I_D1_RX_N] of R48 on F.Cu
[unconnected_items]: Missing connection between items
    Local override; error
    @(78.5375 mm, 87.8250 mm): Pad 5 [I_D1_RX_N] of U5 on F.Cu
    @(74.1600 mm, 83.0100 mm): Pad 2 [I_D1_RX_N] of R50 on F.Cu
[unconnected_items]: Missing connection between items
    Local override; error
    @(78.5375 mm, 87.8250 mm): Pad 5 [I_D1_RX_N] of U5 on F.Cu
    @(85.4600 mm, 81.6700 mm): Pad 2 [I_D1_RX_N] of R47 on F.Cu
[unconnected_items]: Missing connection between items
    Local override; error
    @(68.6200 mm, 83.0100 mm): Pad 1 [I_D1_RX_P] of R48 on F.Cu
    @(47.5300 mm, 93.7200 mm): Pad 2 [I_D1_RX_P] of C5 on F.Cu
[unconnected_items]: Missing connection between items
    Local override; error
    @(71.9000 mm, 83.0100 mm): Pad 2 [I_D1_RX_P] of R49 on F.Cu
    @(68.6200 mm, 83.0100 mm): Pad 1 [I_D1_RX_P] of R48 on F.Cu
[unconnected_items]: Missing connection between items
    Local override; error
    @(78.5375 mm, 88.4750 mm): Pad 6 [I_D1_RX_P] of U5 on F.Cu
    @(83.2000 mm, 81.6700 mm): Pad 2 [I_D1_RX_P] of R46 on F.Cu
[unconnected_items]: Missing connection between items
    Local override; error
    @(78.5375 mm, 88.4750 mm): Pad 6 [I_D1_RX_P] of U5 on F.Cu
    @(71.9000 mm, 83.0100 mm): Pad 2 [I_D1_RX_P] of R49 on F.Cu
[unconnected_items]: Missing connection between items
    Local override; error
    @(77.6600 mm, 83.0100 mm): Pad 1 [I_D2_N] of R52 on F.Cu
    @(53.7300 mm, 93.7200 mm): Pad 1 [I_D2_N] of C8 on F.Cu
[unconnected_items]: Missing connection between items
    Local override; error
    @(77.6600 mm, 83.0100 mm): Pad 1 [I_D2_N] of R52 on F.Cu
    @(73.7050 mm, 52.2000 mm): Pad 2 [I_D2_N] of D8 on F.Cu
[unconnected_items]: Missing connection between items
    Local override; error
    @(84.2000 mm, 98.8500 mm): Pad 3 [I_D2_N] of J5 on F.Cu
    @(77.6600 mm, 83.0100 mm): Pad 1 [I_D2_N] of R52 on F.Cu
[unconnected_items]: Missing connection between items
    Local override; error
    @(75.4000 mm, 83.0100 mm): Pad 1 [I_D2_P] of R51 on F.Cu
    @(51.5100 mm, 93.7200 mm): Pad 1 [I_D2_P] of C7 on F.Cu
[unconnected_items]: Missing connection between items
    Local override; error
    @(75.4000 mm, 83.0100 mm): Pad 1 [I_D2_P] of R51 on F.Cu
    @(73.7050 mm, 51.7000 mm): Pad 1 [I_D2_P] of D8 on F.Cu
[unconnected_items]: Missing connection between items
    Local override; error
    @(84.6000 mm, 98.8500 mm): Pad 2 [I_D2_P] of J5 on F.Cu
    @(75.4000 mm, 83.0100 mm): Pad 1 [I_D2_P] of R51 on F.Cu
[unconnected_items]: Missing connection between items
    Local override; error
    @(54.6900 mm, 93.7200 mm): Pad 2 [I_D2_RX_N] of C8 on F.Cu
    @(78.5375 mm, 89.7750 mm): Pad 8 [I_D2_RX_N] of U5 on F.Cu
[unconnected_items]: Missing connection between items
    Local override; error
    @(78.6800 mm, 83.0100 mm): Pad 2 [I_D2_RX_N] of R52 on F.Cu
    @(78.5375 mm, 89.7750 mm): Pad 8 [I_D2_RX_N] of U5 on F.Cu
[unconnected_items]: Missing connection between items
    Local override; error
    @(80.9400 mm, 83.0100 mm): Pad 2 [I_D2_RX_N] of R53 on F.Cu
    @(78.6800 mm, 83.0100 mm): Pad 2 [I_D2_RX_N] of R52 on F.Cu
[unconnected_items]: Missing connection between items
    Local override; error
    @(85.4600 mm, 83.0100 mm): Pad 2 [I_D2_RX_N] of R55 on F.Cu
    @(80.9400 mm, 83.0100 mm): Pad 2 [I_D2_RX_N] of R53 on F.Cu
[unconnected_items]: Missing connection between items
    Local override; error
    @(76.4200 mm, 83.0100 mm): Pad 2 [I_D2_RX_P] of R51 on F.Cu
    @(52.4700 mm, 93.7200 mm): Pad 2 [I_D2_RX_P] of C7 on F.Cu
[unconnected_items]: Missing connection between items
    Local override; error
    @(78.5375 mm, 89.1250 mm): Pad 7 [I_D2_RX_P] of U5 on F.Cu
    @(79.9200 mm, 83.0100 mm): Pad 1 [I_D2_RX_P] of R53 on F.Cu
[unconnected_items]: Missing connection between items
    Local override; error
    @(79.9200 mm, 83.0100 mm): Pad 1 [I_D2_RX_P] of R53 on F.Cu
    @(76.4200 mm, 83.0100 mm): Pad 2 [I_D2_RX_P] of R51 on F.Cu
[unconnected_items]: Missing connection between items
    Local override; error
    @(83.2000 mm, 83.0100 mm): Pad 2 [I_D2_RX_P] of R54 on F.Cu
    @(79.9200 mm, 83.0100 mm): Pad 1 [I_D2_RX_P] of R53 on F.Cu
[unconnected_items]: Missing connection between items
    Local override; error
    @(59.7000 mm, 79.3700 mm): Pad 1 [I_HPD] of R27 on F.Cu
    @(77.4500 mm, 70.6500 mm): Pad 1 [I_HPD] of TP33 on F.Cu
[unconnected_items]: Missing connection between items
    Local override; error
    @(59.7000 mm, 79.3700 mm): Pad 1 [I_HPD] of R27 on F.Cu
    @(77.8000 mm, 98.8500 mm): Pad 19 [I_HPD] of J5 on F.Cu
[unconnected_items]: Missing connection between items
    Local override; error
    @(77.4500 mm, 70.6500 mm): Pad 1 [I_HPD] of TP33 on F.Cu
    @(85.0000 mm, 60.0800 mm): PTH pad 3 [I_HPD] of J7
[unconnected_items]: Missing connection between items
    Local override; error
    @(85.0000 mm, 60.0800 mm): PTH pad 3 [I_HPD] of J7
    @(73.7050 mm, 53.7000 mm): Pad 5 [I_HPD] of D8 on F.Cu
[unconnected_items]: Missing connection between items
    Local override; error
    @(42.4500 mm, 73.5500 mm): Pad 1 [I_SLOW] of TP35 on F.Cu
    @(79.4000 mm, 98.8500 mm): Pad 15 [I_SLOW] of J5 on F.Cu
[unconnected_items]: Missing connection between items
    Local override; error
    @(73.7050 mm, 53.2000 mm): Pad 4 [I_SLOW] of D8 on F.Cu
    @(42.4500 mm, 73.5500 mm): Pad 1 [I_SLOW] of TP35 on F.Cu
[unconnected_items]: Missing connection between items
    Local override; error
    @(74.3500 mm, 61.5000 mm): Pad 2 [LDO3V3] of U10 on F.Cu
    @(80.6500 mm, 61.5000 mm): Pad 2 [LDO3V3] of U10 on F.Cu
[unconnected_items]: Missing connection between items
    Local override; error
    @(74.3500 mm, 61.5000 mm): Pad 2 [LDO3V3] of U10 on F.Cu
    @(54.0500 mm, 76.1800 mm): Pad 1 [LDO3V3] of C29 on F.Cu
[unconnected_items]: Missing connection between items
    Local override; error
    @(80.6500 mm, 61.5000 mm): Pad 2 [LDO3V3] of U10 on F.Cu
    @(85.0000 mm, 51.0800 mm): PTH pad 3 [LDO3V3] of J6
[unconnected_items]: Missing connection between items
    Local override; error
    @(45.8500 mm, 73.5500 mm): Pad 1 [O_5V_PIN] of TP36 on F.Cu
    @(43.4000 mm, 98.8500 mm): Pad 18 [O_5V_PIN] of J3 on F.Cu
[unconnected_items]: Missing connection between items
    Local override; error
    @(53.7650 mm, 43.0000 mm): Pad 4 [O_5V_PIN] of D3 on F.Cu
    @(45.8500 mm, 73.5500 mm): Pad 1 [O_5V_PIN] of TP36 on F.Cu
[unconnected_items]: Missing connection between items
    Local override; error
    @(45.8000 mm, 98.8500 mm): Pad 12 [O_CLK_N] of J3 on F.Cu
    @(49.0750 mm, 83.0550 mm): Pad 16 [O_CLK_N] of U2 on F.Cu
[unconnected_items]: Missing connection between items
    Local override; error
    @(49.0750 mm, 83.0550 mm): Pad 16 [O_CLK_N] of U2 on F.Cu
    @(49.3250 mm, 42.0000 mm): Pad 2 [O_CLK_N] of D1 on F.Cu
[unconnected_items]: Missing connection between items
    Local override; error
    @(46.2000 mm, 98.8500 mm): Pad 11 [O_CLK_P] of J3 on F.Cu
    @(49.0750 mm, 84.3250 mm): Pad 15 [O_CLK_P] of U2 on F.Cu
[unconnected_items]: Missing connection between items
    Local override; error
    @(49.0750 mm, 84.3250 mm): Pad 15 [O_CLK_P] of U2 on F.Cu
    @(49.3250 mm, 41.5000 mm): Pad 1 [O_CLK_P] of D1 on F.Cu
[unconnected_items]: Missing connection between items
    Local override; error
    @(47.0000 mm, 98.8500 mm): Pad 9 [O_D0_N] of J3 on F.Cu
    @(49.0750 mm, 86.8650 mm): Pad 13 [O_D0_N] of U2 on F.Cu
[unconnected_items]: Missing connection between items
    Local override; error
    @(49.0750 mm, 86.8650 mm): Pad 13 [O_D0_N] of U2 on F.Cu
    @(49.3250 mm, 43.5000 mm): Pad 5 [O_D0_N] of D1 on F.Cu
[unconnected_items]: Missing connection between items
    Local override; error
    @(47.4000 mm, 98.8500 mm): Pad 8 [O_D0_P] of J3 on F.Cu
    @(49.0750 mm, 85.5950 mm): Pad 14 [O_D0_P] of U2 on F.Cu
[unconnected_items]: Missing connection between items
    Local override; error
    @(49.0750 mm, 85.5950 mm): Pad 14 [O_D0_P] of U2 on F.Cu
    @(49.3250 mm, 43.0000 mm): Pad 4 [O_D0_P] of D1 on F.Cu
[unconnected_items]: Missing connection between items
    Local override; error
    @(48.2000 mm, 98.8500 mm): Pad 6 [O_D1_N] of J3 on F.Cu
    @(49.0750 mm, 88.1350 mm): Pad 12 [O_D1_N] of U2 on F.Cu
[unconnected_items]: Missing connection between items
    Local override; error
    @(49.0750 mm, 88.1350 mm): Pad 12 [O_D1_N] of U2 on F.Cu
    @(51.5450 mm, 42.0000 mm): Pad 2 [O_D1_N] of D2 on F.Cu
[unconnected_items]: Missing connection between items
    Local override; error
    @(49.0750 mm, 89.4050 mm): Pad 11 [O_D1_P] of U2 on F.Cu
    @(48.6000 mm, 98.8500 mm): Pad 5 [O_D1_P] of J3 on F.Cu
[unconnected_items]: Missing connection between items
    Local override; error
    @(51.5450 mm, 41.5000 mm): Pad 1 [O_D1_P] of D2 on F.Cu
    @(49.0750 mm, 89.4050 mm): Pad 11 [O_D1_P] of U2 on F.Cu
[unconnected_items]: Missing connection between items
    Local override; error
    @(49.0750 mm, 91.9450 mm): Pad 9 [O_D2_N] of U2 on F.Cu
    @(49.4000 mm, 98.8500 mm): Pad 3 [O_D2_N] of J3 on F.Cu
[unconnected_items]: Missing connection between items
    Local override; error
    @(51.5450 mm, 43.5000 mm): Pad 5 [O_D2_N] of D2 on F.Cu
    @(49.0750 mm, 91.9450 mm): Pad 9 [O_D2_N] of U2 on F.Cu
[unconnected_items]: Missing connection between items
    Local override; error
    @(49.0750 mm, 90.6750 mm): Pad 10 [O_D2_P] of U2 on F.Cu
    @(49.8000 mm, 98.8500 mm): Pad 2 [O_D2_P] of J3 on F.Cu
[unconnected_items]: Missing connection between items
    Local override; error
    @(51.5450 mm, 43.0000 mm): Pad 4 [O_D2_P] of D2 on F.Cu
    @(49.0750 mm, 90.6750 mm): Pad 10 [O_D2_P] of U2 on F.Cu
[unconnected_items]: Missing connection between items
    Local override; error
    @(57.4400 mm, 79.3700 mm): Pad 1 [O_HPD] of R26 on F.Cu
    @(71.6500 mm, 70.6500 mm): Pad 1 [O_HPD] of TP31 on F.Cu
[unconnected_items]: Missing connection between items
    Local override; error
    @(57.4400 mm, 79.3700 mm): Pad 1 [O_HPD] of R26 on F.Cu
    @(43.0000 mm, 98.8500 mm): Pad 19 [O_HPD] of J3 on F.Cu
[unconnected_items]: Missing connection between items
    Local override; error
    @(71.6500 mm, 70.6500 mm): Pad 1 [O_HPD] of TP31 on F.Cu
    @(53.7650 mm, 42.0000 mm): Pad 2 [O_HPD] of D3 on F.Cu
[unconnected_items]: Missing connection between items
    Local override; error
    @(44.6000 mm, 98.8500 mm): Pad 15 [O_SLOW] of J3 on F.Cu
    @(56.2000 mm, 79.3700 mm): Pad 2 [O_SLOW] of R25 on F.Cu
[unconnected_items]: Missing connection between items
    Local override; error
    @(56.2000 mm, 79.3700 mm): Pad 2 [O_SLOW] of R25 on F.Cu
    @(53.7650 mm, 41.5000 mm): Pad 1 [O_SLOW] of D3 on F.Cu
[unconnected_items]: Missing connection between items
    Local override; error
    @(46.2500 mm, 76.1800 mm): Pad 1 [P5V_IN] of C28 on F.Cu
    @(69.7600 mm, 79.3700 mm): Pad 2 [P5V_IN] of R31 on F.Cu
[unconnected_items]: Missing connection between items
    Local override; error
    @(69.7600 mm, 79.3700 mm): Pad 2 [P5V_IN] of R31 on F.Cu
    @(74.3500 mm, 63.8000 mm): Pad 3 [P5V_IN] of U10 on F.Cu
[unconnected_items]: Missing connection between items
    Local override; error
    @(52.9500 mm, 64.5500 mm): Pad 1 [ROLE] of TP16 on F.Cu
    @(54.0250 mm, 83.0550 mm): Pad 1 [ROLE] of U3 on F.Cu
[unconnected_items]: Missing connection between items
    Local override; error
    @(54.0250 mm, 83.0550 mm): Pad 1 [ROLE] of U3 on F.Cu
    @(64.2200 mm, 79.3700 mm): Pad 1 [ROLE] of R29 on F.Cu
[unconnected_items]: Missing connection between items
    Local override; error
    @(64.2200 mm, 79.3700 mm): Pad 1 [ROLE] of R29 on F.Cu
    @(85.0000 mm, 66.5400 mm): PTH pad 2 [ROLE] of J9
[unconnected_items]: Missing connection between items
    Local override; error
    @(73.3250 mm, 48.8625 mm): Pad 5 [ROLE] of U7 on F.Cu
    @(77.0625 mm, 52.5500 mm): Pad 1 [ROLE] of U11 on F.Cu
[unconnected_items]: Missing connection between items
    Local override; error
    @(77.8750 mm, 43.1375 mm): Pad 15 [ROLE] of U8 on F.Cu
    @(73.3250 mm, 48.8625 mm): Pad 5 [ROLE] of U7 on F.Cu
[unconnected_items]: Missing connection between items
    Local override; error
    @(85.0000 mm, 66.5400 mm): PTH pad 2 [ROLE] of J9
    @(77.0625 mm, 52.5500 mm): Pad 1 [ROLE] of U11 on F.Cu
[unconnected_items]: Missing connection between items
    Local override; error
    @(61.5250 mm, 83.0550 mm): Pad 1 [ROLE_N] of U4 on F.Cu
    @(66.4800 mm, 79.3700 mm): Pad 1 [ROLE_N] of R30 on F.Cu
[unconnected_items]: Missing connection between items
    Local override; error
    @(66.4800 mm, 79.3700 mm): Pad 1 [ROLE_N] of R30 on F.Cu
    @(55.8500 mm, 64.5500 mm): Pad 1 [ROLE_N] of TP17 on F.Cu
[unconnected_items]: Missing connection between items
    Local override; error
    @(78.9375 mm, 53.5000 mm): Pad 3 [ROLE_N] of U11 on F.Cu
    @(72.0250 mm, 43.1375 mm): Pad 14 [ROLE_N] of U7 on F.Cu
[unconnected_items]: Missing connection between items
    Local override; error
    @(78.9375 mm, 53.5000 mm): Pad 3 [ROLE_N] of U11 on F.Cu
    @(55.8500 mm, 64.5500 mm): Pad 1 [ROLE_N] of TP17 on F.Cu
[unconnected_items]: Missing connection between items
    Local override; error
    @(61.9600 mm, 79.3700 mm): Pad 1 [RXEN_N] of R28 on F.Cu
    @(84.2625 mm, 89.7750 mm): Pad 9 [RXEN_N] of U5 on F.Cu
[unconnected_items]: Missing connection between items
    Local override; error
    @(85.0000 mm, 57.5400 mm): PTH pad 2 [RXEN_N] of J7
    @(61.9600 mm, 79.3700 mm): Pad 1 [RXEN_N] of R28 on F.Cu
[unconnected_items]: Missing connection between items
    Local override; error
    @(54.2500 mm, 70.6500 mm): Pad 1 [RXO_AX_CLK] of TP25 on F.Cu
    @(75.3625 mm, 85.8750 mm): Pad 15 [RXO_AX_CLK] of U6 on F.Cu
[unconnected_items]: Missing connection between items
    Local override; error
    @(79.1750 mm, 48.8625 mm): Pad 4 [RXO_AX_CLK] of U8 on F.Cu
    @(54.2500 mm, 70.6500 mm): Pad 1 [RXO_AX_CLK] of TP25 on F.Cu
[unconnected_items]: Missing connection between items
    Local override; error
    @(57.1500 mm, 70.6500 mm): Pad 1 [RXO_AX_D0] of TP26 on F.Cu
    @(75.3625 mm, 86.5250 mm): Pad 14 [RXO_AX_D0] of U6 on F.Cu
[unconnected_items]: Missing connection between items
    Local override; error
    @(79.8250 mm, 48.8625 mm): Pad 5 [RXO_AX_D0] of U8 on F.Cu
    @(57.1500 mm, 70.6500 mm): Pad 1 [RXO_AX_D0] of TP26 on F.Cu
[unconnected_items]: Missing connection between items
    Local override; error
    @(60.0500 mm, 70.6500 mm): Pad 1 [RXO_AX_D1] of TP27 on F.Cu
    @(75.3625 mm, 88.4750 mm): Pad 11 [RXO_AX_D1] of U6 on F.Cu
[unconnected_items]: Missing connection between items
    Local override; error
    @(73.9750 mm, 48.8625 mm): Pad 6 [RXO_AX_D1] of U7 on F.Cu
    @(60.0500 mm, 70.6500 mm): Pad 1 [RXO_AX_D1] of TP27 on F.Cu
[unconnected_items]: Missing connection between items
    Local override; error
    @(62.9500 mm, 70.6500 mm): Pad 1 [RXO_AX_D2] of TP28 on F.Cu
    @(75.3625 mm, 89.1250 mm): Pad 10 [RXO_AX_D2] of U6 on F.Cu
[unconnected_items]: Missing connection between items
    Local override; error
    @(74.6250 mm, 48.8625 mm): Pad 7 [RXO_AX_D2] of U7 on F.Cu
    @(62.9500 mm, 70.6500 mm): Pad 1 [RXO_AX_D2] of TP28 on F.Cu
[unconnected_items]: Missing connection between items
    Local override; error
    @(67.4500 mm, 64.5500 mm): Pad 1 [RXO_I_CLK] of TP21 on F.Cu
    @(84.2625 mm, 85.8750 mm): Pad 15 [RXO_I_CLK] of U5 on F.Cu
[unconnected_items]: Missing connection between items
    Local override; error
    @(72.6750 mm, 48.8625 mm): Pad 4 [RXO_I_CLK] of U7 on F.Cu
    @(67.4500 mm, 64.5500 mm): Pad 1 [RXO_I_CLK] of TP21 on F.Cu
[unconnected_items]: Missing connection between items
    Local override; error
    @(70.3500 mm, 64.5500 mm): Pad 1 [RXO_I_D0] of TP22 on F.Cu
    @(76.0000 mm, 78.0300 mm): Pad 1 [RXO_I_D0] of R16 on F.Cu
[unconnected_items]: Missing connection between items
    Local override; error
    @(76.0000 mm, 78.0300 mm): Pad 1 [RXO_I_D0] of R16 on F.Cu
    @(84.2625 mm, 86.5250 mm): Pad 14 [RXO_I_D0] of U5 on F.Cu
[unconnected_items]: Missing connection between items
    Local override; error
    @(78.2600 mm, 78.0300 mm): Pad 1 [RXO_I_D1] of R17 on F.Cu
    @(42.4500 mm, 70.6500 mm): Pad 1 [RXO_I_D1] of TP23 on F.Cu
[unconnected_items]: Missing connection between items
    Local override; error
    @(84.2625 mm, 88.4750 mm): Pad 11 [RXO_I_D1] of U5 on F.Cu
    @(78.2600 mm, 78.0300 mm): Pad 1 [RXO_I_D1] of R17 on F.Cu
[unconnected_items]: Missing connection between items
    Local override; error
    @(80.5200 mm, 78.0300 mm): Pad 1 [RXO_I_D2] of R18 on F.Cu
    @(45.8500 mm, 70.6500 mm): Pad 1 [RXO_I_D2] of TP24 on F.Cu
[unconnected_items]: Missing connection between items
    Local override; error
    @(84.2625 mm, 89.1250 mm): Pad 10 [RXO_I_D2] of U5 on F.Cu
    @(80.5200 mm, 78.0300 mm): Pad 1 [RXO_I_D2] of R18 on F.Cu
[unconnected_items]: Missing connection between items
    Local override; error
    @(46.0800 mm, 61.7400 mm): PTH pad 16 [SCL1] of J1
    @(62.9500 mm, 73.5500 mm): Pad 1 [SCL1] of TP40 on F.Cu
[unconnected_items]: Missing connection between items
    Local override; error
    @(46.0800 mm, 64.2800 mm): PTH pad 18 [SDA1] of J1
    @(65.8500 mm, 73.5500 mm): Pad 1 [SDA1] of TP41 on F.Cu
[unconnected_items]: Missing connection between items
    Local override; error
    @(41.1750 mm, 104.5000 mm): PTH pad SH [SHLD1] of J3
    @(42.8500 mm, 100.8000 mm): PTH pad SH [SHLD1] of J3
[unconnected_items]: Missing connection between items
    Local override; error
    @(42.8500 mm, 100.8000 mm): PTH pad SH [SHLD1] of J3
    @(41.1750 mm, 100.0000 mm): PTH pad SH [SHLD1] of J3
[unconnected_items]: Missing connection between items
    Local override; error
    @(42.8500 mm, 100.8000 mm): PTH pad SH [SHLD1] of J3
    @(50.3500 mm, 100.8000 mm): PTH pad SH [SHLD1] of J3
[unconnected_items]: Missing connection between items
    Local override; error
    @(50.3500 mm, 100.8000 mm): PTH pad SH [SHLD1] of J3
    @(52.0250 mm, 104.5000 mm): PTH pad SH [SHLD1] of J3
[unconnected_items]: Missing connection between items
    Local override; error
    @(52.0250 mm, 100.0000 mm): PTH pad SH [SHLD1] of J3
    @(50.3500 mm, 100.8000 mm): PTH pad SH [SHLD1] of J3
[unconnected_items]: Missing connection between items
    Local override; error
    @(57.8675 mm, 76.1800 mm): Pad 1 [SHLD1] of R33 on F.Cu
    @(52.0250 mm, 100.0000 mm): PTH pad SH [SHLD1] of J3
[unconnected_items]: Missing connection between items
    Local override; error
    @(58.5750 mm, 104.5000 mm): PTH pad SH [SHLD2] of J4
    @(60.2500 mm, 100.8000 mm): PTH pad SH [SHLD2] of J4
[unconnected_items]: Missing connection between items
    Local override; error
    @(60.2500 mm, 100.8000 mm): PTH pad SH [SHLD2] of J4
    @(58.5750 mm, 100.0000 mm): PTH pad SH [SHLD2] of J4
[unconnected_items]: Missing connection between items
    Local override; error
    @(61.6275 mm, 76.1800 mm): Pad 1 [SHLD2] of R34 on F.Cu
    @(58.5750 mm, 100.0000 mm): PTH pad SH [SHLD2] of J4
[unconnected_items]: Missing connection between items
    Local override; error
    @(67.7500 mm, 100.8000 mm): PTH pad SH [SHLD2] of J4
    @(69.4250 mm, 100.0000 mm): PTH pad SH [SHLD2] of J4
[unconnected_items]: Missing connection between items
    Local override; error
    @(67.7500 mm, 100.8000 mm): PTH pad SH [SHLD2] of J4
    @(60.2500 mm, 100.8000 mm): PTH pad SH [SHLD2] of J4
[unconnected_items]: Missing connection between items
    Local override; error
    @(69.4250 mm, 104.5000 mm): PTH pad SH [SHLD2] of J4
    @(67.7500 mm, 100.8000 mm): PTH pad SH [SHLD2] of J4
[unconnected_items]: Missing connection between items
    Local override; error
    @(65.3875 mm, 76.1800 mm): Pad 1 [SHLD3] of R35 on F.Cu
    @(75.9750 mm, 100.0000 mm): PTH pad SH [SHLD3] of J5
[unconnected_items]: Missing connection between items
    Local override; error
    @(77.6500 mm, 100.8000 mm): PTH pad SH [SHLD3] of J5
    @(75.9750 mm, 100.0000 mm): PTH pad SH [SHLD3] of J5
[unconnected_items]: Missing connection between items
    Local override; error
    @(77.6500 mm, 100.8000 mm): PTH pad SH [SHLD3] of J5
    @(75.9750 mm, 104.5000 mm): PTH pad SH [SHLD3] of J5
[unconnected_items]: Missing connection between items
    Local override; error
    @(85.1500 mm, 100.8000 mm): PTH pad SH [SHLD3] of J5
    @(86.8250 mm, 104.5000 mm): PTH pad SH [SHLD3] of J5
[unconnected_items]: Missing connection between items
    Local override; error
    @(85.1500 mm, 100.8000 mm): PTH pad SH [SHLD3] of J5
    @(77.6500 mm, 100.8000 mm): PTH pad SH [SHLD3] of J5
[unconnected_items]: Missing connection between items
    Local override; error
    @(86.8250 mm, 100.0000 mm): PTH pad SH [SHLD3] of J5
    @(85.1500 mm, 100.8000 mm): PTH pad SH [SHLD3] of J5
[unconnected_items]: Missing connection between items
    Local override; error
    @(55.9500 mm, 93.7200 mm): Pad 1 [VBIAS] of C9 on F.Cu
    @(69.6400 mm, 92.3900 mm): Pad 2 [VBIAS] of R56 on F.Cu
[unconnected_items]: Missing connection between items
    Local override; error
    @(60.0500 mm, 73.5500 mm): Pad 1 [VBIAS] of TP39 on F.Cu
    @(68.6200 mm, 81.6700 mm): Pad 1 [VBIAS] of R40 on F.Cu
[unconnected_items]: Missing connection between items
    Local override; error
    @(68.6200 mm, 81.6700 mm): Pad 1 [VBIAS] of R40 on F.Cu
    @(70.8800 mm, 83.0100 mm): Pad 1 [VBIAS] of R49 on F.Cu
[unconnected_items]: Missing connection between items
    Local override; error
    @(70.8800 mm, 83.0100 mm): Pad 1 [VBIAS] of R49 on F.Cu
    @(73.1400 mm, 83.0100 mm): Pad 1 [VBIAS] of R50 on F.Cu
[unconnected_items]: Missing connection between items
    Local override; error
    @(70.8800 mm, 83.0100 mm): Pad 1 [VBIAS] of R49 on F.Cu
    @(70.8800 mm, 92.3900 mm): Pad 1 [VBIAS] of R57 on F.Cu
[unconnected_items]: Missing connection between items
    Local override; error
    @(70.8800 mm, 92.3900 mm): Pad 1 [VBIAS] of R57 on F.Cu
    @(69.6400 mm, 92.3900 mm): Pad 2 [VBIAS] of R56 on F.Cu
[unconnected_items]: Missing connection between items
    Local override; error
    @(73.1400 mm, 83.0100 mm): Pad 1 [VBIAS] of R50 on F.Cu
    @(77.6600 mm, 81.6700 mm): Pad 1 [VBIAS] of R44 on F.Cu
[unconnected_items]: Missing connection between items
    Local override; error
    @(77.6600 mm, 81.6700 mm): Pad 1 [VBIAS] of R44 on F.Cu
    @(79.9200 mm, 81.6700 mm): Pad 1 [VBIAS] of R45 on F.Cu
[unconnected_items]: Missing connection between items
    Local override; error
    @(79.9200 mm, 81.6700 mm): Pad 1 [VBIAS] of R45 on F.Cu
    @(80.0400 mm, 79.3700 mm): Pad 1 [VBIAS] of R39 on F.Cu
[unconnected_items]: Missing connection between items
    Local override; error
    @(82.1800 mm, 83.0100 mm): Pad 1 [VBIAS] of R54 on F.Cu
    @(79.9200 mm, 81.6700 mm): Pad 1 [VBIAS] of R45 on F.Cu
[unconnected_items]: Missing connection between items
    Local override; error
    @(84.4400 mm, 83.0100 mm): Pad 1 [VBIAS] of R55 on F.Cu
    @(82.1800 mm, 83.0100 mm): Pad 1 [VBIAS] of R54 on F.Cu
[unconnected_items]: Missing connection between items
    Local override; error
    @(46.0800 mm, 51.5800 mm): PTH pad 8 [VLVDS] of J1
    @(43.5400 mm, 51.5800 mm): PTH pad 7 [VLVDS] of J1
[unconnected_items]: Missing connection between items
    Local override; error
    @(68.7500 mm, 73.5500 mm): Pad 1 [VLVDS] of TP42 on F.Cu
    @(46.0800 mm, 51.5800 mm): PTH pad 8 [VLVDS] of J1
[unconnected_items]: Missing connection between items
    Local override; error
    @(71.0000 mm, 79.3700 mm): Pad 1 [VLVDS] of R32 on F.Cu
    @(68.7500 mm, 73.5500 mm): Pad 1 [VLVDS] of TP42 on F.Cu
[unconnected_items]: Missing connection between items
    Local override; error
    @(46.1400 mm, 79.3700 mm): Pad 1 [X_AXG1CLK25] of R21 on F.Cu
    @(79.1750 mm, 43.1375 mm): Pad 13 [X_AXG1CLK25] of U8 on F.Cu
[unconnected_items]: Missing connection between items
    Local override; error
    @(48.4000 mm, 79.3700 mm): Pad 1 [X_AXG1DAT25] of R22 on F.Cu
    @(79.8250 mm, 43.1375 mm): Pad 12 [X_AXG1DAT25] of U8 on F.Cu
[unconnected_items]: Missing connection between items
    Local override; error
    @(50.6600 mm, 79.3700 mm): Pad 1 [X_AXG2CLK25] of R23 on F.Cu
    @(73.9750 mm, 43.1375 mm): Pad 11 [X_AXG2CLK25] of U7 on F.Cu
[unconnected_items]: Missing connection between items
    Local override; error
    @(52.9200 mm, 79.3700 mm): Pad 1 [X_AXG2DAT25] of R24 on F.Cu
    @(74.6250 mm, 43.1375 mm): Pad 10 [X_AXG2DAT25] of U7 on F.Cu
[unconnected_items]: Missing connection between items
    Local override; error
    @(41.6200 mm, 79.3700 mm): Pad 1 [X_INCLK25] of R19 on F.Cu
    @(72.6750 mm, 43.1375 mm): Pad 13 [X_INCLK25] of U7 on F.Cu
[unconnected_items]: Missing connection between items
    Local override; error
    @(43.8800 mm, 79.3700 mm): Pad 1 [X_ROLE25] of R20 on F.Cu
    @(73.3250 mm, 43.1375 mm): Pad 12 [X_ROLE25] of U7 on F.Cu
[unconnected_items]: Missing connection between items
    Local override; error
    @(65.8500 mm, 70.6500 mm): Pad 1 [X_SP1] of TP29 on F.Cu
    @(80.4750 mm, 43.1375 mm): Pad 11 [X_SP1] of U8 on F.Cu
[unconnected_items]: Missing connection between items
    Local override; error
    @(68.7500 mm, 70.6500 mm): Pad 1 [X_SP2] of TP30 on F.Cu
    @(81.1250 mm, 43.1375 mm): Pad 10 [X_SP2] of U8 on F.Cu

** Found 0 Footprint errors **

** Ignored checks **
    - Footprint has no courtyard defined
    - Track endpoint not centered on via
    - Tuning profile track geometries
    - Footprint doesn't match symbol's footprint filters
    - Footprint component type doesn't match footprint pads

** End of Report **
