** Drc report for hl2-bridge.kicad_pcb **
** Created on 2026-09-12T13:33:20 **
** Report includes: Errors **

** Found 122 DRC violations **
[shorting_items]: Items shorting two nets (nets +3V3 and DRVI_D2)
    Local override; error
    @(51.5250 mm, 77.5550 mm): Pad 1 [+3V3] of U2 on F.Cu
    @(51.5250 mm, 77.1750 mm): Pad 7 [DRVI_D2] of U1 on F.Cu
[shorting_items]: Items shorting two nets (nets VLVDS and HL2_AUX)
    Local override; error
    @(52.4300 mm, 55.3900 mm): PTH pad 7 [VLVDS] of J1
    @(51.7300 mm, 56.5400 mm): PTH pad 2 [HL2_AUX] of J2
[shorting_items]: Items shorting two nets (nets VLVDS and HL2_AUX)
    Local override; error
    @(52.4300 mm, 55.3900 mm): PTH pad 7 [VLVDS] of J1
    @(51.7300 mm, 56.5400 mm): PTH pad 2 [HL2_AUX] of J2
[shorting_items]: Items shorting two nets (nets VLVDS and HL2_AUX)
    Local override; error
    @(52.4300 mm, 55.3900 mm): PTH pad 7 [VLVDS] of J1
    @(51.7300 mm, 56.5400 mm): PTH pad 2 [HL2_AUX] of J2
[shorting_items]: Items shorting two nets (nets VLVDS and HL2_AUX)
    Local override; error
    @(52.4300 mm, 55.3900 mm): PTH pad 7 [VLVDS] of J1
    @(51.7300 mm, 56.5400 mm): PTH pad 2 [HL2_AUX] of J2
[shorting_items]: Items shorting two nets (nets VLVDS and HL2_AUX)
    Local override; error
    @(52.4300 mm, 57.9300 mm): PTH pad 8 [VLVDS] of J1
    @(51.7300 mm, 56.5400 mm): PTH pad 2 [HL2_AUX] of J2
[shorting_items]: Items shorting two nets (nets VLVDS and GND)
    Local override; error
    @(52.4300 mm, 57.9300 mm): PTH pad 8 [VLVDS] of J1
    @(51.7300 mm, 59.0800 mm): PTH pad 4 [GND] of J2
[shorting_items]: Items shorting two nets (nets VLVDS and HL2_AUX)
    Local override; error
    @(52.4300 mm, 57.9300 mm): PTH pad 8 [VLVDS] of J1
    @(51.7300 mm, 56.5400 mm): PTH pad 2 [HL2_AUX] of J2
[shorting_items]: Items shorting two nets (nets VLVDS and GND)
    Local override; error
    @(52.4300 mm, 57.9300 mm): PTH pad 8 [VLVDS] of J1
    @(51.7300 mm, 59.0800 mm): PTH pad 4 [GND] of J2
[shorting_items]: Items shorting two nets (nets VLVDS and HL2_AUX)
    Local override; error
    @(52.4300 mm, 57.9300 mm): PTH pad 8 [VLVDS] of J1
    @(51.7300 mm, 56.5400 mm): PTH pad 2 [HL2_AUX] of J2
[shorting_items]: Items shorting two nets (nets VLVDS and GND)
    Local override; error
    @(52.4300 mm, 57.9300 mm): PTH pad 8 [VLVDS] of J1
    @(51.7300 mm, 59.0800 mm): PTH pad 4 [GND] of J2
[shorting_items]: Items shorting two nets (nets VLVDS and HL2_AUX)
    Local override; error
    @(52.4300 mm, 57.9300 mm): PTH pad 8 [VLVDS] of J1
    @(51.7300 mm, 56.5400 mm): PTH pad 2 [HL2_AUX] of J2
[shorting_items]: Items shorting two nets (nets VLVDS and GND)
    Local override; error
    @(52.4300 mm, 57.9300 mm): PTH pad 8 [VLVDS] of J1
    @(51.7300 mm, 59.0800 mm): PTH pad 4 [GND] of J2
[shorting_items]: Items shorting two nets (nets HL2_CLK and HL2_STAT)
    Local override; error
    @(54.9700 mm, 55.3900 mm): PTH pad 9 [HL2_CLK] of J1
    @(54.2700 mm, 56.5400 mm): PTH pad 1 [HL2_STAT] of J2
[shorting_items]: Items shorting two nets (nets HL2_CLK and HL2_STAT)
    Local override; error
    @(54.9700 mm, 55.3900 mm): PTH pad 9 [HL2_CLK] of J1
    @(54.2700 mm, 56.5400 mm): PTH pad 1 [HL2_STAT] of J2
[shorting_items]: Items shorting two nets (nets HL2_CLK and HL2_STAT)
    Local override; error
    @(54.9700 mm, 55.3900 mm): PTH pad 9 [HL2_CLK] of J1
    @(54.2700 mm, 56.5400 mm): PTH pad 1 [HL2_STAT] of J2
[shorting_items]: Items shorting two nets (nets HL2_CLK and HL2_STAT)
    Local override; error
    @(54.9700 mm, 55.3900 mm): PTH pad 9 [HL2_CLK] of J1
    @(54.2700 mm, 56.5400 mm): PTH pad 1 [HL2_STAT] of J2
[clearance]: Clearance violation (netclass 'Default' clearance 0.1500 mm; actual 0.0000 mm)
    Rule: netclass 'Default'; error
    @(54.9700 mm, 57.9300 mm): PTH pad 10 [<no net>] of J1
    @(54.2700 mm, 56.5400 mm): PTH pad 1 [HL2_STAT] of J2
[clearance]: Clearance violation (netclass 'Power' clearance 0.2000 mm; actual 0.0000 mm)
    Rule: netclass 'Power'; error
    @(54.9700 mm, 57.9300 mm): PTH pad 10 [<no net>] of J1
    @(54.2700 mm, 59.0800 mm): PTH pad 3 [GND] of J2
[clearance]: Clearance violation (netclass 'Default' clearance 0.1500 mm; actual 0.0000 mm)
    Rule: netclass 'Default'; error
    @(54.9700 mm, 57.9300 mm): PTH pad 10 [<no net>] of J1
    @(54.2700 mm, 56.5400 mm): PTH pad 1 [HL2_STAT] of J2
[clearance]: Clearance violation (netclass 'Power' clearance 0.2000 mm; actual 0.0000 mm)
    Rule: netclass 'Power'; error
    @(54.9700 mm, 57.9300 mm): PTH pad 10 [<no net>] of J1
    @(54.2700 mm, 59.0800 mm): PTH pad 3 [GND] of J2
[clearance]: Clearance violation (netclass 'Default' clearance 0.1500 mm; actual 0.0000 mm)
    Rule: netclass 'Default'; error
    @(54.9700 mm, 57.9300 mm): PTH pad 10 [<no net>] of J1
    @(54.2700 mm, 56.5400 mm): PTH pad 1 [HL2_STAT] of J2
[clearance]: Clearance violation (netclass 'Power' clearance 0.2000 mm; actual 0.0000 mm)
    Rule: netclass 'Power'; error
    @(54.9700 mm, 57.9300 mm): PTH pad 10 [<no net>] of J1
    @(54.2700 mm, 59.0800 mm): PTH pad 3 [GND] of J2
[clearance]: Clearance violation (netclass 'Default' clearance 0.1500 mm; actual 0.0000 mm)
    Rule: netclass 'Default'; error
    @(54.9700 mm, 57.9300 mm): PTH pad 10 [<no net>] of J1
    @(54.2700 mm, 56.5400 mm): PTH pad 1 [HL2_STAT] of J2
[clearance]: Clearance violation (netclass 'Power' clearance 0.2000 mm; actual 0.0000 mm)
    Rule: netclass 'Power'; error
    @(54.9700 mm, 57.9300 mm): PTH pad 10 [<no net>] of J1
    @(54.2700 mm, 59.0800 mm): PTH pad 3 [GND] of J2
[shorting_items]: Items shorting two nets (nets GND and DRVI_D3)
    Local override; error
    @(51.5250 mm, 78.4450 mm): Pad 8 [GND] of U1 on F.Cu
    @(51.5250 mm, 78.8250 mm): Pad 2 [DRVI_D3] of U2 on F.Cu
[shorting_items]: Items shorting two nets (nets C1_D2_N and C1_D3_P)
    Local override; error
    @(56.4750 mm, 78.4450 mm): Pad 9 [C1_D2_N] of U1 on F.Cu
    @(56.4750 mm, 78.8250 mm): Pad 15 [C1_D3_P] of U2 on F.Cu
[shorting_items]: Items shorting two nets (nets C1_D2_P and C1_D3_N)
    Local override; error
    @(56.4750 mm, 77.1750 mm): Pad 10 [C1_D2_P] of U1 on F.Cu
    @(56.4750 mm, 77.5550 mm): Pad 16 [C1_D3_N] of U2 on F.Cu
[shorting_items]: Items shorting two nets (nets GND and HL2_REV1)
    Local override; error
    @(60.0500 mm, 55.3900 mm): PTH pad 13 [GND] of J1
    @(61.2000 mm, 54.8000 mm): Pad 1 [HL2_REV1] of TP11 on F.Cu
[shorting_items]: Items shorting two nets (nets GND and DRV_SP_N)
    Local override; error
    @(60.0500 mm, 57.9300 mm): PTH pad 14 [GND] of J1
    @(61.2000 mm, 58.0000 mm): Pad 1 [DRV_SP_N] of TP29 on F.Cu
[shorting_items]: Items shorting two nets (nets SCL1 and DRV_SP_N)
    Local override; error
    @(62.5900 mm, 57.9300 mm): PTH pad 16 [SCL1] of J1
    @(61.2000 mm, 58.0000 mm): Pad 1 [DRV_SP_N] of TP29 on F.Cu
[shorting_items]: Items shorting two nets (nets SDA1 and X_SPARE25)
    Local override; error
    @(65.1300 mm, 57.9300 mm): PTH pad 18 [SDA1] of J1
    @(64.4000 mm, 58.0000 mm): Pad 1 [X_SPARE25] of TP30 on F.Cu
[shorting_items]: Items shorting two nets (nets DB1_3V3 and HL2_REVCLK)
    Local override; error
    @(67.6700 mm, 55.3900 mm): PTH pad 19 [DB1_3V3] of J1
    @(67.6000 mm, 54.8000 mm): Pad 1 [HL2_REVCLK] of TP13 on F.Cu
[shorting_items]: Items shorting two nets (nets DB1_3V3 and C2_5V_NC)
    Local override; error
    @(67.6700 mm, 57.9300 mm): PTH pad 20 [DB1_3V3] of J1
    @(67.6000 mm, 58.0000 mm): Pad 1 [C2_5V_NC] of TP31 on F.Cu
[courtyards_overlap]: Courtyards overlap
    Rule: board setup constraints courtyard; error
    @(93.2000 mm, 48.4000 mm): Footprint R37
    @(96.4000 mm, 48.4000 mm): Footprint R38
[courtyards_overlap]: Courtyards overlap
    Rule: board setup constraints courtyard; error
    @(44.8100 mm, 55.3900 mm): Footprint J1
    @(64.4000 mm, 58.0000 mm): Footprint TP30
[pth_inside_courtyard]: PTH inside courtyard
    Local override; error
    @(65.1300 mm, 57.9300 mm): PTH pad 18 [SDA1] of J1
    @(64.4000 mm, 58.0000 mm): Footprint TP30
[courtyards_overlap]: Courtyards overlap
    Rule: board setup constraints courtyard; error
    @(44.8100 mm, 55.3900 mm): Footprint J1
    @(67.6000 mm, 58.0000 mm): Footprint TP31
[pth_inside_courtyard]: PTH inside courtyard
    Local override; error
    @(67.6700 mm, 57.9300 mm): PTH pad 20 [DB1_3V3] of J1
    @(67.6000 mm, 58.0000 mm): Footprint TP31
[courtyards_overlap]: Courtyards overlap
    Rule: board setup constraints courtyard; error
    @(44.8100 mm, 55.3900 mm): Footprint J1
    @(67.6000 mm, 54.8000 mm): Footprint TP13
[pth_inside_courtyard]: PTH inside courtyard
    Local override; error
    @(67.6700 mm, 55.3900 mm): PTH pad 19 [DB1_3V3] of J1
    @(67.6000 mm, 54.8000 mm): Footprint TP13
[courtyards_overlap]: Courtyards overlap
    Rule: board setup constraints courtyard; error
    @(44.8100 mm, 55.3900 mm): Footprint J1
    @(64.4000 mm, 54.8000 mm): Footprint TP12
[pth_inside_courtyard]: PTH inside courtyard
    Local override; error
    @(65.1300 mm, 55.3900 mm): PTH pad 17 [HL2_REV2] of J1
    @(64.4000 mm, 54.8000 mm): Footprint TP12
[courtyards_overlap]: Courtyards overlap
    Rule: board setup constraints courtyard; error
    @(44.8100 mm, 55.3900 mm): Footprint J1
    @(54.2700 mm, 56.5400 mm): Footprint J2
[pth_inside_courtyard]: PTH inside courtyard
    Local override; error
    @(54.2700 mm, 56.5400 mm): PTH pad 1 [HL2_STAT] of J2
    @(44.8100 mm, 55.3900 mm): Footprint J1
[pth_inside_courtyard]: PTH inside courtyard
    Local override; error
    @(51.7300 mm, 56.5400 mm): PTH pad 2 [HL2_AUX] of J2
    @(44.8100 mm, 55.3900 mm): Footprint J1
[pth_inside_courtyard]: PTH inside courtyard
    Local override; error
    @(54.2700 mm, 59.0800 mm): PTH pad 3 [GND] of J2
    @(44.8100 mm, 55.3900 mm): Footprint J1
[pth_inside_courtyard]: PTH inside courtyard
    Local override; error
    @(51.7300 mm, 59.0800 mm): PTH pad 4 [GND] of J2
    @(44.8100 mm, 55.3900 mm): Footprint J1
[pth_inside_courtyard]: PTH inside courtyard
    Local override; error
    @(49.8900 mm, 55.3900 mm): PTH pad 5 [HL2_D4] of J1
    @(54.2700 mm, 56.5400 mm): Footprint J2
[pth_inside_courtyard]: PTH inside courtyard
    Local override; error
    @(49.8900 mm, 57.9300 mm): PTH pad 6 [HL2_D5] of J1
    @(54.2700 mm, 56.5400 mm): Footprint J2
[pth_inside_courtyard]: PTH inside courtyard
    Local override; error
    @(52.4300 mm, 55.3900 mm): PTH pad 7 [VLVDS] of J1
    @(54.2700 mm, 56.5400 mm): Footprint J2
[pth_inside_courtyard]: PTH inside courtyard
    Local override; error
    @(52.4300 mm, 57.9300 mm): PTH pad 8 [VLVDS] of J1
    @(54.2700 mm, 56.5400 mm): Footprint J2
[pth_inside_courtyard]: PTH inside courtyard
    Local override; error
    @(54.9700 mm, 55.3900 mm): PTH pad 9 [HL2_CLK] of J1
    @(54.2700 mm, 56.5400 mm): Footprint J2
[pth_inside_courtyard]: PTH inside courtyard
    Local override; error
    @(54.9700 mm, 57.9300 mm): PTH pad 10 [<no net>] of J1
    @(54.2700 mm, 56.5400 mm): Footprint J2
[courtyards_overlap]: Courtyards overlap
    Rule: board setup constraints courtyard; error
    @(44.8100 mm, 55.3900 mm): Footprint J1
    @(61.2000 mm, 58.0000 mm): Footprint TP29
[pth_inside_courtyard]: PTH inside courtyard
    Local override; error
    @(60.0500 mm, 57.9300 mm): PTH pad 14 [GND] of J1
    @(61.2000 mm, 58.0000 mm): Footprint TP29
[pth_inside_courtyard]: PTH inside courtyard
    Local override; error
    @(62.5900 mm, 57.9300 mm): PTH pad 16 [SCL1] of J1
    @(61.2000 mm, 58.0000 mm): Footprint TP29
[courtyards_overlap]: Courtyards overlap
    Rule: board setup constraints courtyard; error
    @(44.8100 mm, 55.3900 mm): Footprint J1
    @(61.2000 mm, 54.8000 mm): Footprint TP11
[pth_inside_courtyard]: PTH inside courtyard
    Local override; error
    @(60.0500 mm, 55.3900 mm): PTH pad 13 [GND] of J1
    @(61.2000 mm, 54.8000 mm): Footprint TP11
[pth_inside_courtyard]: PTH inside courtyard
    Local override; error
    @(62.5900 mm, 55.3900 mm): PTH pad 15 [HL2_REV1] of J1
    @(61.2000 mm, 54.8000 mm): Footprint TP11
[courtyards_overlap]: Courtyards overlap
    Rule: board setup constraints courtyard; error
    @(116.0000 mm, 102.0000 mm): Footprint TP102
    @(100.0000 mm, 104.0000 mm): Footprint J4
[pth_inside_courtyard]: PTH inside courtyard
    Local override; error
    @(116.0000 mm, 102.0000 mm): PTH pad 1 [GND] of TP102
    @(100.0000 mm, 104.0000 mm): Footprint J4
[courtyards_overlap]: Courtyards overlap
    Rule: board setup constraints courtyard; error
    @(54.0000 mm, 74.0000 mm): Footprint U1
    @(54.0000 mm, 82.0000 mm): Footprint U2
[copper_edge_clearance]: Board edge clearance violation (board setup constraints edge clearance 0.3000 mm; actual 0.0000 mm)
    Rule: board setup constraints edge; error
    @(120.0000 mm, 106.0000 mm): Segment on Edge.Cuts
    @(62.0000 mm, 105.9050 mm): PTH pad 9 [C1_D1_N] of J3
[copper_edge_clearance]: Board edge clearance violation (board setup constraints edge clearance 0.3000 mm; actual 0.0000 mm)
    Rule: board setup constraints edge; error
    @(120.0000 mm, 106.0000 mm): Segment on Edge.Cuts
    @(63.9050 mm, 105.9050 mm): PTH pad 10 [C1_D1_P] of J3
[copper_edge_clearance]: Board edge clearance violation (board setup constraints edge clearance 0.3000 mm; actual 0.0000 mm)
    Rule: board setup constraints edge; error
    @(120.0000 mm, 106.0000 mm): Segment on Edge.Cuts
    @(65.8100 mm, 105.9050 mm): PTH pad 11 [GND] of J3
[copper_edge_clearance]: Board edge clearance violation (board setup constraints edge clearance 0.3000 mm; actual 0.0000 mm)
    Rule: board setup constraints edge; error
    @(120.0000 mm, 106.0000 mm): Segment on Edge.Cuts
    @(67.7150 mm, 105.9050 mm): PTH pad 12 [C1_D3_N] of J3
[copper_edge_clearance]: Board edge clearance violation (board setup constraints edge clearance 0.3000 mm; actual 0.0000 mm)
    Rule: board setup constraints edge; error
    @(120.0000 mm, 106.0000 mm): Segment on Edge.Cuts
    @(69.6200 mm, 105.9050 mm): PTH pad 13 [C1_D3_P] of J3
[copper_edge_clearance]: Board edge clearance violation (board setup constraints edge clearance 0.3000 mm; actual 0.0000 mm)
    Rule: board setup constraints edge; error
    @(120.0000 mm, 106.0000 mm): Segment on Edge.Cuts
    @(71.5250 mm, 105.9050 mm): PTH pad 14 [P5V_DVI] of J3
[copper_edge_clearance]: Board edge clearance violation (board setup constraints edge clearance 0.3000 mm; actual 0.0000 mm)
    Rule: board setup constraints edge; error
    @(120.0000 mm, 106.0000 mm): Segment on Edge.Cuts
    @(73.4300 mm, 105.9050 mm): PTH pad 15 [GND] of J3
[copper_edge_clearance]: Board edge clearance violation (board setup constraints edge clearance 0.3000 mm; actual 0.0000 mm)
    Rule: board setup constraints edge; error
    @(120.0000 mm, 106.0000 mm): Segment on Edge.Cuts
    @(75.3350 mm, 105.9050 mm): PTH pad 16 [C1_HPD] of J3
[copper_edge_clearance]: Board edge clearance violation (board setup constraints edge clearance 0.3000 mm; actual 0.0600 mm)
    Rule: board setup constraints edge; error
    @(120.0000 mm, 106.0000 mm): Segment on Edge.Cuts
    @(56.1580 mm, 107.8100 mm): PTH pad SH [SHLD1] of J3
[copper_edge_clearance]: Board edge clearance violation (board setup constraints edge clearance 0.3000 mm; actual 0.0600 mm)
    Rule: board setup constraints edge; error
    @(120.0000 mm, 106.0000 mm): Segment on Edge.Cuts
    @(86.8920 mm, 107.8100 mm): PTH pad SH [SHLD1] of J3
[copper_edge_clearance]: Board edge clearance violation (board setup constraints edge clearance 0.3000 mm; actual 0.0000 mm)
    Rule: board setup constraints edge; error
    @(120.0000 mm, 106.0000 mm): Segment on Edge.Cuts
    @(100.0000 mm, 105.9050 mm): PTH pad 9 [C2_D1_N] of J4
[copper_edge_clearance]: Board edge clearance violation (board setup constraints edge clearance 0.3000 mm; actual 0.0000 mm)
    Rule: board setup constraints edge; error
    @(120.0000 mm, 106.0000 mm): Segment on Edge.Cuts
    @(101.9050 mm, 105.9050 mm): PTH pad 10 [C2_D1_P] of J4
[copper_edge_clearance]: Board edge clearance violation (board setup constraints edge clearance 0.3000 mm; actual 0.0000 mm)
    Rule: board setup constraints edge; error
    @(120.0000 mm, 106.0000 mm): Segment on Edge.Cuts
    @(103.8100 mm, 105.9050 mm): PTH pad 11 [GND] of J4
[copper_edge_clearance]: Board edge clearance violation (board setup constraints edge clearance 0.3000 mm; actual 0.0000 mm)
    Rule: board setup constraints edge; error
    @(120.0000 mm, 106.0000 mm): Segment on Edge.Cuts
    @(105.7150 mm, 105.9050 mm): PTH pad 12 [C2_D3_N] of J4
[copper_edge_clearance]: Board edge clearance violation (board setup constraints edge clearance 0.3000 mm; actual 0.0000 mm)
    Rule: board setup constraints edge; error
    @(120.0000 mm, 106.0000 mm): Segment on Edge.Cuts
    @(107.6200 mm, 105.9050 mm): PTH pad 13 [C2_D3_P] of J4
[copper_edge_clearance]: Board edge clearance violation (board setup constraints edge clearance 0.3000 mm; actual 0.0000 mm)
    Rule: board setup constraints edge; error
    @(120.0000 mm, 106.0000 mm): Segment on Edge.Cuts
    @(109.5250 mm, 105.9050 mm): PTH pad 14 [C2_5V_NC] of J4
[copper_edge_clearance]: Board edge clearance violation (board setup constraints edge clearance 0.3000 mm; actual 0.0000 mm)
    Rule: board setup constraints edge; error
    @(120.0000 mm, 106.0000 mm): Segment on Edge.Cuts
    @(111.4300 mm, 105.9050 mm): PTH pad 15 [GND] of J4
[copper_edge_clearance]: Board edge clearance violation (board setup constraints edge clearance 0.3000 mm; actual 0.0000 mm)
    Rule: board setup constraints edge; error
    @(120.0000 mm, 106.0000 mm): Segment on Edge.Cuts
    @(113.3350 mm, 105.9050 mm): PTH pad 16 [C2_HPD] of J4
[copper_edge_clearance]: Board edge clearance violation (board setup constraints edge clearance 0.3000 mm; actual 0.0600 mm)
    Rule: board setup constraints edge; error
    @(120.0000 mm, 106.0000 mm): Segment on Edge.Cuts
    @(94.1580 mm, 107.8100 mm): PTH pad SH [SHLD2] of J4
[copper_edge_clearance]: Board edge clearance violation (board setup constraints edge clearance 0.3000 mm; actual 0.2300 mm)
    Rule: board setup constraints edge; error
    @(88.0000 mm, 40.0000 mm): Segment on Edge.Cuts
    @(89.0800 mm, 64.0000 mm): PTH pad 3 [C2_HPD] of J5
[copper_edge_clearance]: Board edge clearance violation (board setup constraints edge clearance 0.3000 mm; actual 0.0000 mm)
    Rule: board setup constraints edge; error
    @(40.0000 mm, 40.0000 mm): Segment on Edge.Cuts
    @(84.0000 mm, 43.0000 mm): PTH pad 1 [GND] of H1
[starved_thermal]: Thermal relief connection to zone incomplete (layer F.Cu; zone min spoke count 2; actual 1)
    Local override; error
    @(40.0000 mm, 40.0000 mm): Zone 'top ground fill' [GND] on F.Cu, priority 0
    @(54.4150 mm, 42.0000 mm): Pad 3 [GND] of D1 on F.Cu
[starved_thermal]: Thermal relief connection to zone incomplete (layer F.Cu; zone min spoke count 2; actual 1)
    Local override; error
    @(40.0000 mm, 40.0000 mm): Zone 'top ground fill' [GND] on F.Cu, priority 0
    @(55.1850 mm, 42.0000 mm): Pad 8 [GND] of D1 on F.Cu
[starved_thermal]: Thermal relief connection to zone incomplete (layer F.Cu; zone min spoke count 2; actual 1)
    Local override; error
    @(40.0000 mm, 40.0000 mm): Zone 'top ground fill' [GND] on F.Cu, priority 0
    @(57.6150 mm, 42.0000 mm): Pad 3 [GND] of D2 on F.Cu
[starved_thermal]: Thermal relief connection to zone incomplete (layer F.Cu; zone min spoke count 2; actual 1)
    Local override; error
    @(40.0000 mm, 40.0000 mm): Zone 'top ground fill' [GND] on F.Cu, priority 0
    @(58.3850 mm, 42.0000 mm): Pad 8 [GND] of D2 on F.Cu
[starved_thermal]: Thermal relief connection to zone incomplete (layer F.Cu; zone min spoke count 2; actual 1)
    Local override; error
    @(40.0000 mm, 40.0000 mm): Zone 'top ground fill' [GND] on F.Cu, priority 0
    @(60.8150 mm, 42.0000 mm): Pad 3 [GND] of D3 on F.Cu
[starved_thermal]: Thermal relief connection to zone incomplete (layer F.Cu; zone min spoke count 2; actual 1)
    Local override; error
    @(40.0000 mm, 40.0000 mm): Zone 'top ground fill' [GND] on F.Cu, priority 0
    @(61.5850 mm, 42.0000 mm): Pad 8 [GND] of D3 on F.Cu
[starved_thermal]: Thermal relief connection to zone incomplete (layer F.Cu; zone min spoke count 2; actual 1)
    Local override; error
    @(40.0000 mm, 40.0000 mm): Zone 'top ground fill' [GND] on F.Cu, priority 0
    @(64.0150 mm, 42.0000 mm): Pad 3 [GND] of D4 on F.Cu
[starved_thermal]: Thermal relief connection to zone incomplete (layer F.Cu; zone min spoke count 2; actual 1)
    Local override; error
    @(40.0000 mm, 40.0000 mm): Zone 'top ground fill' [GND] on F.Cu, priority 0
    @(64.7850 mm, 42.0000 mm): Pad 8 [GND] of D4 on F.Cu
[starved_thermal]: Thermal relief connection to zone incomplete (layer F.Cu; zone min spoke count 2; actual 1)
    Local override; error
    @(40.0000 mm, 40.0000 mm): Zone 'top ground fill' [GND] on F.Cu, priority 0
    @(67.2150 mm, 42.0000 mm): Pad 3 [GND] of D5 on F.Cu
[starved_thermal]: Thermal relief connection to zone incomplete (layer F.Cu; zone min spoke count 2; actual 1)
    Local override; error
    @(40.0000 mm, 40.0000 mm): Zone 'top ground fill' [GND] on F.Cu, priority 0
    @(67.9850 mm, 42.0000 mm): Pad 8 [GND] of D5 on F.Cu
[starved_thermal]: Thermal relief connection to zone incomplete (layer F.Cu; zone min spoke count 2; actual 1)
    Local override; error
    @(40.0000 mm, 40.0000 mm): Zone 'top ground fill' [GND] on F.Cu, priority 0
    @(70.4150 mm, 42.0000 mm): Pad 3 [GND] of D6 on F.Cu
[starved_thermal]: Thermal relief connection to zone incomplete (layer F.Cu; zone min spoke count 2; actual 1)
    Local override; error
    @(40.0000 mm, 40.0000 mm): Zone 'top ground fill' [GND] on F.Cu, priority 0
    @(71.1850 mm, 42.0000 mm): Pad 8 [GND] of D6 on F.Cu
[starved_thermal]: Thermal relief connection to zone incomplete (layer F.Cu; zone min spoke count 2; actual 1)
    Local override; error
    @(40.0000 mm, 40.0000 mm): Zone 'top ground fill' [GND] on F.Cu, priority 0
    @(73.6150 mm, 42.0000 mm): Pad 3 [GND] of D7 on F.Cu
[starved_thermal]: Thermal relief connection to zone incomplete (layer F.Cu; zone min spoke count 2; actual 1)
    Local override; error
    @(40.0000 mm, 40.0000 mm): Zone 'top ground fill' [GND] on F.Cu, priority 0
    @(74.3850 mm, 42.0000 mm): Pad 8 [GND] of D7 on F.Cu
[starved_thermal]: Thermal relief connection to zone incomplete (layer F.Cu; zone min spoke count 2; actual 1)
    Local override; error
    @(40.0000 mm, 40.0000 mm): Zone 'top ground fill' [GND] on F.Cu, priority 0
    @(76.8150 mm, 42.0000 mm): Pad 3 [GND] of D8 on F.Cu
[starved_thermal]: Thermal relief connection to zone incomplete (layer F.Cu; zone min spoke count 2; actual 1)
    Local override; error
    @(40.0000 mm, 40.0000 mm): Zone 'top ground fill' [GND] on F.Cu, priority 0
    @(77.5850 mm, 42.0000 mm): Pad 8 [GND] of D8 on F.Cu
[solder_mask_bridge]: Front solder mask aperture bridges items with different nets
    Rule: board setup solder mask min width; error
    @(52.4300 mm, 55.3900 mm): PTH pad 7 [VLVDS] of J1
    @(51.7300 mm, 56.5400 mm): PTH pad 2 [HL2_AUX] of J2
[solder_mask_bridge]: Rear solder mask aperture bridges items with different nets
    Rule: board setup solder mask min width; error
    @(52.4300 mm, 55.3900 mm): PTH pad 7 [VLVDS] of J1
    @(51.7300 mm, 56.5400 mm): PTH pad 2 [HL2_AUX] of J2
[solder_mask_bridge]: Front solder mask aperture bridges items with different nets
    Rule: board setup solder mask min width; error
    @(52.4300 mm, 57.9300 mm): PTH pad 8 [VLVDS] of J1
    @(51.7300 mm, 56.5400 mm): PTH pad 2 [HL2_AUX] of J2
[solder_mask_bridge]: Front solder mask aperture bridges items with different nets
    Rule: board setup solder mask min width; error
    @(52.4300 mm, 57.9300 mm): PTH pad 8 [VLVDS] of J1
    @(51.7300 mm, 59.0800 mm): PTH pad 4 [GND] of J2
[solder_mask_bridge]: Rear solder mask aperture bridges items with different nets
    Rule: board setup solder mask min width; error
    @(52.4300 mm, 57.9300 mm): PTH pad 8 [VLVDS] of J1
    @(51.7300 mm, 56.5400 mm): PTH pad 2 [HL2_AUX] of J2
[solder_mask_bridge]: Rear solder mask aperture bridges items with different nets
    Rule: board setup solder mask min width; error
    @(52.4300 mm, 57.9300 mm): PTH pad 8 [VLVDS] of J1
    @(51.7300 mm, 59.0800 mm): PTH pad 4 [GND] of J2
[solder_mask_bridge]: Front solder mask aperture bridges items with different nets
    Rule: board setup solder mask min width; error
    @(54.9700 mm, 55.3900 mm): PTH pad 9 [HL2_CLK] of J1
    @(54.2700 mm, 56.5400 mm): PTH pad 1 [HL2_STAT] of J2
[solder_mask_bridge]: Rear solder mask aperture bridges items with different nets
    Rule: board setup solder mask min width; error
    @(54.9700 mm, 55.3900 mm): PTH pad 9 [HL2_CLK] of J1
    @(54.2700 mm, 56.5400 mm): PTH pad 1 [HL2_STAT] of J2
[solder_mask_bridge]: Front solder mask aperture bridges items with different nets
    Rule: board setup solder mask min width; error
    @(54.9700 mm, 57.9300 mm): PTH pad 10 [<no net>] of J1
    @(54.2700 mm, 56.5400 mm): PTH pad 1 [HL2_STAT] of J2
[solder_mask_bridge]: Front solder mask aperture bridges items with different nets
    Rule: board setup solder mask min width; error
    @(54.9700 mm, 57.9300 mm): PTH pad 10 [<no net>] of J1
    @(54.2700 mm, 59.0800 mm): PTH pad 3 [GND] of J2
[solder_mask_bridge]: Rear solder mask aperture bridges items with different nets
    Rule: board setup solder mask min width; error
    @(54.9700 mm, 57.9300 mm): PTH pad 10 [<no net>] of J1
    @(54.2700 mm, 56.5400 mm): PTH pad 1 [HL2_STAT] of J2
[solder_mask_bridge]: Front solder mask aperture bridges items with different nets
    Rule: board setup solder mask min width; error
    @(56.4750 mm, 78.8250 mm): Pad 15 [C1_D3_P] of U2 on F.Cu
    @(56.4750 mm, 78.4450 mm): Pad 9 [C1_D2_N] of U1 on F.Cu
[solder_mask_bridge]: Rear solder mask aperture bridges items with different nets
    Rule: board setup solder mask min width; error
    @(54.9700 mm, 57.9300 mm): PTH pad 10 [<no net>] of J1
    @(54.2700 mm, 59.0800 mm): PTH pad 3 [GND] of J2
[solder_mask_bridge]: Front solder mask aperture bridges items with different nets
    Rule: board setup solder mask min width; error
    @(56.4750 mm, 77.5550 mm): Pad 16 [C1_D3_N] of U2 on F.Cu
    @(56.4750 mm, 77.1750 mm): Pad 10 [C1_D2_P] of U1 on F.Cu
[solder_mask_bridge]: Front solder mask aperture bridges items with different nets
    Rule: board setup solder mask min width; error
    @(60.0500 mm, 55.3900 mm): PTH pad 13 [GND] of J1
    @(61.2000 mm, 54.8000 mm): Pad 1 [HL2_REV1] of TP11 on F.Cu
[solder_mask_bridge]: Front solder mask aperture bridges items with different nets
    Rule: board setup solder mask min width; error
    @(60.0500 mm, 57.9300 mm): PTH pad 14 [GND] of J1
    @(61.2000 mm, 58.0000 mm): Pad 1 [DRV_SP_N] of TP29 on F.Cu
[solder_mask_bridge]: Front solder mask aperture bridges items with different nets
    Rule: board setup solder mask min width; error
    @(62.5900 mm, 57.9300 mm): PTH pad 16 [SCL1] of J1
    @(61.2000 mm, 58.0000 mm): Pad 1 [DRV_SP_N] of TP29 on F.Cu
[solder_mask_bridge]: Front solder mask aperture bridges items with different nets
    Rule: board setup solder mask min width; error
    @(51.5250 mm, 77.1750 mm): Pad 7 [DRVI_D2] of U1 on F.Cu
    @(51.5250 mm, 77.5550 mm): Pad 1 [+3V3] of U2 on F.Cu
[solder_mask_bridge]: Front solder mask aperture bridges items with different nets
    Rule: board setup solder mask min width; error
    @(67.6000 mm, 54.8000 mm): Pad 1 [HL2_REVCLK] of TP13 on F.Cu
    @(67.6700 mm, 55.3900 mm): PTH pad 19 [DB1_3V3] of J1
[solder_mask_bridge]: Front solder mask aperture bridges items with different nets
    Rule: board setup solder mask min width; error
    @(65.1300 mm, 57.9300 mm): PTH pad 18 [SDA1] of J1
    @(64.4000 mm, 58.0000 mm): Pad 1 [X_SPARE25] of TP30 on F.Cu
[solder_mask_bridge]: Front solder mask aperture bridges items with different nets
    Rule: board setup solder mask min width; error
    @(51.5250 mm, 78.4450 mm): Pad 8 [GND] of U1 on F.Cu
    @(51.5250 mm, 78.8250 mm): Pad 2 [DRVI_D3] of U2 on F.Cu
[solder_mask_bridge]: Front solder mask aperture bridges items with different nets
    Rule: board setup solder mask min width; error
    @(67.6700 mm, 57.9300 mm): PTH pad 20 [DB1_3V3] of J1
    @(67.6000 mm, 58.0000 mm): Pad 1 [C2_5V_NC] of TP31 on F.Cu

** Found 225 unconnected pads **
[unconnected_items]: Missing connection between items
    Local override; error
    @(40.0000 mm, 40.0000 mm): Zone 'top ground fill' [GND] on F.Cu, priority 0
    @(51.5250 mm, 78.4450 mm): Pad 8 [GND] of U1 on F.Cu
[unconnected_items]: Missing connection between items
    Local override; error
    @(65.8100 mm, 107.8100 mm): PTH pad 19 [GND] of J3
    @(65.8100 mm, 105.9050 mm): PTH pad 11 [GND] of J3
[unconnected_items]: Missing connection between items
    Local override; error
    @(65.8100 mm, 107.8100 mm): PTH pad 19 [GND] of J3
    @(71.5250 mm, 107.8100 mm): PTH pad 22 [GND] of J3
[unconnected_items]: Missing connection between items
    Local override; error
    @(73.4300 mm, 105.9050 mm): PTH pad 15 [GND] of J3
    @(71.5250 mm, 107.8100 mm): PTH pad 22 [GND] of J3
[unconnected_items]: Missing connection between items
    Local override; error
    @(84.0000 mm, 43.0000 mm): PTH pad 1 [GND] of H1
    @(89.6150 mm, 42.0000 mm): Pad 3 [GND] of D9 on F.Cu
[unconnected_items]: Missing connection between items
    Local override; error
    @(90.3850 mm, 42.0000 mm): Pad 8 [GND] of D9 on F.Cu
    @(89.6150 mm, 42.0000 mm): Pad 3 [GND] of D9 on F.Cu
[unconnected_items]: Missing connection between items
    Local override; error
    @(90.5100 mm, 48.4000 mm): Pad 2 [GND] of R39 on F.Cu
    @(40.0000 mm, 40.0000 mm): Zone 'top ground fill' [GND] on F.Cu, priority 0
[unconnected_items]: Missing connection between items
    Local override; error
    @(94.1125 mm, 48.4000 mm): Pad 2 [GND] of R37 on F.Cu
    @(97.3125 mm, 48.4000 mm): Pad 2 [GND] of R38 on F.Cu
[unconnected_items]: Missing connection between items
    Local override; error
    @(94.1125 mm, 48.4000 mm): Pad 2 [GND] of R37 on F.Cu
    @(90.5100 mm, 48.4000 mm): Pad 2 [GND] of R39 on F.Cu
[unconnected_items]: Missing connection between items
    Local override; error
    @(100.0800 mm, 48.4000 mm): Pad 2 [GND] of C1 on F.Cu
    @(97.3125 mm, 48.4000 mm): Pad 2 [GND] of R38 on F.Cu
[unconnected_items]: Missing connection between items
    Local override; error
    @(100.0800 mm, 48.4000 mm): Pad 2 [GND] of C1 on F.Cu
    @(103.2800 mm, 48.4000 mm): Pad 2 [GND] of C2 on F.Cu
[unconnected_items]: Missing connection between items
    Local override; error
    @(103.8100 mm, 107.8100 mm): PTH pad 19 [GND] of J4
    @(103.8100 mm, 105.9050 mm): PTH pad 11 [GND] of J4
[unconnected_items]: Missing connection between items
    Local override; error
    @(103.8100 mm, 107.8100 mm): PTH pad 19 [GND] of J4
    @(109.5250 mm, 107.8100 mm): PTH pad 22 [GND] of J4
[unconnected_items]: Missing connection between items
    Local override; error
    @(106.4800 mm, 48.4000 mm): Pad 2 [GND] of C3 on F.Cu
    @(103.2800 mm, 48.4000 mm): Pad 2 [GND] of C2 on F.Cu
[unconnected_items]: Missing connection between items
    Local override; error
    @(106.5100 mm, 42.0000 mm): Pad 2 [GND] of R10 on F.Cu
    @(100.1100 mm, 42.0000 mm): Pad 2 [GND] of R9 on F.Cu
[unconnected_items]: Missing connection between items
    Local override; error
    @(106.8500 mm, 67.7000 mm): Pad 1 [GND] of U7 on F.Cu
    @(106.4800 mm, 48.4000 mm): Pad 2 [GND] of C3 on F.Cu
[unconnected_items]: Missing connection between items
    Local override; error
    @(109.5250 mm, 107.8100 mm): PTH pad 22 [GND] of J4
    @(40.0000 mm, 40.0000 mm): Zone 'GND plane (layer 2)' [GND] on In1.Cu, priority 0
[unconnected_items]: Missing connection between items
    Local override; error
    @(109.6800 mm, 48.4000 mm): Pad 2 [GND] of C4 on F.Cu
    @(106.4800 mm, 48.4000 mm): Pad 2 [GND] of C3 on F.Cu
[unconnected_items]: Missing connection between items
    Local override; error
    @(112.8800 mm, 48.4000 mm): Pad 2 [GND] of C5 on F.Cu
    @(109.6800 mm, 48.4000 mm): Pad 2 [GND] of C4 on F.Cu
[unconnected_items]: Missing connection between items
    Local override; error
    @(112.8800 mm, 48.4000 mm): Pad 2 [GND] of C5 on F.Cu
    @(116.0800 mm, 48.4000 mm): Pad 2 [GND] of C6 on F.Cu
[unconnected_items]: Missing connection between items
    Local override; error
    @(112.9100 mm, 42.0000 mm): Pad 2 [GND] of R11 on F.Cu
    @(112.9100 mm, 45.2000 mm): Pad 2 [GND] of R24 on F.Cu
[unconnected_items]: Missing connection between items
    Local override; error
    @(112.9100 mm, 42.0000 mm): Pad 2 [GND] of R11 on F.Cu
    @(106.5100 mm, 42.0000 mm): Pad 2 [GND] of R10 on F.Cu
[unconnected_items]: Missing connection between items
    Local override; error
    @(112.9100 mm, 45.2000 mm): Pad 2 [GND] of R24 on F.Cu
    @(112.8800 mm, 48.4000 mm): Pad 2 [GND] of C5 on F.Cu
[unconnected_items]: Missing connection between items
    Local override; error
    @(47.1375 mm, 63.0500 mm): Pad 5 [+2V5] of U6 on F.Cu
    @(66.8625 mm, 61.7250 mm): Pad 16 [+2V5] of U5 on F.Cu
[unconnected_items]: Missing connection between items
    Local override; error
    @(67.1200 mm, 51.6000 mm): Pad 1 [+2V5] of C9 on F.Cu
    @(66.8625 mm, 61.7250 mm): Pad 16 [+2V5] of U5 on F.Cu
[unconnected_items]: Missing connection between items
    Local override; error
    @(87.3100 mm, 48.4000 mm): Pad 2 [+2V5] of R36 on F.Cu
    @(67.1200 mm, 51.6000 mm): Pad 1 [+2V5] of C9 on F.Cu
[unconnected_items]: Missing connection between items
    Local override; error
    @(96.4000 mm, 54.8000 mm): Pad 1 [+2V5] of TP22 on F.Cu
    @(87.3100 mm, 48.4000 mm): Pad 2 [+2V5] of R36 on F.Cu
[unconnected_items]: Missing connection between items
    Local override; error
    @(96.4000 mm, 54.8000 mm): Pad 1 [+2V5] of TP22 on F.Cu
    @(115.1200 mm, 48.4000 mm): Pad 1 [+2V5] of C6 on F.Cu
[unconnected_items]: Missing connection between items
    Local override; error
    @(44.8625 mm, 63.0500 mm): Pad 1 [+3V3] of U6 on F.Cu
    @(44.8625 mm, 64.9500 mm): Pad 3 [+3V3] of U6 on F.Cu
[unconnected_items]: Missing connection between items
    Local override; error
    @(51.5250 mm, 69.5550 mm): Pad 1 [+3V3] of U1 on F.Cu
    @(51.5250 mm, 73.3650 mm): Pad 4 [+3V3] of U1 on F.Cu
[unconnected_items]: Missing connection between items
    Local override; error
    @(51.5250 mm, 69.5550 mm): Pad 1 [+3V3] of U1 on F.Cu
    @(44.8625 mm, 64.9500 mm): Pad 3 [+3V3] of U6 on F.Cu
[unconnected_items]: Missing connection between items
    Local override; error
    @(51.5250 mm, 73.3650 mm): Pad 4 [+3V3] of U1 on F.Cu
    @(51.5250 mm, 77.5550 mm): Pad 1 [+3V3] of U2 on F.Cu
[unconnected_items]: Missing connection between items
    Local override; error
    @(51.5250 mm, 81.3650 mm): Pad 4 [+3V3] of U2 on F.Cu
    @(51.5250 mm, 77.5550 mm): Pad 1 [+3V3] of U2 on F.Cu
[unconnected_items]: Missing connection between items
    Local override; error
    @(61.1375 mm, 61.7250 mm): Pad 1 [+3V3] of U5 on F.Cu
    @(61.1375 mm, 62.3750 mm): Pad 2 [+3V3] of U5 on F.Cu
[unconnected_items]: Missing connection between items
    Local override; error
    @(61.1375 mm, 61.7250 mm): Pad 1 [+3V3] of U5 on F.Cu
    @(60.2500 mm, 51.6000 mm): Pad 1 [+3V3] of C7 on F.Cu
[unconnected_items]: Missing connection between items
    Local override; error
    @(61.1375 mm, 63.0250 mm): Pad 3 [+3V3] of U5 on F.Cu
    @(61.1375 mm, 62.3750 mm): Pad 2 [+3V3] of U5 on F.Cu
[unconnected_items]: Missing connection between items
    Local override; error
    @(61.1375 mm, 63.0250 mm): Pad 3 [+3V3] of U5 on F.Cu
    @(51.5250 mm, 69.5550 mm): Pad 1 [+3V3] of U1 on F.Cu
[unconnected_items]: Missing connection between items
    Local override; error
    @(63.9200 mm, 51.6000 mm): Pad 1 [+3V3] of C8 on F.Cu
    @(60.2500 mm, 51.6000 mm): Pad 1 [+3V3] of C7 on F.Cu
[unconnected_items]: Missing connection between items
    Local override; error
    @(63.9200 mm, 51.6000 mm): Pad 1 [+3V3] of C8 on F.Cu
    @(70.3200 mm, 51.6000 mm): Pad 1 [+3V3] of C10 on F.Cu
[unconnected_items]: Missing connection between items
    Local override; error
    @(76.8625 mm, 71.7250 mm): Pad 16 [+3V3] of U3 on F.Cu
    @(76.8625 mm, 73.6750 mm): Pad 13 [+3V3] of U3 on F.Cu
[unconnected_items]: Missing connection between items
    Local override; error
    @(76.8625 mm, 79.7250 mm): Pad 16 [+3V3] of U4 on F.Cu
    @(76.8625 mm, 73.6750 mm): Pad 13 [+3V3] of U3 on F.Cu
[unconnected_items]: Missing connection between items
    Local override; error
    @(76.8625 mm, 81.6750 mm): Pad 13 [+3V3] of U4 on F.Cu
    @(76.8625 mm, 79.7250 mm): Pad 16 [+3V3] of U4 on F.Cu
[unconnected_items]: Missing connection between items
    Local override; error
    @(77.7100 mm, 48.4000 mm): Pad 2 [+3V3] of R33 on F.Cu
    @(70.3200 mm, 51.6000 mm): Pad 1 [+3V3] of C10 on F.Cu
[unconnected_items]: Missing connection between items
    Local override; error
    @(84.0000 mm, 64.0000 mm): PTH pad 1 [+3V3] of J5
    @(76.8625 mm, 71.7250 mm): Pad 16 [+3V3] of U3 on F.Cu
[unconnected_items]: Missing connection between items
    Local override; error
    @(93.2000 mm, 54.8000 mm): Pad 1 [+3V3] of TP21 on F.Cu
    @(99.1200 mm, 48.4000 mm): Pad 1 [+3V3] of C1 on F.Cu
[unconnected_items]: Missing connection between items
    Local override; error
    @(93.2000 mm, 54.8000 mm): Pad 1 [+3V3] of TP21 on F.Cu
    @(84.0000 mm, 64.0000 mm): PTH pad 1 [+3V3] of J5
[unconnected_items]: Missing connection between items
    Local override; error
    @(93.2000 mm, 54.8000 mm): Pad 1 [+3V3] of TP21 on F.Cu
    @(77.7100 mm, 48.4000 mm): Pad 2 [+3V3] of R33 on F.Cu
[unconnected_items]: Missing connection between items
    Local override; error
    @(102.3200 mm, 48.4000 mm): Pad 1 [+3V3] of C2 on F.Cu
    @(99.1200 mm, 48.4000 mm): Pad 1 [+3V3] of C1 on F.Cu
[unconnected_items]: Missing connection between items
    Local override; error
    @(102.5400 mm, 64.0000 mm): PTH pad 2 [+3V3] of J6
    @(93.2000 mm, 54.8000 mm): Pad 1 [+3V3] of TP21 on F.Cu
[unconnected_items]: Missing connection between items
    Local override; error
    @(105.5200 mm, 48.4000 mm): Pad 1 [+3V3] of C3 on F.Cu
    @(102.3200 mm, 48.4000 mm): Pad 1 [+3V3] of C2 on F.Cu
[unconnected_items]: Missing connection between items
    Local override; error
    @(108.7200 mm, 48.4000 mm): Pad 1 [+3V3] of C4 on F.Cu
    @(111.9200 mm, 48.4000 mm): Pad 1 [+3V3] of C5 on F.Cu
[unconnected_items]: Missing connection between items
    Local override; error
    @(108.7200 mm, 48.4000 mm): Pad 1 [+3V3] of C4 on F.Cu
    @(105.5200 mm, 48.4000 mm): Pad 1 [+3V3] of C3 on F.Cu
[unconnected_items]: Missing connection between items
    Local override; error
    @(116.1100 mm, 45.2000 mm): Pad 2 [+3V3] of R25 on F.Cu
    @(111.9200 mm, 48.4000 mm): Pad 1 [+3V3] of C5 on F.Cu
[unconnected_items]: Missing connection between items
    Local override; error
    @(54.4150 mm, 41.5000 mm): Pad 2 [C1_CLK_N] of D1 on F.Cu
    @(56.4750 mm, 69.5550 mm): Pad 16 [C1_CLK_N] of U1 on F.Cu
[unconnected_items]: Missing connection between items
    Local override; error
    @(56.4750 mm, 69.5550 mm): Pad 16 [C1_CLK_N] of U1 on F.Cu
    @(75.3350 mm, 107.8100 mm): PTH pad 24 [C1_CLK_N] of J3
[unconnected_items]: Missing connection between items
    Local override; error
    @(54.4150 mm, 41.0000 mm): Pad 1 [C1_CLK_P] of D1 on F.Cu
    @(56.4750 mm, 70.8250 mm): Pad 15 [C1_CLK_P] of U1 on F.Cu
[unconnected_items]: Missing connection between items
    Local override; error
    @(56.4750 mm, 70.8250 mm): Pad 15 [C1_CLK_P] of U1 on F.Cu
    @(73.4300 mm, 107.8100 mm): PTH pad 23 [C1_CLK_P] of J3
[unconnected_items]: Missing connection between items
    Local override; error
    @(54.4150 mm, 43.0000 mm): Pad 5 [C1_D0_N] of D1 on F.Cu
    @(56.4750 mm, 73.3650 mm): Pad 13 [C1_D0_N] of U1 on F.Cu
[unconnected_items]: Missing connection between items
    Local override; error
    @(56.4750 mm, 73.3650 mm): Pad 13 [C1_D0_N] of U1 on F.Cu
    @(62.0000 mm, 107.8100 mm): PTH pad 17 [C1_D0_N] of J3
[unconnected_items]: Missing connection between items
    Local override; error
    @(54.4150 mm, 42.5000 mm): Pad 4 [C1_D0_P] of D1 on F.Cu
    @(56.4750 mm, 72.0950 mm): Pad 14 [C1_D0_P] of U1 on F.Cu
[unconnected_items]: Missing connection between items
    Local override; error
    @(56.4750 mm, 72.0950 mm): Pad 14 [C1_D0_P] of U1 on F.Cu
    @(63.9050 mm, 107.8100 mm): PTH pad 18 [C1_D0_P] of J3
[unconnected_items]: Missing connection between items
    Local override; error
    @(56.4750 mm, 74.6350 mm): Pad 12 [C1_D1_N] of U1 on F.Cu
    @(62.0000 mm, 105.9050 mm): PTH pad 9 [C1_D1_N] of J3
[unconnected_items]: Missing connection between items
    Local override; error
    @(57.6150 mm, 41.5000 mm): Pad 2 [C1_D1_N] of D2 on F.Cu
    @(56.4750 mm, 74.6350 mm): Pad 12 [C1_D1_N] of U1 on F.Cu
[unconnected_items]: Missing connection between items
    Local override; error
    @(56.4750 mm, 75.9050 mm): Pad 11 [C1_D1_P] of U1 on F.Cu
    @(63.9050 mm, 105.9050 mm): PTH pad 10 [C1_D1_P] of J3
[unconnected_items]: Missing connection between items
    Local override; error
    @(57.6150 mm, 41.0000 mm): Pad 1 [C1_D1_P] of D2 on F.Cu
    @(56.4750 mm, 75.9050 mm): Pad 11 [C1_D1_P] of U1 on F.Cu
[unconnected_items]: Missing connection between items
    Local override; error
    @(56.4750 mm, 78.4450 mm): Pad 9 [C1_D2_N] of U1 on F.Cu
    @(62.0000 mm, 104.0000 mm): PTH pad 1 [C1_D2_N] of J3
[unconnected_items]: Missing connection between items
    Local override; error
    @(57.6150 mm, 43.0000 mm): Pad 5 [C1_D2_N] of D2 on F.Cu
    @(56.4750 mm, 78.4450 mm): Pad 9 [C1_D2_N] of U1 on F.Cu
[unconnected_items]: Missing connection between items
    Local override; error
    @(56.4750 mm, 77.1750 mm): Pad 10 [C1_D2_P] of U1 on F.Cu
    @(63.9050 mm, 104.0000 mm): PTH pad 2 [C1_D2_P] of J3
[unconnected_items]: Missing connection between items
    Local override; error
    @(57.6150 mm, 42.5000 mm): Pad 4 [C1_D2_P] of D2 on F.Cu
    @(56.4750 mm, 77.1750 mm): Pad 10 [C1_D2_P] of U1 on F.Cu
[unconnected_items]: Missing connection between items
    Local override; error
    @(56.4750 mm, 77.5550 mm): Pad 16 [C1_D3_N] of U2 on F.Cu
    @(67.7150 mm, 105.9050 mm): PTH pad 12 [C1_D3_N] of J3
[unconnected_items]: Missing connection between items
    Local override; error
    @(60.8150 mm, 41.5000 mm): Pad 2 [C1_D3_N] of D3 on F.Cu
    @(56.4750 mm, 77.5550 mm): Pad 16 [C1_D3_N] of U2 on F.Cu
[unconnected_items]: Missing connection between items
    Local override; error
    @(56.4750 mm, 78.8250 mm): Pad 15 [C1_D3_P] of U2 on F.Cu
    @(69.6200 mm, 105.9050 mm): PTH pad 13 [C1_D3_P] of J3
[unconnected_items]: Missing connection between items
    Local override; error
    @(60.8150 mm, 41.0000 mm): Pad 1 [C1_D3_P] of D3 on F.Cu
    @(56.4750 mm, 78.8250 mm): Pad 15 [C1_D3_P] of U2 on F.Cu
[unconnected_items]: Missing connection between items
    Local override; error
    @(56.4750 mm, 81.3650 mm): Pad 13 [C1_D4_N] of U2 on F.Cu
    @(67.7150 mm, 104.0000 mm): PTH pad 4 [C1_D4_N] of J3
[unconnected_items]: Missing connection between items
    Local override; error
    @(60.8150 mm, 43.0000 mm): Pad 5 [C1_D4_N] of D3 on F.Cu
    @(56.4750 mm, 81.3650 mm): Pad 13 [C1_D4_N] of U2 on F.Cu
[unconnected_items]: Missing connection between items
    Local override; error
    @(56.4750 mm, 80.0950 mm): Pad 14 [C1_D4_P] of U2 on F.Cu
    @(69.6200 mm, 104.0000 mm): PTH pad 5 [C1_D4_P] of J3
[unconnected_items]: Missing connection between items
    Local override; error
    @(60.8150 mm, 42.5000 mm): Pad 4 [C1_D4_P] of D3 on F.Cu
    @(56.4750 mm, 80.0950 mm): Pad 14 [C1_D4_P] of U2 on F.Cu
[unconnected_items]: Missing connection between items
    Local override; error
    @(56.4750 mm, 82.6350 mm): Pad 12 [C1_D5_N] of U2 on F.Cu
    @(67.7150 mm, 107.8100 mm): PTH pad 20 [C1_D5_N] of J3
[unconnected_items]: Missing connection between items
    Local override; error
    @(64.0150 mm, 41.5000 mm): Pad 2 [C1_D5_N] of D4 on F.Cu
    @(56.4750 mm, 82.6350 mm): Pad 12 [C1_D5_N] of U2 on F.Cu
[unconnected_items]: Missing connection between items
    Local override; error
    @(56.4750 mm, 83.9050 mm): Pad 11 [C1_D5_P] of U2 on F.Cu
    @(69.6200 mm, 107.8100 mm): PTH pad 21 [C1_D5_P] of J3
[unconnected_items]: Missing connection between items
    Local override; error
    @(64.0150 mm, 41.0000 mm): Pad 1 [C1_D5_P] of D4 on F.Cu
    @(56.4750 mm, 83.9050 mm): Pad 11 [C1_D5_P] of U2 on F.Cu
[unconnected_items]: Missing connection between items
    Local override; error
    @(67.2150 mm, 41.0000 mm): Pad 1 [C1_HPD] of D5 on F.Cu
    @(83.6000 mm, 54.8000 mm): Pad 1 [C1_HPD] of TP18 on F.Cu
[unconnected_items]: Missing connection between items
    Local override; error
    @(75.3350 mm, 105.9050 mm): PTH pad 16 [C1_HPD] of J3
    @(83.6000 mm, 54.8000 mm): Pad 1 [C1_HPD] of TP18 on F.Cu
[unconnected_items]: Missing connection between items
    Local override; error
    @(83.6000 mm, 54.8000 mm): Pad 1 [C1_HPD] of TP18 on F.Cu
    @(111.8900 mm, 45.2000 mm): Pad 1 [C1_HPD] of R24 on F.Cu
[unconnected_items]: Missing connection between items
    Local override; error
    @(64.0150 mm, 42.5000 mm): Pad 4 [C1_SCL] of D4 on F.Cu
    @(71.5250 mm, 104.0000 mm): PTH pad 6 [C1_SCL] of J3
[unconnected_items]: Missing connection between items
    Local override; error
    @(106.5100 mm, 45.2000 mm): Pad 2 [C1_SCL] of R22 on F.Cu
    @(64.0150 mm, 42.5000 mm): Pad 4 [C1_SCL] of D4 on F.Cu
[unconnected_items]: Missing connection between items
    Local override; error
    @(64.0150 mm, 43.0000 mm): Pad 5 [C1_SDA] of D4 on F.Cu
    @(73.4300 mm, 104.0000 mm): PTH pad 7 [C1_SDA] of J3
[unconnected_items]: Missing connection between items
    Local override; error
    @(109.7100 mm, 45.2000 mm): Pad 2 [C1_SDA] of R23 on F.Cu
    @(64.0150 mm, 43.0000 mm): Pad 5 [C1_SDA] of D4 on F.Cu
[unconnected_items]: Missing connection between items
    Local override; error
    @(67.6000 mm, 58.0000 mm): Pad 1 [C2_5V_NC] of TP31 on F.Cu
    @(109.5250 mm, 105.9050 mm): PTH pad 14 [C2_5V_NC] of J4
[unconnected_items]: Missing connection between items
    Local override; error
    @(55.3100 mm, 48.4000 mm): Pad 2 [C2_CLK_N] of R26 on F.Cu
    @(71.1375 mm, 71.7250 mm): Pad 1 [C2_CLK_N] of U3 on F.Cu
[unconnected_items]: Missing connection between items
    Local override; error
    @(67.2150 mm, 43.0000 mm): Pad 5 [C2_CLK_N] of D5 on F.Cu
    @(55.3100 mm, 48.4000 mm): Pad 2 [C2_CLK_N] of R26 on F.Cu
[unconnected_items]: Missing connection between items
    Local override; error
    @(71.1375 mm, 71.7250 mm): Pad 1 [C2_CLK_N] of U3 on F.Cu
    @(113.3350 mm, 107.8100 mm): PTH pad 24 [C2_CLK_N] of J4
[unconnected_items]: Missing connection between items
    Local override; error
    @(54.2900 mm, 48.4000 mm): Pad 1 [C2_CLK_P] of R26 on F.Cu
    @(71.1375 mm, 72.3750 mm): Pad 2 [C2_CLK_P] of U3 on F.Cu
[unconnected_items]: Missing connection between items
    Local override; error
    @(67.2150 mm, 42.5000 mm): Pad 4 [C2_CLK_P] of D5 on F.Cu
    @(54.2900 mm, 48.4000 mm): Pad 1 [C2_CLK_P] of R26 on F.Cu
[unconnected_items]: Missing connection between items
    Local override; error
    @(71.1375 mm, 72.3750 mm): Pad 2 [C2_CLK_P] of U3 on F.Cu
    @(111.4300 mm, 107.8100 mm): PTH pad 23 [C2_CLK_P] of J4
[unconnected_items]: Missing connection between items
    Local override; error
    @(58.5100 mm, 48.4000 mm): Pad 2 [C2_D0_N] of R27 on F.Cu
    @(71.1375 mm, 73.6750 mm): Pad 4 [C2_D0_N] of U3 on F.Cu
[unconnected_items]: Missing connection between items
    Local override; error
    @(70.4150 mm, 41.5000 mm): Pad 2 [C2_D0_N] of D6 on F.Cu
    @(58.5100 mm, 48.4000 mm): Pad 2 [C2_D0_N] of R27 on F.Cu
[unconnected_items]: Missing connection between items
    Local override; error
    @(71.1375 mm, 73.6750 mm): Pad 4 [C2_D0_N] of U3 on F.Cu
    @(100.0000 mm, 107.8100 mm): PTH pad 17 [C2_D0_N] of J4
[unconnected_items]: Missing connection between items
    Local override; error
    @(57.4900 mm, 48.4000 mm): Pad 1 [C2_D0_P] of R27 on F.Cu
    @(71.1375 mm, 73.0250 mm): Pad 3 [C2_D0_P] of U3 on F.Cu
[unconnected_items]: Missing connection between items
    Local override; error
    @(70.4150 mm, 41.0000 mm): Pad 1 [C2_D0_P] of D6 on F.Cu
    @(57.4900 mm, 48.4000 mm): Pad 1 [C2_D0_P] of R27 on F.Cu
[unconnected_items]: Missing connection between items
    Local override; error
    @(71.1375 mm, 73.0250 mm): Pad 3 [C2_D0_P] of U3 on F.Cu
    @(101.9050 mm, 107.8100 mm): PTH pad 18 [C2_D0_P] of J4
[unconnected_items]: Missing connection between items
    Local override; error
    @(61.7100 mm, 48.4000 mm): Pad 2 [C2_D1_N] of R28 on F.Cu
    @(71.1375 mm, 74.3250 mm): Pad 5 [C2_D1_N] of U3 on F.Cu
[unconnected_items]: Missing connection between items
    Local override; error
    @(70.4150 mm, 43.0000 mm): Pad 5 [C2_D1_N] of D6 on F.Cu
    @(61.7100 mm, 48.4000 mm): Pad 2 [C2_D1_N] of R28 on F.Cu
[unconnected_items]: Missing connection between items
    Local override; error
    @(71.1375 mm, 74.3250 mm): Pad 5 [C2_D1_N] of U3 on F.Cu
    @(100.0000 mm, 105.9050 mm): PTH pad 9 [C2_D1_N] of J4
[unconnected_items]: Missing connection between items
    Local override; error
    @(60.6900 mm, 48.4000 mm): Pad 1 [C2_D1_P] of R28 on F.Cu
    @(71.1375 mm, 74.9750 mm): Pad 6 [C2_D1_P] of U3 on F.Cu
[unconnected_items]: Missing connection between items
    Local override; error
    @(70.4150 mm, 42.5000 mm): Pad 4 [C2_D1_P] of D6 on F.Cu
    @(60.6900 mm, 48.4000 mm): Pad 1 [C2_D1_P] of R28 on F.Cu
[unconnected_items]: Missing connection between items
    Local override; error
    @(71.1375 mm, 74.9750 mm): Pad 6 [C2_D1_P] of U3 on F.Cu
    @(101.9050 mm, 105.9050 mm): PTH pad 10 [C2_D1_P] of J4
[unconnected_items]: Missing connection between items
    Local override; error
    @(64.9100 mm, 48.4000 mm): Pad 2 [C2_D2_N] of R29 on F.Cu
    @(71.1375 mm, 76.2750 mm): Pad 8 [C2_D2_N] of U3 on F.Cu
[unconnected_items]: Missing connection between items
    Local override; error
    @(71.1375 mm, 76.2750 mm): Pad 8 [C2_D2_N] of U3 on F.Cu
    @(100.0000 mm, 104.0000 mm): PTH pad 1 [C2_D2_N] of J4
[unconnected_items]: Missing connection between items
    Local override; error
    @(73.6150 mm, 41.5000 mm): Pad 2 [C2_D2_N] of D7 on F.Cu
    @(64.9100 mm, 48.4000 mm): Pad 2 [C2_D2_N] of R29 on F.Cu
[unconnected_items]: Missing connection between items
    Local override; error
    @(63.8900 mm, 48.4000 mm): Pad 1 [C2_D2_P] of R29 on F.Cu
    @(71.1375 mm, 75.6250 mm): Pad 7 [C2_D2_P] of U3 on F.Cu
[unconnected_items]: Missing connection between items
    Local override; error
    @(71.1375 mm, 75.6250 mm): Pad 7 [C2_D2_P] of U3 on F.Cu
    @(101.9050 mm, 104.0000 mm): PTH pad 2 [C2_D2_P] of J4
[unconnected_items]: Missing connection between items
    Local override; error
    @(73.6150 mm, 41.0000 mm): Pad 1 [C2_D2_P] of D7 on F.Cu
    @(63.8900 mm, 48.4000 mm): Pad 1 [C2_D2_P] of R29 on F.Cu
[unconnected_items]: Missing connection between items
    Local override; error
    @(68.1100 mm, 48.4000 mm): Pad 2 [C2_D3_N] of R30 on F.Cu
    @(71.1375 mm, 79.7250 mm): Pad 1 [C2_D3_N] of U4 on F.Cu
[unconnected_items]: Missing connection between items
    Local override; error
    @(71.1375 mm, 79.7250 mm): Pad 1 [C2_D3_N] of U4 on F.Cu
    @(105.7150 mm, 105.9050 mm): PTH pad 12 [C2_D3_N] of J4
[unconnected_items]: Missing connection between items
    Local override; error
    @(73.6150 mm, 43.0000 mm): Pad 5 [C2_D3_N] of D7 on F.Cu
    @(68.1100 mm, 48.4000 mm): Pad 2 [C2_D3_N] of R30 on F.Cu
[unconnected_items]: Missing connection between items
    Local override; error
    @(67.0900 mm, 48.4000 mm): Pad 1 [C2_D3_P] of R30 on F.Cu
    @(71.1375 mm, 80.3750 mm): Pad 2 [C2_D3_P] of U4 on F.Cu
[unconnected_items]: Missing connection between items
    Local override; error
    @(71.1375 mm, 80.3750 mm): Pad 2 [C2_D3_P] of U4 on F.Cu
    @(107.6200 mm, 105.9050 mm): PTH pad 13 [C2_D3_P] of J4
[unconnected_items]: Missing connection between items
    Local override; error
    @(73.6150 mm, 42.5000 mm): Pad 4 [C2_D3_P] of D7 on F.Cu
    @(67.0900 mm, 48.4000 mm): Pad 1 [C2_D3_P] of R30 on F.Cu
[unconnected_items]: Missing connection between items
    Local override; error
    @(71.1375 mm, 81.6750 mm): Pad 4 [C2_D4_N] of U4 on F.Cu
    @(105.7150 mm, 104.0000 mm): PTH pad 4 [C2_D4_N] of J4
[unconnected_items]: Missing connection between items
    Local override; error
    @(71.3100 mm, 48.4000 mm): Pad 2 [C2_D4_N] of R31 on F.Cu
    @(71.1375 mm, 81.6750 mm): Pad 4 [C2_D4_N] of U4 on F.Cu
[unconnected_items]: Missing connection between items
    Local override; error
    @(76.8150 mm, 41.5000 mm): Pad 2 [C2_D4_N] of D8 on F.Cu
    @(71.3100 mm, 48.4000 mm): Pad 2 [C2_D4_N] of R31 on F.Cu
[unconnected_items]: Missing connection between items
    Local override; error
    @(70.2900 mm, 48.4000 mm): Pad 1 [C2_D4_P] of R31 on F.Cu
    @(71.1375 mm, 81.0250 mm): Pad 3 [C2_D4_P] of U4 on F.Cu
[unconnected_items]: Missing connection between items
    Local override; error
    @(71.1375 mm, 81.0250 mm): Pad 3 [C2_D4_P] of U4 on F.Cu
    @(107.6200 mm, 104.0000 mm): PTH pad 5 [C2_D4_P] of J4
[unconnected_items]: Missing connection between items
    Local override; error
    @(76.8150 mm, 41.0000 mm): Pad 1 [C2_D4_P] of D8 on F.Cu
    @(70.2900 mm, 48.4000 mm): Pad 1 [C2_D4_P] of R31 on F.Cu
[unconnected_items]: Missing connection between items
    Local override; error
    @(71.1375 mm, 82.3250 mm): Pad 5 [C2_D5_N] of U4 on F.Cu
    @(105.7150 mm, 107.8100 mm): PTH pad 20 [C2_D5_N] of J4
[unconnected_items]: Missing connection between items
    Local override; error
    @(74.5100 mm, 48.4000 mm): Pad 2 [C2_D5_N] of R32 on F.Cu
    @(71.1375 mm, 82.3250 mm): Pad 5 [C2_D5_N] of U4 on F.Cu
[unconnected_items]: Missing connection between items
    Local override; error
    @(76.8150 mm, 43.0000 mm): Pad 5 [C2_D5_N] of D8 on F.Cu
    @(74.5100 mm, 48.4000 mm): Pad 2 [C2_D5_N] of R32 on F.Cu
[unconnected_items]: Missing connection between items
    Local override; error
    @(71.1375 mm, 82.9750 mm): Pad 6 [C2_D5_P] of U4 on F.Cu
    @(107.6200 mm, 107.8100 mm): PTH pad 21 [C2_D5_P] of J4
[unconnected_items]: Missing connection between items
    Local override; error
    @(73.4900 mm, 48.4000 mm): Pad 1 [C2_D5_P] of R32 on F.Cu
    @(71.1375 mm, 82.9750 mm): Pad 6 [C2_D5_P] of U4 on F.Cu
[unconnected_items]: Missing connection between items
    Local override; error
    @(76.8150 mm, 42.5000 mm): Pad 4 [C2_D5_P] of D8 on F.Cu
    @(73.4900 mm, 48.4000 mm): Pad 1 [C2_D5_P] of R32 on F.Cu
[unconnected_items]: Missing connection between items
    Local override; error
    @(86.8000 mm, 54.8000 mm): Pad 1 [C2_HPD] of TP19 on F.Cu
    @(89.0800 mm, 64.0000 mm): PTH pad 3 [C2_HPD] of J5
[unconnected_items]: Missing connection between items
    Local override; error
    @(89.0800 mm, 64.0000 mm): PTH pad 3 [C2_HPD] of J5
    @(113.3350 mm, 105.9050 mm): PTH pad 16 [C2_HPD] of J4
[unconnected_items]: Missing connection between items
    Local override; error
    @(89.6150 mm, 42.5000 mm): Pad 4 [C2_HPD] of D9 on F.Cu
    @(86.8000 mm, 54.8000 mm): Pad 1 [C2_HPD] of TP19 on F.Cu
[unconnected_items]: Missing connection between items
    Local override; error
    @(115.0900 mm, 45.2000 mm): Pad 1 [C2_HPD] of R25 on F.Cu
    @(89.6150 mm, 42.5000 mm): Pad 4 [C2_HPD] of D9 on F.Cu
[unconnected_items]: Missing connection between items
    Local override; error
    @(89.6150 mm, 41.0000 mm): Pad 1 [C2_SCL] of D9 on F.Cu
    @(90.0000 mm, 54.8000 mm): Pad 1 [C2_SCL] of TP20 on F.Cu
[unconnected_items]: Missing connection between items
    Local override; error
    @(90.0000 mm, 54.8000 mm): Pad 1 [C2_SCL] of TP20 on F.Cu
    @(109.5250 mm, 104.0000 mm): PTH pad 6 [C2_SCL] of J4
[unconnected_items]: Missing connection between items
    Local override; error
    @(61.1375 mm, 64.9750 mm): Pad 6 [C2_SDA] of U5 on F.Cu
    @(83.0900 mm, 48.4000 mm): Pad 1 [C2_SDA] of R35 on F.Cu
[unconnected_items]: Missing connection between items
    Local override; error
    @(83.0900 mm, 48.4000 mm): Pad 1 [C2_SDA] of R35 on F.Cu
    @(111.4300 mm, 104.0000 mm): PTH pad 7 [C2_SDA] of J4
[unconnected_items]: Missing connection between items
    Local override; error
    @(89.6150 mm, 41.5000 mm): Pad 2 [C2_SDA] of D9 on F.Cu
    @(83.0900 mm, 48.4000 mm): Pad 1 [C2_SDA] of R35 on F.Cu
[unconnected_items]: Missing connection between items
    Local override; error
    @(67.6700 mm, 55.3900 mm): PTH pad 19 [DB1_3V3] of J1
    @(67.6700 mm, 57.9300 mm): PTH pad 20 [DB1_3V3] of J1
[unconnected_items]: Missing connection between items
    Local override; error
    @(83.1200 mm, 51.6000 mm): Pad 1 [DB1_3V3] of C14 on F.Cu
    @(67.6700 mm, 55.3900 mm): PTH pad 19 [DB1_3V3] of J1
[unconnected_items]: Missing connection between items
    Local override; error
    @(100.0000 mm, 64.0000 mm): PTH pad 1 [DB1_3V3] of J6
    @(102.8000 mm, 54.8000 mm): Pad 1 [DB1_3V3] of TP24 on F.Cu
[unconnected_items]: Missing connection between items
    Local override; error
    @(102.8000 mm, 54.8000 mm): Pad 1 [DB1_3V3] of TP24 on F.Cu
    @(83.1200 mm, 51.6000 mm): Pad 1 [DB1_3V3] of C14 on F.Cu
[unconnected_items]: Missing connection between items
    Local override; error
    @(96.9100 mm, 42.0000 mm): Pad 2 [DRVI_CLK] of R2 on F.Cu
    @(51.5250 mm, 70.8250 mm): Pad 2 [DRVI_CLK] of U1 on F.Cu
[unconnected_items]: Missing connection between items
    Local override; error
    @(99.0900 mm, 42.0000 mm): Pad 1 [DRVI_CLK] of R9 on F.Cu
    @(96.9100 mm, 42.0000 mm): Pad 2 [DRVI_CLK] of R2 on F.Cu
[unconnected_items]: Missing connection between items
    Local override; error
    @(103.3100 mm, 42.0000 mm): Pad 2 [DRVI_D0] of R3 on F.Cu
    @(51.5250 mm, 72.0950 mm): Pad 3 [DRVI_D0] of U1 on F.Cu
[unconnected_items]: Missing connection between items
    Local override; error
    @(105.4900 mm, 42.0000 mm): Pad 1 [DRVI_D0] of R10 on F.Cu
    @(103.3100 mm, 42.0000 mm): Pad 2 [DRVI_D0] of R3 on F.Cu
[unconnected_items]: Missing connection between items
    Local override; error
    @(109.7100 mm, 42.0000 mm): Pad 2 [DRVI_D1] of R4 on F.Cu
    @(51.5250 mm, 75.9050 mm): Pad 6 [DRVI_D1] of U1 on F.Cu
[unconnected_items]: Missing connection between items
    Local override; error
    @(111.8900 mm, 42.0000 mm): Pad 1 [DRVI_D1] of R11 on F.Cu
    @(109.7100 mm, 42.0000 mm): Pad 2 [DRVI_D1] of R4 on F.Cu
[unconnected_items]: Missing connection between items
    Local override; error
    @(54.2900 mm, 45.2000 mm): Pad 1 [DRVI_D2] of R12 on F.Cu
    @(51.5250 mm, 77.1750 mm): Pad 7 [DRVI_D2] of U1 on F.Cu
[unconnected_items]: Missing connection between items
    Local override; error
    @(116.1100 mm, 42.0000 mm): Pad 2 [DRVI_D2] of R5 on F.Cu
    @(54.2900 mm, 45.2000 mm): Pad 1 [DRVI_D2] of R12 on F.Cu
[unconnected_items]: Missing connection between items
    Local override; error
    @(58.5100 mm, 45.2000 mm): Pad 2 [DRVI_D3] of R6 on F.Cu
    @(51.5250 mm, 78.8250 mm): Pad 2 [DRVI_D3] of U2 on F.Cu
[unconnected_items]: Missing connection between items
    Local override; error
    @(60.6900 mm, 45.2000 mm): Pad 1 [DRVI_D3] of R13 on F.Cu
    @(58.5100 mm, 45.2000 mm): Pad 2 [DRVI_D3] of R6 on F.Cu
[unconnected_items]: Missing connection between items
    Local override; error
    @(64.9100 mm, 45.2000 mm): Pad 2 [DRVI_D4] of R7 on F.Cu
    @(51.5250 mm, 80.0950 mm): Pad 3 [DRVI_D4] of U2 on F.Cu
[unconnected_items]: Missing connection between items
    Local override; error
    @(67.0900 mm, 45.2000 mm): Pad 1 [DRVI_D4] of R14 on F.Cu
    @(64.9100 mm, 45.2000 mm): Pad 2 [DRVI_D4] of R7 on F.Cu
[unconnected_items]: Missing connection between items
    Local override; error
    @(71.3100 mm, 45.2000 mm): Pad 2 [DRVI_D5] of R8 on F.Cu
    @(51.5250 mm, 83.9050 mm): Pad 6 [DRVI_D5] of U2 on F.Cu
[unconnected_items]: Missing connection between items
    Local override; error
    @(73.4900 mm, 45.2000 mm): Pad 1 [DRVI_D5] of R15 on F.Cu
    @(71.3100 mm, 45.2000 mm): Pad 2 [DRVI_D5] of R8 on F.Cu
[unconnected_items]: Missing connection between items
    Local override; error
    @(56.4750 mm, 86.4450 mm): Pad 9 [DRV_SP_N] of U2 on F.Cu
    @(61.2000 mm, 58.0000 mm): Pad 1 [DRV_SP_N] of TP29 on F.Cu
[unconnected_items]: Missing connection between items
    Local override; error
    @(56.4750 mm, 85.1750 mm): Pad 10 [DRV_SP_P] of U2 on F.Cu
    @(115.6000 mm, 54.8000 mm): Pad 1 [DRV_SP_P] of TP28 on F.Cu
[unconnected_items]: Missing connection between items
    Local override; error
    @(108.6900 mm, 45.2000 mm): Pad 1 [HL2_AUX] of R23 on F.Cu
    @(51.7300 mm, 56.5400 mm): PTH pad 2 [HL2_AUX] of J2
[unconnected_items]: Missing connection between items
    Local override; error
    @(112.4000 mm, 51.6000 mm): Pad 1 [HL2_AUX] of TP9 on F.Cu
    @(108.6900 mm, 45.2000 mm): Pad 1 [HL2_AUX] of R23 on F.Cu
[unconnected_items]: Missing connection between items
    Local override; error
    @(54.9700 mm, 55.3900 mm): PTH pad 9 [HL2_CLK] of J1
    @(86.8000 mm, 51.6000 mm): Pad 1 [HL2_CLK] of TP1 on F.Cu
[unconnected_items]: Missing connection between items
    Local override; error
    @(86.8000 mm, 51.6000 mm): Pad 1 [HL2_CLK] of TP1 on F.Cu
    @(95.8900 mm, 42.0000 mm): Pad 1 [HL2_CLK] of R2 on F.Cu
[unconnected_items]: Missing connection between items
    Local override; error
    @(93.7100 mm, 42.0000 mm): Pad 2 [HL2_D0] of R1 on F.Cu
    @(90.0000 mm, 51.6000 mm): Pad 1 [HL2_D0] of TP2 on F.Cu
[unconnected_items]: Missing connection between items
    Local override; error
    @(102.2900 mm, 42.0000 mm): Pad 1 [HL2_D0] of R3 on F.Cu
    @(93.7100 mm, 42.0000 mm): Pad 2 [HL2_D0] of R1 on F.Cu
[unconnected_items]: Missing connection between items
    Local override; error
    @(44.8100 mm, 55.3900 mm): PTH pad 1 [HL2_D0_HDR] of J1
    @(92.6900 mm, 42.0000 mm): Pad 1 [HL2_D0_HDR] of R1 on F.Cu
[unconnected_items]: Missing connection between items
    Local override; error
    @(44.8100 mm, 57.9300 mm): PTH pad 2 [HL2_D1] of J1
    @(93.2000 mm, 51.6000 mm): Pad 1 [HL2_D1] of TP3 on F.Cu
[unconnected_items]: Missing connection between items
    Local override; error
    @(93.2000 mm, 51.6000 mm): Pad 1 [HL2_D1] of TP3 on F.Cu
    @(108.6900 mm, 42.0000 mm): Pad 1 [HL2_D1] of R4 on F.Cu
[unconnected_items]: Missing connection between items
    Local override; error
    @(47.3500 mm, 55.3900 mm): PTH pad 3 [HL2_D2] of J1
    @(96.4000 mm, 51.6000 mm): Pad 1 [HL2_D2] of TP4 on F.Cu
[unconnected_items]: Missing connection between items
    Local override; error
    @(96.4000 mm, 51.6000 mm): Pad 1 [HL2_D2] of TP4 on F.Cu
    @(115.0900 mm, 42.0000 mm): Pad 1 [HL2_D2] of R5 on F.Cu
[unconnected_items]: Missing connection between items
    Local override; error
    @(57.4900 mm, 45.2000 mm): Pad 1 [HL2_D3] of R6 on F.Cu
    @(47.3500 mm, 57.9300 mm): PTH pad 4 [HL2_D3] of J1
[unconnected_items]: Missing connection between items
    Local override; error
    @(99.6000 mm, 51.6000 mm): Pad 1 [HL2_D3] of TP5 on F.Cu
    @(57.4900 mm, 45.2000 mm): Pad 1 [HL2_D3] of R6 on F.Cu
[unconnected_items]: Missing connection between items
    Local override; error
    @(63.8900 mm, 45.2000 mm): Pad 1 [HL2_D4] of R7 on F.Cu
    @(49.8900 mm, 55.3900 mm): PTH pad 5 [HL2_D4] of J1
[unconnected_items]: Missing connection between items
    Local override; error
    @(102.8000 mm, 51.6000 mm): Pad 1 [HL2_D4] of TP6 on F.Cu
    @(63.8900 mm, 45.2000 mm): Pad 1 [HL2_D4] of R7 on F.Cu
[unconnected_items]: Missing connection between items
    Local override; error
    @(70.2900 mm, 45.2000 mm): Pad 1 [HL2_D5] of R8 on F.Cu
    @(49.8900 mm, 57.9300 mm): PTH pad 6 [HL2_D5] of J1
[unconnected_items]: Missing connection between items
    Local override; error
    @(106.0000 mm, 51.6000 mm): Pad 1 [HL2_D5] of TP7 on F.Cu
    @(70.2900 mm, 45.2000 mm): Pad 1 [HL2_D5] of R8 on F.Cu
[unconnected_items]: Missing connection between items
    Local override; error
    @(70.8000 mm, 54.8000 mm): Pad 1 [HL2_FSER] of TP14 on F.Cu
    @(51.7300 mm, 61.6200 mm): PTH pad 6 [HL2_FSER] of J2
[unconnected_items]: Missing connection between items
    Local override; error
    @(100.1100 mm, 45.2000 mm): Pad 2 [HL2_FSER] of R20 on F.Cu
    @(70.8000 mm, 54.8000 mm): Pad 1 [HL2_FSER] of TP14 on F.Cu
[unconnected_items]: Missing connection between items
    Local override; error
    @(103.3100 mm, 45.2000 mm): Pad 2 [HL2_FSER] of R21 on F.Cu
    @(100.1100 mm, 45.2000 mm): Pad 2 [HL2_FSER] of R20 on F.Cu
[unconnected_items]: Missing connection between items
    Local override; error
    @(77.7100 mm, 45.2000 mm): Pad 2 [HL2_REV0] of R16 on F.Cu
    @(57.5100 mm, 55.3900 mm): PTH pad 11 [HL2_REV0] of J1
[unconnected_items]: Missing connection between items
    Local override; error
    @(115.6000 mm, 51.6000 mm): Pad 1 [HL2_REV0] of TP10 on F.Cu
    @(77.7100 mm, 45.2000 mm): Pad 2 [HL2_REV0] of R16 on F.Cu
[unconnected_items]: Missing connection between items
    Local override; error
    @(62.5900 mm, 55.3900 mm): PTH pad 15 [HL2_REV1] of J1
    @(90.5100 mm, 45.2000 mm): Pad 2 [HL2_REV1] of R17 on F.Cu
[unconnected_items]: Missing connection between items
    Local override; error
    @(65.1300 mm, 55.3900 mm): PTH pad 17 [HL2_REV2] of J1
    @(93.7100 mm, 45.2000 mm): Pad 2 [HL2_REV2] of R18 on F.Cu
[unconnected_items]: Missing connection between items
    Local override; error
    @(67.6000 mm, 54.8000 mm): Pad 1 [HL2_REVCLK] of TP13 on F.Cu
    @(54.2700 mm, 61.6200 mm): PTH pad 5 [HL2_REVCLK] of J2
[unconnected_items]: Missing connection between items
    Local override; error
    @(96.9100 mm, 45.2000 mm): Pad 2 [HL2_REVCLK] of R19 on F.Cu
    @(67.6000 mm, 54.8000 mm): Pad 1 [HL2_REVCLK] of TP13 on F.Cu
[unconnected_items]: Missing connection between items
    Local override; error
    @(105.4900 mm, 45.2000 mm): Pad 1 [HL2_STAT] of R22 on F.Cu
    @(54.2700 mm, 56.5400 mm): PTH pad 1 [HL2_STAT] of J2
[unconnected_items]: Missing connection between items
    Local override; error
    @(109.2000 mm, 51.6000 mm): Pad 1 [HL2_STAT] of TP8 on F.Cu
    @(105.4900 mm, 45.2000 mm): Pad 1 [HL2_STAT] of R22 on F.Cu
[unconnected_items]: Missing connection between items
    Local override; error
    @(105.0800 mm, 64.0000 mm): PTH pad 3 [LDO3V3] of J6
    @(106.8500 mm, 70.0000 mm): Pad 2 [LDO3V3] of U7 on F.Cu
[unconnected_items]: Missing connection between items
    Local override; error
    @(105.0800 mm, 64.0000 mm): PTH pad 3 [LDO3V3] of J6
    @(79.4500 mm, 51.6000 mm): Pad 1 [LDO3V3] of C13 on F.Cu
[unconnected_items]: Missing connection between items
    Local override; error
    @(106.8500 mm, 70.0000 mm): Pad 2 [LDO3V3] of U7 on F.Cu
    @(113.1500 mm, 70.0000 mm): Pad 2 [LDO3V3] of U7 on F.Cu
[unconnected_items]: Missing connection between items
    Local override; error
    @(67.2150 mm, 41.5000 mm): Pad 2 [P5V_DVI] of D5 on F.Cu
    @(73.0500 mm, 51.6000 mm): Pad 1 [P5V_DVI] of C11 on F.Cu
[unconnected_items]: Missing connection between items
    Local override; error
    @(71.5250 mm, 105.9050 mm): PTH pad 14 [P5V_DVI] of J3
    @(106.8500 mm, 72.3000 mm): Pad 3 [P5V_DVI] of U7 on F.Cu
[unconnected_items]: Missing connection between items
    Local override; error
    @(73.0500 mm, 51.6000 mm): Pad 1 [P5V_DVI] of C11 on F.Cu
    @(76.7200 mm, 51.6000 mm): Pad 1 [P5V_DVI] of C12 on F.Cu
[unconnected_items]: Missing connection between items
    Local override; error
    @(99.6000 mm, 54.8000 mm): Pad 1 [P5V_DVI] of TP23 on F.Cu
    @(76.7200 mm, 51.6000 mm): Pad 1 [P5V_DVI] of C12 on F.Cu
[unconnected_items]: Missing connection between items
    Local override; error
    @(106.8500 mm, 72.3000 mm): Pad 3 [P5V_DVI] of U7 on F.Cu
    @(99.6000 mm, 54.8000 mm): Pad 1 [P5V_DVI] of TP23 on F.Cu
[unconnected_items]: Missing connection between items
    Local override; error
    @(76.8625 mm, 76.2750 mm): Pad 9 [RXEN_N] of U3 on F.Cu
    @(76.8625 mm, 84.2750 mm): Pad 9 [RXEN_N] of U4 on F.Cu
[unconnected_items]: Missing connection between items
    Local override; error
    @(86.5400 mm, 64.0000 mm): PTH pad 2 [RXEN_N] of J5
    @(76.8625 mm, 76.2750 mm): Pad 9 [RXEN_N] of U3 on F.Cu
[unconnected_items]: Missing connection between items
    Local override; error
    @(61.1375 mm, 64.3250 mm): Pad 5 [RXO_FSER] of U5 on F.Cu
    @(76.8625 mm, 80.3750 mm): Pad 15 [RXO_FSER] of U4 on F.Cu
[unconnected_items]: Missing connection between items
    Local override; error
    @(76.6900 mm, 45.2000 mm): Pad 1 [RXO_R0] of R16 on F.Cu
    @(76.8625 mm, 73.0250 mm): Pad 14 [RXO_R0] of U3 on F.Cu
[unconnected_items]: Missing connection between items
    Local override; error
    @(76.8625 mm, 74.9750 mm): Pad 11 [RXO_R1] of U3 on F.Cu
    @(89.4900 mm, 45.2000 mm): Pad 1 [RXO_R1] of R17 on F.Cu
[unconnected_items]: Missing connection between items
    Local override; error
    @(76.8625 mm, 75.6250 mm): Pad 10 [RXO_R2] of U3 on F.Cu
    @(92.6900 mm, 45.2000 mm): Pad 1 [RXO_R2] of R18 on F.Cu
[unconnected_items]: Missing connection between items
    Local override; error
    @(61.1375 mm, 63.6750 mm): Pad 4 [RXO_REVCLK] of U5 on F.Cu
    @(76.8625 mm, 72.3750 mm): Pad 15 [RXO_REVCLK] of U3 on F.Cu
[unconnected_items]: Missing connection between items
    Local override; error
    @(76.8625 mm, 81.0250 mm): Pad 14 [RXO_SP0] of U4 on F.Cu
    @(114.0000 mm, 96.0000 mm): PTH pad 1 [RXO_SP0] of J7
[unconnected_items]: Missing connection between items
    Local override; error
    @(106.0000 mm, 54.8000 mm): Pad 1 [RXO_SP0] of TP25 on F.Cu
    @(76.8625 mm, 81.0250 mm): Pad 14 [RXO_SP0] of U4 on F.Cu
[unconnected_items]: Missing connection between items
    Local override; error
    @(76.8625 mm, 82.9750 mm): Pad 11 [RXO_SP1] of U4 on F.Cu
    @(116.5400 mm, 96.0000 mm): PTH pad 2 [RXO_SP1] of J7
[unconnected_items]: Missing connection between items
    Local override; error
    @(116.5400 mm, 96.0000 mm): PTH pad 2 [RXO_SP1] of J7
    @(109.2000 mm, 54.8000 mm): Pad 1 [RXO_SP1] of TP26 on F.Cu
[unconnected_items]: Missing connection between items
    Local override; error
    @(76.8625 mm, 83.6250 mm): Pad 10 [RXO_UNUSED] of U4 on F.Cu
    @(112.4000 mm, 54.8000 mm): Pad 1 [RXO_UNUSED] of TP27 on F.Cu
[unconnected_items]: Missing connection between items
    Local override; error
    @(71.1375 mm, 84.2750 mm): Pad 8 [RX_UNUSED_N] of U4 on F.Cu
    @(79.8900 mm, 48.4000 mm): Pad 1 [RX_UNUSED_N] of R34 on F.Cu
[unconnected_items]: Missing connection between items
    Local override; error
    @(71.1375 mm, 83.6250 mm): Pad 7 [RX_UNUSED_P] of U4 on F.Cu
    @(76.6900 mm, 48.4000 mm): Pad 1 [RX_UNUSED_P] of R33 on F.Cu
[unconnected_items]: Missing connection between items
    Local override; error
    @(62.5900 mm, 57.9300 mm): PTH pad 16 [SCL1] of J1
    @(74.0000 mm, 54.8000 mm): Pad 1 [SCL1] of TP15 on F.Cu
[unconnected_items]: Missing connection between items
    Local override; error
    @(65.1300 mm, 57.9300 mm): PTH pad 18 [SDA1] of J1
    @(77.2000 mm, 54.8000 mm): Pad 1 [SDA1] of TP16 on F.Cu
[unconnected_items]: Missing connection between items
    Local override; error
    @(56.1580 mm, 107.8100 mm): PTH pad SH [SHLD1] of J3
    @(86.8920 mm, 107.8100 mm): PTH pad SH [SHLD1] of J3
[unconnected_items]: Missing connection between items
    Local override; error
    @(86.8920 mm, 107.8100 mm): PTH pad SH [SHLD1] of J3
    @(92.2875 mm, 48.4000 mm): Pad 1 [SHLD1] of R37 on F.Cu
[unconnected_items]: Missing connection between items
    Local override; error
    @(94.1580 mm, 107.8100 mm): PTH pad SH [SHLD2] of J4
    @(124.8920 mm, 107.8100 mm): PTH pad SH [SHLD2] of J4
[unconnected_items]: Missing connection between items
    Local override; error
    @(95.4875 mm, 48.4000 mm): Pad 1 [SHLD2] of R38 on F.Cu
    @(94.1580 mm, 107.8100 mm): PTH pad SH [SHLD2] of J4
[unconnected_items]: Missing connection between items
    Local override; error
    @(52.4300 mm, 55.3900 mm): PTH pad 7 [VLVDS] of J1
    @(52.4300 mm, 57.9300 mm): PTH pad 8 [VLVDS] of J1
[unconnected_items]: Missing connection between items
    Local override; error
    @(52.4300 mm, 55.3900 mm): PTH pad 7 [VLVDS] of J1
    @(80.4000 mm, 54.8000 mm): Pad 1 [VLVDS] of TP17 on F.Cu
[unconnected_items]: Missing connection between items
    Local override; error
    @(80.4000 mm, 54.8000 mm): Pad 1 [VLVDS] of TP17 on F.Cu
    @(86.2900 mm, 48.4000 mm): Pad 1 [VLVDS] of R36 on F.Cu
[unconnected_items]: Missing connection between items
    Local override; error
    @(66.8625 mm, 64.9750 mm): Pad 11 [X_CMD25] of U5 on F.Cu
    @(102.2900 mm, 45.2000 mm): Pad 1 [X_CMD25] of R21 on F.Cu
[unconnected_items]: Missing connection between items
    Local override; error
    @(66.8625 mm, 64.3250 mm): Pad 12 [X_FSER25] of U5 on F.Cu
    @(99.0900 mm, 45.2000 mm): Pad 1 [X_FSER25] of R20 on F.Cu
[unconnected_items]: Missing connection between items
    Local override; error
    @(66.8625 mm, 63.6750 mm): Pad 13 [X_REVCLK25] of U5 on F.Cu
    @(95.8900 mm, 45.2000 mm): Pad 1 [X_REVCLK25] of R19 on F.Cu
[unconnected_items]: Missing connection between items
    Local override; error
    @(64.4000 mm, 58.0000 mm): Pad 1 [X_SPARE25] of TP30 on F.Cu
    @(66.8625 mm, 65.6250 mm): Pad 10 [X_SPARE25] of U5 on F.Cu
[unconnected_items]: Missing connection between items
    Local override; error
    @(70.8000 mm, 58.0000 mm): Pad 1 [X_SPARE_IN] of TP32 on F.Cu
    @(61.1375 mm, 65.6250 mm): Pad 7 [X_SPARE_IN] of U5 on F.Cu
[unconnected_items]: Missing connection between items
    Local override; error
    @(89.4900 mm, 48.4000 mm): Pad 1 [X_SPARE_IN] of R39 on F.Cu
    @(70.8000 mm, 58.0000 mm): Pad 1 [X_SPARE_IN] of TP32 on F.Cu

** Found 0 Footprint errors **

** Ignored checks **
    - Footprint has no courtyard defined
    - Track endpoint not centered on via
    - Tuning profile track geometries
    - Footprint doesn't match symbol's footprint filters
    - Footprint component type doesn't match footprint pads

** End of Report **
