** Drc report for hl2-bridge.kicad_pcb **
** Created on 2026-09-12T17:57:46 **
** Report includes: Errors **

** Found 0 DRC violations **

** Found 278 unconnected pads **
[unconnected_items]: Missing connection between items
    Local override; error
    @(45.4000 mm, 98.8500 mm): Pad 13 [GND] of J3 on F.Cu
    @(46.6000 mm, 98.8500 mm): Pad 10 [GND] of J3 on F.Cu
[unconnected_items]: Missing connection between items
    Local override; error
    @(46.6000 mm, 98.8500 mm): Pad 10 [GND] of J3 on F.Cu
    @(47.8000 mm, 98.8500 mm): Pad 7 [GND] of J3 on F.Cu
[unconnected_items]: Missing connection between items
    Local override; error
    @(47.8000 mm, 98.8500 mm): Pad 7 [GND] of J3 on F.Cu
    @(49.0000 mm, 98.8500 mm): Pad 4 [GND] of J3 on F.Cu
[unconnected_items]: Missing connection between items
    Local override; error
    @(49.0000 mm, 98.8500 mm): Pad 4 [GND] of J3 on F.Cu
    @(40.0000 mm, 40.0000 mm): Zone 'top ground fill' [GND] on F.Cu, priority 0
[unconnected_items]: Missing connection between items
    Local override; error
    @(62.8000 mm, 98.8500 mm): Pad 13 [GND] of J4 on F.Cu
    @(64.0000 mm, 98.8500 mm): Pad 10 [GND] of J4 on F.Cu
[unconnected_items]: Missing connection between items
    Local override; error
    @(64.0000 mm, 98.8500 mm): Pad 10 [GND] of J4 on F.Cu
    @(65.2000 mm, 98.8500 mm): Pad 7 [GND] of J4 on F.Cu
[unconnected_items]: Missing connection between items
    Local override; error
    @(65.2000 mm, 98.8500 mm): Pad 7 [GND] of J4 on F.Cu
    @(66.4000 mm, 98.8500 mm): Pad 4 [GND] of J4 on F.Cu
[unconnected_items]: Missing connection between items
    Local override; error
    @(66.4000 mm, 98.8500 mm): Pad 4 [GND] of J4 on F.Cu
    @(40.0000 mm, 40.0000 mm): Zone 'top ground fill' [GND] on F.Cu, priority 0
[unconnected_items]: Missing connection between items
    Local override; error
    @(80.2000 mm, 98.8500 mm): Pad 13 [GND] of J5 on F.Cu
    @(81.4000 mm, 98.8500 mm): Pad 10 [GND] of J5 on F.Cu
[unconnected_items]: Missing connection between items
    Local override; error
    @(81.4000 mm, 98.8500 mm): Pad 10 [GND] of J5 on F.Cu
    @(82.6000 mm, 98.8500 mm): Pad 7 [GND] of J5 on F.Cu
[unconnected_items]: Missing connection between items
    Local override; error
    @(82.6000 mm, 98.8500 mm): Pad 7 [GND] of J5 on F.Cu
    @(83.8000 mm, 98.8500 mm): Pad 4 [GND] of J5 on F.Cu
[unconnected_items]: Missing connection between items
    Local override; error
    @(83.8000 mm, 98.8500 mm): Pad 4 [GND] of J5 on F.Cu
    @(40.0000 mm, 40.0000 mm): Zone 'top ground fill' [GND] on F.Cu, priority 0
[unconnected_items]: Missing connection between items
    Local override; error
    @(49.1375 mm, 70.0500 mm): Pad 5 [+2V5] of U6 on F.Cu
    @(54.4400 mm, 79.3100 mm): Pad 2 [+2V5] of R27 on F.Cu
[unconnected_items]: Missing connection between items
    Local override; error
    @(49.1375 mm, 70.0500 mm): Pad 5 [+2V5] of U6 on F.Cu
    @(60.2250 mm, 62.1375 mm): Pad 16 [+2V5] of U5 on F.Cu
[unconnected_items]: Missing connection between items
    Local override; error
    @(54.4400 mm, 79.3100 mm): Pad 2 [+2V5] of R27 on F.Cu
    @(58.1700 mm, 81.9800 mm): Pad 1 [+2V5] of C17 on F.Cu
[unconnected_items]: Missing connection between items
    Local override; error
    @(54.4400 mm, 79.3100 mm): Pad 2 [+2V5] of R27 on F.Cu
    @(47.0700 mm, 81.9800 mm): Pad 1 [+2V5] of C12 on F.Cu
[unconnected_items]: Missing connection between items
    Local override; error
    @(58.1700 mm, 81.9800 mm): Pad 1 [+2V5] of C17 on F.Cu
    @(62.6100 mm, 81.9800 mm): Pad 1 [+2V5] of C20 on F.Cu
[unconnected_items]: Missing connection between items
    Local override; error
    @(59.5750 mm, 48.8625 mm): Pad 2 [+2V5] of U1 on F.Cu
    @(58.9250 mm, 48.8625 mm): Pad 1 [+2V5] of U1 on F.Cu
[unconnected_items]: Missing connection between items
    Local override; error
    @(60.2250 mm, 62.1375 mm): Pad 16 [+2V5] of U5 on F.Cu
    @(59.5750 mm, 48.8625 mm): Pad 2 [+2V5] of U1 on F.Cu
[unconnected_items]: Missing connection between items
    Local override; error
    @(62.6100 mm, 81.9800 mm): Pad 1 [+2V5] of C20 on F.Cu
    @(76.7500 mm, 72.9500 mm): Pad 1 [+2V5] of TP35 on F.Cu
[unconnected_items]: Missing connection between items
    Local override; error
    @(45.3500 mm, 75.8500 mm): Pad 1 [+3V3] of C18 on F.Cu
    @(46.8625 mm, 71.9500 mm): Pad 3 [+3V3] of U6 on F.Cu
[unconnected_items]: Missing connection between items
    Local override; error
    @(46.8625 mm, 70.0500 mm): Pad 1 [+3V3] of U6 on F.Cu
    @(46.8625 mm, 71.9500 mm): Pad 3 [+3V3] of U6 on F.Cu
[unconnected_items]: Missing connection between items
    Local override; error
    @(47.6600 mm, 79.3100 mm): Pad 2 [+3V3] of R24 on F.Cu
    @(49.2900 mm, 81.9800 mm): Pad 1 [+3V3] of C13 on F.Cu
[unconnected_items]: Missing connection between items
    Local override; error
    @(47.6600 mm, 79.3100 mm): Pad 2 [+3V3] of R24 on F.Cu
    @(44.8500 mm, 81.9800 mm): Pad 1 [+3V3] of C11 on F.Cu
[unconnected_items]: Missing connection between items
    Local override; error
    @(47.6600 mm, 79.3100 mm): Pad 2 [+3V3] of R24 on F.Cu
    @(45.3500 mm, 75.8500 mm): Pad 1 [+3V3] of C18 on F.Cu
[unconnected_items]: Missing connection between items
    Local override; error
    @(49.2900 mm, 81.9800 mm): Pad 1 [+3V3] of C13 on F.Cu
    @(51.5100 mm, 81.9800 mm): Pad 1 [+3V3] of C14 on F.Cu
[unconnected_items]: Missing connection between items
    Local override; error
    @(51.5100 mm, 81.9800 mm): Pad 1 [+3V3] of C14 on F.Cu
    @(53.7300 mm, 81.9800 mm): Pad 1 [+3V3] of C15 on F.Cu
[unconnected_items]: Missing connection between items
    Local override; error
    @(53.7300 mm, 81.9800 mm): Pad 1 [+3V3] of C15 on F.Cu
    @(55.9500 mm, 81.9800 mm): Pad 1 [+3V3] of C16 on F.Cu
[unconnected_items]: Missing connection between items
    Local override; error
    @(57.9400 mm, 80.6500 mm): Pad 1 [+3V3] of R51 on F.Cu
    @(55.9500 mm, 81.9800 mm): Pad 1 [+3V3] of C16 on F.Cu
[unconnected_items]: Missing connection between items
    Local override; error
    @(59.5750 mm, 43.1375 mm): Pad 23 [+3V3] of U1 on F.Cu
    @(58.9250 mm, 43.1375 mm): Pad 24 [+3V3] of U1 on F.Cu
[unconnected_items]: Missing connection between items
    Local override; error
    @(60.2250 mm, 67.8625 mm): Pad 1 [+3V3] of U5 on F.Cu
    @(60.8750 mm, 67.8625 mm): Pad 2 [+3V3] of U5 on F.Cu
[unconnected_items]: Missing connection between items
    Local override; error
    @(60.3900 mm, 81.9800 mm): Pad 1 [+3V3] of C19 on F.Cu
    @(57.9400 mm, 80.6500 mm): Pad 1 [+3V3] of R51 on F.Cu
[unconnected_items]: Missing connection between items
    Local override; error
    @(60.3900 mm, 81.9800 mm): Pad 1 [+3V3] of C19 on F.Cu
    @(64.8300 mm, 81.9800 mm): Pad 1 [+3V3] of C21 on F.Cu
[unconnected_items]: Missing connection between items
    Local override; error
    @(60.8750 mm, 67.8625 mm): Pad 2 [+3V3] of U5 on F.Cu
    @(61.5250 mm, 67.8625 mm): Pad 3 [+3V3] of U5 on F.Cu
[unconnected_items]: Missing connection between items
    Local override; error
    @(61.5250 mm, 67.8625 mm): Pad 3 [+3V3] of U5 on F.Cu
    @(66.3500 mm, 72.9500 mm): Pad 1 [+3V3] of TP34 on F.Cu
[unconnected_items]: Missing connection between items
    Local override; error
    @(64.8300 mm, 81.9800 mm): Pad 1 [+3V3] of C21 on F.Cu
    @(65.7400 mm, 80.6500 mm): Pad 2 [+3V3] of R54 on F.Cu
[unconnected_items]: Missing connection between items
    Local override; error
    @(66.3500 mm, 72.9500 mm): Pad 1 [+3V3] of TP34 on F.Cu
    @(69.7250 mm, 68.1375 mm): Pad 16 [+3V3] of U4 on F.Cu
[unconnected_items]: Missing connection between items
    Local override; error
    @(66.3500 mm, 72.9500 mm): Pad 1 [+3V3] of TP34 on F.Cu
    @(65.7400 mm, 80.6500 mm): Pad 2 [+3V3] of R54 on F.Cu
[unconnected_items]: Missing connection between items
    Local override; error
    @(69.5250 mm, 43.5550 mm): Pad 1 [+3V3] of U2 on F.Cu
    @(59.5750 mm, 43.1375 mm): Pad 23 [+3V3] of U1 on F.Cu
[unconnected_items]: Missing connection between items
    Local override; error
    @(69.5250 mm, 47.3650 mm): Pad 4 [+3V3] of U2 on F.Cu
    @(69.5250 mm, 43.5550 mm): Pad 1 [+3V3] of U2 on F.Cu
[unconnected_items]: Missing connection between items
    Local override; error
    @(69.5250 mm, 55.5550 mm): Pad 1 [+3V3] of U3 on F.Cu
    @(69.5250 mm, 59.3650 mm): Pad 4 [+3V3] of U3 on F.Cu
[unconnected_items]: Missing connection between items
    Local override; error
    @(69.5250 mm, 55.5550 mm): Pad 1 [+3V3] of U3 on F.Cu
    @(69.5250 mm, 47.3650 mm): Pad 4 [+3V3] of U2 on F.Cu
[unconnected_items]: Missing connection between items
    Local override; error
    @(69.5250 mm, 59.3650 mm): Pad 4 [+3V3] of U3 on F.Cu
    @(69.7250 mm, 68.1375 mm): Pad 16 [+3V3] of U4 on F.Cu
[unconnected_items]: Missing connection between items
    Local override; error
    @(71.6750 mm, 68.1375 mm): Pad 13 [+3V3] of U4 on F.Cu
    @(69.7250 mm, 68.1375 mm): Pad 16 [+3V3] of U4 on F.Cu
[unconnected_items]: Missing connection between items
    Local override; error
    @(84.0000 mm, 46.5400 mm): PTH pad 2 [+3V3] of J6
    @(69.5250 mm, 47.3650 mm): Pad 4 [+3V3] of U2 on F.Cu
[unconnected_items]: Missing connection between items
    Local override; error
    @(42.9500 mm, 75.8500 mm): Pad 1 [DB1_3V3] of TP36 on F.Cu
    @(67.0500 mm, 81.9800 mm): Pad 1 [DB1_3V3] of C22 on F.Cu
[unconnected_items]: Missing connection between items
    Local override; error
    @(43.5400 mm, 66.8200 mm): PTH pad 19 [DB1_3V3] of J1
    @(42.9500 mm, 75.8500 mm): Pad 1 [DB1_3V3] of TP36 on F.Cu
[unconnected_items]: Missing connection between items
    Local override; error
    @(46.0800 mm, 66.8200 mm): PTH pad 20 [DB1_3V3] of J1
    @(43.5400 mm, 66.8200 mm): PTH pad 19 [DB1_3V3] of J1
[unconnected_items]: Missing connection between items
    Local override; error
    @(67.0500 mm, 81.9800 mm): Pad 1 [DB1_3V3] of C22 on F.Cu
    @(84.0000 mm, 44.0000 mm): PTH pad 1 [DB1_3V3] of J6
[unconnected_items]: Missing connection between items
    Local override; error
    @(54.4400 mm, 77.9700 mm): Pad 2 [DRVI_O1_CLK] of R8 on F.Cu
    @(77.4500 mm, 61.3500 mm): Pad 1 [DRVI_O1_CLK] of TP16 on F.Cu
[unconnected_items]: Missing connection between items
    Local override; error
    @(69.5250 mm, 44.8250 mm): Pad 2 [DRVI_O1_CLK] of U2 on F.Cu
    @(60.8750 mm, 43.1375 mm): Pad 21 [DRVI_O1_CLK] of U1 on F.Cu
[unconnected_items]: Missing connection between items
    Local override; error
    @(77.4500 mm, 61.3500 mm): Pad 1 [DRVI_O1_CLK] of TP16 on F.Cu
    @(69.5250 mm, 44.8250 mm): Pad 2 [DRVI_O1_CLK] of U2 on F.Cu
[unconnected_items]: Missing connection between items
    Local override; error
    @(56.7000 mm, 77.9700 mm): Pad 2 [DRVI_O1_D0] of R9 on F.Cu
    @(69.5250 mm, 46.0950 mm): Pad 3 [DRVI_O1_D0] of U2 on F.Cu
[unconnected_items]: Missing connection between items
    Local override; error
    @(69.5250 mm, 46.0950 mm): Pad 3 [DRVI_O1_D0] of U2 on F.Cu
    @(61.5250 mm, 43.1375 mm): Pad 20 [DRVI_O1_D0] of U1 on F.Cu
[unconnected_items]: Missing connection between items
    Local override; error
    @(58.9600 mm, 77.9700 mm): Pad 2 [DRVI_O1_D1] of R10 on F.Cu
    @(69.5250 mm, 49.9050 mm): Pad 6 [DRVI_O1_D1] of U2 on F.Cu
[unconnected_items]: Missing connection between items
    Local override; error
    @(69.5250 mm, 49.9050 mm): Pad 6 [DRVI_O1_D1] of U2 on F.Cu
    @(62.1750 mm, 43.1375 mm): Pad 19 [DRVI_O1_D1] of U1 on F.Cu
[unconnected_items]: Missing connection between items
    Local override; error
    @(61.2200 mm, 77.9700 mm): Pad 2 [DRVI_O1_D2] of R11 on F.Cu
    @(69.5250 mm, 51.1750 mm): Pad 7 [DRVI_O1_D2] of U2 on F.Cu
[unconnected_items]: Missing connection between items
    Local override; error
    @(69.5250 mm, 51.1750 mm): Pad 7 [DRVI_O1_D2] of U2 on F.Cu
    @(62.8250 mm, 43.1375 mm): Pad 18 [DRVI_O1_D2] of U1 on F.Cu
[unconnected_items]: Missing connection between items
    Local override; error
    @(63.4750 mm, 43.1375 mm): Pad 17 [DRVI_O2_CLK] of U1 on F.Cu
    @(69.5250 mm, 56.8250 mm): Pad 2 [DRVI_O2_CLK] of U3 on F.Cu
[unconnected_items]: Missing connection between items
    Local override; error
    @(69.5250 mm, 56.8250 mm): Pad 2 [DRVI_O2_CLK] of U3 on F.Cu
    @(63.4800 mm, 77.9700 mm): Pad 2 [DRVI_O2_CLK] of R12 on F.Cu
[unconnected_items]: Missing connection between items
    Local override; error
    @(80.3500 mm, 61.3500 mm): Pad 1 [DRVI_O2_CLK] of TP17 on F.Cu
    @(69.5250 mm, 56.8250 mm): Pad 2 [DRVI_O2_CLK] of U3 on F.Cu
[unconnected_items]: Missing connection between items
    Local override; error
    @(65.7400 mm, 77.9700 mm): Pad 2 [DRVI_O2_D0] of R13 on F.Cu
    @(69.5250 mm, 58.0950 mm): Pad 3 [DRVI_O2_D0] of U3 on F.Cu
[unconnected_items]: Missing connection between items
    Local override; error
    @(69.5250 mm, 58.0950 mm): Pad 3 [DRVI_O2_D0] of U3 on F.Cu
    @(64.1250 mm, 43.1375 mm): Pad 16 [DRVI_O2_D0] of U1 on F.Cu
[unconnected_items]: Missing connection between items
    Local override; error
    @(68.0000 mm, 77.9700 mm): Pad 2 [DRVI_O2_D1] of R14 on F.Cu
    @(69.5250 mm, 61.9050 mm): Pad 6 [DRVI_O2_D1] of U3 on F.Cu
[unconnected_items]: Missing connection between items
    Local override; error
    @(69.5250 mm, 61.9050 mm): Pad 6 [DRVI_O2_D1] of U3 on F.Cu
    @(64.7750 mm, 43.1375 mm): Pad 15 [DRVI_O2_D1] of U1 on F.Cu
[unconnected_items]: Missing connection between items
    Local override; error
    @(69.5250 mm, 63.1750 mm): Pad 7 [DRVI_O2_D2] of U3 on F.Cu
    @(65.4250 mm, 43.1375 mm): Pad 14 [DRVI_O2_D2] of U1 on F.Cu
[unconnected_items]: Missing connection between items
    Local override; error
    @(70.2600 mm, 77.9700 mm): Pad 2 [DRVI_O2_D2] of R15 on F.Cu
    @(69.5250 mm, 63.1750 mm): Pad 7 [DRVI_O2_D2] of U3 on F.Cu
[unconnected_items]: Missing connection between items
    Local override; error
    @(53.4200 mm, 77.9700 mm): Pad 1 [HL2_CLKA] of R8 on F.Cu
    @(70.9800 mm, 75.8500 mm): Pad 2 [HL2_CLKA] of R2 on F.Cu
[unconnected_items]: Missing connection between items
    Local override; error
    @(62.3500 mm, 52.6500 mm): Pad 1 [HL2_CLKA] of TP2 on F.Cu
    @(60.2250 mm, 48.8625 mm): Pad 3 [HL2_CLKA] of U1 on F.Cu
[unconnected_items]: Missing connection between items
    Local override; error
    @(70.9800 mm, 75.8500 mm): Pad 2 [HL2_CLKA] of R2 on F.Cu
    @(62.3500 mm, 52.6500 mm): Pad 1 [HL2_CLKA] of TP2 on F.Cu
[unconnected_items]: Missing connection between items
    Local override; error
    @(72.2200 mm, 75.8500 mm): Pad 1 [HL2_CLKA] of R3 on F.Cu
    @(70.9800 mm, 75.8500 mm): Pad 2 [HL2_CLKA] of R2 on F.Cu
[unconnected_items]: Missing connection between items
    Local override; error
    @(59.4500 mm, 52.6500 mm): Pad 1 [HL2_CLKA_RAW] of TP1 on F.Cu
    @(43.5400 mm, 54.1200 mm): PTH pad 9 [HL2_CLKA_RAW] of J1
[unconnected_items]: Missing connection between items
    Local override; error
    @(69.9600 mm, 75.8500 mm): Pad 1 [HL2_CLKA_RAW] of R2 on F.Cu
    @(59.4500 mm, 52.6500 mm): Pad 1 [HL2_CLKA_RAW] of TP1 on F.Cu
[unconnected_items]: Missing connection between items
    Local override; error
    @(51.1600 mm, 77.9700 mm): Pad 1 [HL2_CLKB] of R7 on F.Cu
    @(62.4600 mm, 77.9700 mm): Pad 1 [HL2_CLKB] of R12 on F.Cu
[unconnected_items]: Missing connection between items
    Local override; error
    @(55.5400 mm, 53.4600 mm): PTH pad 2 [HL2_CLKB] of J2
    @(51.1600 mm, 77.9700 mm): Pad 1 [HL2_CLKB] of R7 on F.Cu
[unconnected_items]: Missing connection between items
    Local override; error
    @(62.8250 mm, 48.8625 mm): Pad 7 [HL2_CLKB] of U1 on F.Cu
    @(55.5400 mm, 53.4600 mm): PTH pad 2 [HL2_CLKB] of J2
[unconnected_items]: Missing connection between items
    Local override; error
    @(77.6500 mm, 55.5500 mm): Pad 1 [HL2_CLKB] of TP9 on F.Cu
    @(62.8250 mm, 48.8625 mm): Pad 7 [HL2_CLKB] of U1 on F.Cu
[unconnected_items]: Missing connection between items
    Local override; error
    @(55.6800 mm, 77.9700 mm): Pad 1 [HL2_D0] of R9 on F.Cu
    @(68.7200 mm, 75.8500 mm): Pad 2 [HL2_D0] of R1 on F.Cu
[unconnected_items]: Missing connection between items
    Local override; error
    @(65.2500 mm, 52.6500 mm): Pad 1 [HL2_D0] of TP3 on F.Cu
    @(60.8750 mm, 48.8625 mm): Pad 4 [HL2_D0] of U1 on F.Cu
[unconnected_items]: Missing connection between items
    Local override; error
    @(68.7200 mm, 75.8500 mm): Pad 2 [HL2_D0] of R1 on F.Cu
    @(65.2500 mm, 52.6500 mm): Pad 1 [HL2_D0] of TP3 on F.Cu
[unconnected_items]: Missing connection between items
    Local override; error
    @(74.4800 mm, 75.8500 mm): Pad 1 [HL2_D0] of R1 on F.Cu
    @(68.7200 mm, 75.8500 mm): Pad 2 [HL2_D0] of R1 on F.Cu
[unconnected_items]: Missing connection between items
    Local override; error
    @(43.5400 mm, 43.9600 mm): PTH pad 1 [HL2_D0_HDR] of J1
    @(67.7000 mm, 75.8500 mm): Pad 1 [HL2_D0_HDR] of R1 on F.Cu
[unconnected_items]: Missing connection between items
    Local override; error
    @(57.9400 mm, 77.9700 mm): Pad 1 [HL2_D1] of R10 on F.Cu
    @(76.7400 mm, 75.8500 mm): Pad 1 [HL2_D1] of R2 on F.Cu
[unconnected_items]: Missing connection between items
    Local override; error
    @(61.5250 mm, 48.8625 mm): Pad 5 [HL2_D1] of U1 on F.Cu
    @(46.0800 mm, 43.9600 mm): PTH pad 2 [HL2_D1] of J1
[unconnected_items]: Missing connection between items
    Local override; error
    @(76.7400 mm, 75.8500 mm): Pad 1 [HL2_D1] of R2 on F.Cu
    @(77.6500 mm, 52.6500 mm): Pad 1 [HL2_D1] of TP4 on F.Cu
[unconnected_items]: Missing connection between items
    Local override; error
    @(77.6500 mm, 52.6500 mm): Pad 1 [HL2_D1] of TP4 on F.Cu
    @(61.5250 mm, 48.8625 mm): Pad 5 [HL2_D1] of U1 on F.Cu
[unconnected_items]: Missing connection between items
    Local override; error
    @(42.1200 mm, 77.9700 mm): Pad 1 [HL2_D2] of R3 on F.Cu
    @(60.2000 mm, 77.9700 mm): Pad 1 [HL2_D2] of R11 on F.Cu
[unconnected_items]: Missing connection between items
    Local override; error
    @(62.1750 mm, 48.8625 mm): Pad 6 [HL2_D2] of U1 on F.Cu
    @(43.5400 mm, 46.5000 mm): PTH pad 3 [HL2_D2] of J1
[unconnected_items]: Missing connection between items
    Local override; error
    @(62.1750 mm, 48.8625 mm): Pad 6 [HL2_D2] of U1 on F.Cu
    @(60.2000 mm, 77.9700 mm): Pad 1 [HL2_D2] of R11 on F.Cu
[unconnected_items]: Missing connection between items
    Local override; error
    @(80.5500 mm, 52.6500 mm): Pad 1 [HL2_D2] of TP5 on F.Cu
    @(62.1750 mm, 48.8625 mm): Pad 6 [HL2_D2] of U1 on F.Cu
[unconnected_items]: Missing connection between items
    Local override; error
    @(44.3800 mm, 77.9700 mm): Pad 1 [HL2_D3] of R4 on F.Cu
    @(64.7200 mm, 77.9700 mm): Pad 1 [HL2_D3] of R13 on F.Cu
[unconnected_items]: Missing connection between items
    Local override; error
    @(46.0800 mm, 46.5000 mm): PTH pad 4 [HL2_D3] of J1
    @(59.4500 mm, 55.5500 mm): Pad 1 [HL2_D3] of TP6 on F.Cu
[unconnected_items]: Missing connection between items
    Local override; error
    @(59.4500 mm, 55.5500 mm): Pad 1 [HL2_D3] of TP6 on F.Cu
    @(63.4750 mm, 48.8625 mm): Pad 8 [HL2_D3] of U1 on F.Cu
[unconnected_items]: Missing connection between items
    Local override; error
    @(64.7200 mm, 77.9700 mm): Pad 1 [HL2_D3] of R13 on F.Cu
    @(59.4500 mm, 55.5500 mm): Pad 1 [HL2_D3] of TP6 on F.Cu
[unconnected_items]: Missing connection between items
    Local override; error
    @(43.5400 mm, 49.0400 mm): PTH pad 5 [HL2_D4] of J1
    @(62.3500 mm, 55.5500 mm): Pad 1 [HL2_D4] of TP7 on F.Cu
[unconnected_items]: Missing connection between items
    Local override; error
    @(46.6400 mm, 77.9700 mm): Pad 1 [HL2_D4] of R5 on F.Cu
    @(66.9800 mm, 77.9700 mm): Pad 1 [HL2_D4] of R14 on F.Cu
[unconnected_items]: Missing connection between items
    Local override; error
    @(62.3500 mm, 55.5500 mm): Pad 1 [HL2_D4] of TP7 on F.Cu
    @(64.1250 mm, 48.8625 mm): Pad 9 [HL2_D4] of U1 on F.Cu
[unconnected_items]: Missing connection between items
    Local override; error
    @(66.9800 mm, 77.9700 mm): Pad 1 [HL2_D4] of R14 on F.Cu
    @(62.3500 mm, 55.5500 mm): Pad 1 [HL2_D4] of TP7 on F.Cu
[unconnected_items]: Missing connection between items
    Local override; error
    @(48.9000 mm, 77.9700 mm): Pad 1 [HL2_D5] of R6 on F.Cu
    @(69.2400 mm, 77.9700 mm): Pad 1 [HL2_D5] of R15 on F.Cu
[unconnected_items]: Missing connection between items
    Local override; error
    @(64.7750 mm, 48.8625 mm): Pad 10 [HL2_D5] of U1 on F.Cu
    @(46.0800 mm, 49.0400 mm): PTH pad 6 [HL2_D5] of J1
[unconnected_items]: Missing connection between items
    Local override; error
    @(65.2500 mm, 55.5500 mm): Pad 1 [HL2_D5] of TP8 on F.Cu
    @(64.7750 mm, 48.8625 mm): Pad 10 [HL2_D5] of U1 on F.Cu
[unconnected_items]: Missing connection between items
    Local override; error
    @(65.2500 mm, 55.5500 mm): Pad 1 [HL2_D5] of TP8 on F.Cu
    @(69.2400 mm, 77.9700 mm): Pad 1 [HL2_D5] of R15 on F.Cu
[unconnected_items]: Missing connection between items
    Local override; error
    @(59.4500 mm, 58.4500 mm): Pad 1 [HL2_REV0] of TP11 on F.Cu
    @(43.5400 mm, 56.6600 mm): PTH pad 11 [HL2_REV0] of J1
[unconnected_items]: Missing connection between items
    Local override; error
    @(72.5200 mm, 77.9700 mm): Pad 2 [HL2_REV0] of R16 on F.Cu
    @(59.4500 mm, 58.4500 mm): Pad 1 [HL2_REV0] of TP11 on F.Cu
[unconnected_items]: Missing connection between items
    Local override; error
    @(62.3500 mm, 58.4500 mm): Pad 1 [HL2_REV1] of TP12 on F.Cu
    @(43.5400 mm, 61.7400 mm): PTH pad 15 [HL2_REV1] of J1
[unconnected_items]: Missing connection between items
    Local override; error
    @(74.7800 mm, 77.9700 mm): Pad 2 [HL2_REV1] of R17 on F.Cu
    @(62.3500 mm, 58.4500 mm): Pad 1 [HL2_REV1] of TP12 on F.Cu
[unconnected_items]: Missing connection between items
    Local override; error
    @(65.2500 mm, 58.4500 mm): Pad 1 [HL2_REV2] of TP13 on F.Cu
    @(43.5400 mm, 64.2800 mm): PTH pad 17 [HL2_REV2] of J1
[unconnected_items]: Missing connection between items
    Local override; error
    @(77.0400 mm, 77.9700 mm): Pad 2 [HL2_REV2] of R18 on F.Cu
    @(65.2500 mm, 58.4500 mm): Pad 1 [HL2_REV2] of TP13 on F.Cu
[unconnected_items]: Missing connection between items
    Local override; error
    @(77.6500 mm, 58.4500 mm): Pad 1 [HL2_REVCLK] of TP14 on F.Cu
    @(55.5400 mm, 58.5400 mm): PTH pad 6 [HL2_REVCLK] of J2
[unconnected_items]: Missing connection between items
    Local override; error
    @(79.3000 mm, 77.9700 mm): Pad 2 [HL2_REVCLK] of R19 on F.Cu
    @(77.6500 mm, 58.4500 mm): Pad 1 [HL2_REVCLK] of TP14 on F.Cu
[unconnected_items]: Missing connection between items
    Local override; error
    @(80.5500 mm, 58.4500 mm): Pad 1 [HL2_SLOW_IN] of TP15 on F.Cu
    @(53.0000 mm, 58.5400 mm): PTH pad 5 [HL2_SLOW_IN] of J2
[unconnected_items]: Missing connection between items
    Local override; error
    @(81.5600 mm, 77.9700 mm): Pad 2 [HL2_SLOW_IN] of R20 on F.Cu
    @(80.5500 mm, 58.4500 mm): Pad 1 [HL2_SLOW_IN] of TP15 on F.Cu
[unconnected_items]: Missing connection between items
    Local override; error
    @(80.5500 mm, 55.5500 mm): Pad 1 [HL2_SLOW_OUT] of TP10 on F.Cu
    @(53.0000 mm, 53.4600 mm): PTH pad 1 [HL2_SLOW_OUT] of J2
[unconnected_items]: Missing connection between items
    Local override; error
    @(82.8000 mm, 77.9700 mm): Pad 1 [HL2_SLOW_OUT] of R21 on F.Cu
    @(80.5500 mm, 55.5500 mm): Pad 1 [HL2_SLOW_OUT] of TP10 on F.Cu
[unconnected_items]: Missing connection between items
    Local override; error
    @(51.1600 mm, 79.3100 mm): Pad 1 [I_5V_PIN] of R26 on F.Cu
    @(78.2000 mm, 98.8500 mm): Pad 18 [I_5V_PIN] of J5 on F.Cu
[unconnected_items]: Missing connection between items
    Local override; error
    @(51.8500 mm, 72.9500 mm): Pad 1 [I_5V_PIN] of TP29 on F.Cu
    @(51.1600 mm, 79.3100 mm): Pad 1 [I_5V_PIN] of R26 on F.Cu
[unconnected_items]: Missing connection between items
    Local override; error
    @(78.9450 mm, 47.1000 mm): Pad 4 [I_5V_PIN] of D8 on F.Cu
    @(51.8500 mm, 72.9500 mm): Pad 1 [I_5V_PIN] of TP29 on F.Cu
[unconnected_items]: Missing connection between items
    Local override; error
    @(69.2100 mm, 80.6500 mm): Pad 1 [I_CLK_N] of C2 on F.Cu
    @(57.9400 mm, 79.3100 mm): Pad 1 [I_CLK_N] of R32 on F.Cu
[unconnected_items]: Missing connection between items
    Local override; error
    @(69.2100 mm, 80.6500 mm): Pad 1 [I_CLK_N] of C2 on F.Cu
    @(79.3250 mm, 42.7000 mm): Pad 2 [I_CLK_N] of D6 on F.Cu
[unconnected_items]: Missing connection between items
    Local override; error
    @(80.6000 mm, 98.8500 mm): Pad 12 [I_CLK_N] of J5 on F.Cu
    @(69.2100 mm, 80.6500 mm): Pad 1 [I_CLK_N] of C2 on F.Cu
[unconnected_items]: Missing connection between items
    Local override; error
    @(66.9900 mm, 80.6500 mm): Pad 1 [I_CLK_P] of C1 on F.Cu
    @(55.6800 mm, 79.3100 mm): Pad 1 [I_CLK_P] of R31 on F.Cu
[unconnected_items]: Missing connection between items
    Local override; error
    @(79.3250 mm, 42.2000 mm): Pad 1 [I_CLK_P] of D6 on F.Cu
    @(66.9900 mm, 80.6500 mm): Pad 1 [I_CLK_P] of C1 on F.Cu
[unconnected_items]: Missing connection between items
    Local override; error
    @(81.0000 mm, 98.8500 mm): Pad 11 [I_CLK_P] of J5 on F.Cu
    @(66.9900 mm, 80.6500 mm): Pad 1 [I_CLK_P] of C1 on F.Cu
[unconnected_items]: Missing connection between items
    Local override; error
    @(58.9600 mm, 79.3100 mm): Pad 2 [I_CLK_RX_N] of R32 on F.Cu
    @(61.2200 mm, 79.3100 mm): Pad 2 [I_CLK_RX_N] of R33 on F.Cu
[unconnected_items]: Missing connection between items
    Local override; error
    @(61.2200 mm, 79.3100 mm): Pad 2 [I_CLK_RX_N] of R33 on F.Cu
    @(65.7400 mm, 79.3100 mm): Pad 2 [I_CLK_RX_N] of R35 on F.Cu
[unconnected_items]: Missing connection between items
    Local override; error
    @(65.7400 mm, 79.3100 mm): Pad 2 [I_CLK_RX_N] of R35 on F.Cu
    @(70.1700 mm, 80.6500 mm): Pad 2 [I_CLK_RX_N] of C2 on F.Cu
[unconnected_items]: Missing connection between items
    Local override; error
    @(65.7400 mm, 79.3100 mm): Pad 2 [I_CLK_RX_N] of R35 on F.Cu
    @(69.7250 mm, 73.8625 mm): Pad 1 [I_CLK_RX_N] of U4 on F.Cu
[unconnected_items]: Missing connection between items
    Local override; error
    @(56.7000 mm, 79.3100 mm): Pad 2 [I_CLK_RX_P] of R31 on F.Cu
    @(60.2000 mm, 79.3100 mm): Pad 1 [I_CLK_RX_P] of R33 on F.Cu
[unconnected_items]: Missing connection between items
    Local override; error
    @(60.2000 mm, 79.3100 mm): Pad 1 [I_CLK_RX_P] of R33 on F.Cu
    @(63.4800 mm, 79.3100 mm): Pad 2 [I_CLK_RX_P] of R34 on F.Cu
[unconnected_items]: Missing connection between items
    Local override; error
    @(63.4800 mm, 79.3100 mm): Pad 2 [I_CLK_RX_P] of R34 on F.Cu
    @(67.9500 mm, 80.6500 mm): Pad 2 [I_CLK_RX_P] of C1 on F.Cu
[unconnected_items]: Missing connection between items
    Local override; error
    @(67.9500 mm, 80.6500 mm): Pad 2 [I_CLK_RX_P] of C1 on F.Cu
    @(70.3750 mm, 73.8625 mm): Pad 2 [I_CLK_RX_P] of U4 on F.Cu
[unconnected_items]: Missing connection between items
    Local override; error
    @(73.6500 mm, 80.6500 mm): Pad 1 [I_D0_N] of C4 on F.Cu
    @(69.2400 mm, 79.3100 mm): Pad 1 [I_D0_N] of R37 on F.Cu
[unconnected_items]: Missing connection between items
    Local override; error
    @(79.3250 mm, 44.2000 mm): Pad 5 [I_D0_N] of D6 on F.Cu
    @(69.2400 mm, 79.3100 mm): Pad 1 [I_D0_N] of R37 on F.Cu
[unconnected_items]: Missing connection between items
    Local override; error
    @(81.8000 mm, 98.8500 mm): Pad 9 [I_D0_N] of J5 on F.Cu
    @(73.6500 mm, 80.6500 mm): Pad 1 [I_D0_N] of C4 on F.Cu
[unconnected_items]: Missing connection between items
    Local override; error
    @(71.4300 mm, 80.6500 mm): Pad 1 [I_D0_P] of C3 on F.Cu
    @(66.9800 mm, 79.3100 mm): Pad 1 [I_D0_P] of R36 on F.Cu
[unconnected_items]: Missing connection between items
    Local override; error
    @(79.3250 mm, 43.7000 mm): Pad 4 [I_D0_P] of D6 on F.Cu
    @(66.9800 mm, 79.3100 mm): Pad 1 [I_D0_P] of R36 on F.Cu
[unconnected_items]: Missing connection between items
    Local override; error
    @(82.2000 mm, 98.8500 mm): Pad 8 [I_D0_P] of J5 on F.Cu
    @(71.4300 mm, 80.6500 mm): Pad 1 [I_D0_P] of C3 on F.Cu
[unconnected_items]: Missing connection between items
    Local override; error
    @(70.2600 mm, 79.3100 mm): Pad 2 [I_D0_RX_N] of R37 on F.Cu
    @(72.5200 mm, 79.3100 mm): Pad 2 [I_D0_RX_N] of R38 on F.Cu
[unconnected_items]: Missing connection between items
    Local override; error
    @(72.5200 mm, 79.3100 mm): Pad 2 [I_D0_RX_N] of R38 on F.Cu
    @(71.6750 mm, 73.8625 mm): Pad 4 [I_D0_RX_N] of U4 on F.Cu
[unconnected_items]: Missing connection between items
    Local override; error
    @(74.6100 mm, 80.6500 mm): Pad 2 [I_D0_RX_N] of C4 on F.Cu
    @(72.5200 mm, 79.3100 mm): Pad 2 [I_D0_RX_N] of R38 on F.Cu
[unconnected_items]: Missing connection between items
    Local override; error
    @(74.6100 mm, 80.6500 mm): Pad 2 [I_D0_RX_N] of C4 on F.Cu
    @(77.0400 mm, 79.3100 mm): Pad 2 [I_D0_RX_N] of R40 on F.Cu
[unconnected_items]: Missing connection between items
    Local override; error
    @(71.0250 mm, 73.8625 mm): Pad 3 [I_D0_RX_P] of U4 on F.Cu
    @(71.5000 mm, 79.3100 mm): Pad 1 [I_D0_RX_P] of R38 on F.Cu
[unconnected_items]: Missing connection between items
    Local override; error
    @(71.5000 mm, 79.3100 mm): Pad 1 [I_D0_RX_P] of R38 on F.Cu
    @(72.3900 mm, 80.6500 mm): Pad 2 [I_D0_RX_P] of C3 on F.Cu
[unconnected_items]: Missing connection between items
    Local override; error
    @(71.5000 mm, 79.3100 mm): Pad 1 [I_D0_RX_P] of R38 on F.Cu
    @(68.0000 mm, 79.3100 mm): Pad 2 [I_D0_RX_P] of R36 on F.Cu
[unconnected_items]: Missing connection between items
    Local override; error
    @(72.3900 mm, 80.6500 mm): Pad 2 [I_D0_RX_P] of C3 on F.Cu
    @(74.7800 mm, 79.3100 mm): Pad 2 [I_D0_RX_P] of R39 on F.Cu
[unconnected_items]: Missing connection between items
    Local override; error
    @(78.0900 mm, 80.6500 mm): Pad 1 [I_D1_N] of C6 on F.Cu
    @(83.0000 mm, 98.8500 mm): Pad 6 [I_D1_N] of J5 on F.Cu
[unconnected_items]: Missing connection between items
    Local override; error
    @(80.5400 mm, 79.3100 mm): Pad 1 [I_D1_N] of R42 on F.Cu
    @(78.0900 mm, 80.6500 mm): Pad 1 [I_D1_N] of C6 on F.Cu
[unconnected_items]: Missing connection between items
    Local override; error
    @(80.5400 mm, 79.3100 mm): Pad 1 [I_D1_N] of R42 on F.Cu
    @(76.7250 mm, 46.1000 mm): Pad 2 [I_D1_N] of D7 on F.Cu
[unconnected_items]: Missing connection between items
    Local override; error
    @(75.8700 mm, 80.6500 mm): Pad 1 [I_D1_P] of C5 on F.Cu
    @(83.4000 mm, 98.8500 mm): Pad 5 [I_D1_P] of J5 on F.Cu
[unconnected_items]: Missing connection between items
    Local override; error
    @(78.2800 mm, 79.3100 mm): Pad 1 [I_D1_P] of R41 on F.Cu
    @(75.8700 mm, 80.6500 mm): Pad 1 [I_D1_P] of C5 on F.Cu
[unconnected_items]: Missing connection between items
    Local override; error
    @(78.2800 mm, 79.3100 mm): Pad 1 [I_D1_P] of R41 on F.Cu
    @(76.7250 mm, 45.6000 mm): Pad 1 [I_D1_P] of D7 on F.Cu
[unconnected_items]: Missing connection between items
    Local override; error
    @(72.3250 mm, 73.8625 mm): Pad 5 [I_D1_RX_N] of U4 on F.Cu
    @(79.0500 mm, 80.6500 mm): Pad 2 [I_D1_RX_N] of C6 on F.Cu
[unconnected_items]: Missing connection between items
    Local override; error
    @(72.3250 mm, 73.8625 mm): Pad 5 [I_D1_RX_N] of U4 on F.Cu
    @(45.4000 mm, 80.6500 mm): Pad 2 [I_D1_RX_N] of R45 on F.Cu
[unconnected_items]: Missing connection between items
    Local override; error
    @(79.0500 mm, 80.6500 mm): Pad 2 [I_D1_RX_N] of C6 on F.Cu
    @(81.5600 mm, 79.3100 mm): Pad 2 [I_D1_RX_N] of R42 on F.Cu
[unconnected_items]: Missing connection between items
    Local override; error
    @(83.8200 mm, 79.3100 mm): Pad 2 [I_D1_RX_N] of R43 on F.Cu
    @(81.5600 mm, 79.3100 mm): Pad 2 [I_D1_RX_N] of R42 on F.Cu
[unconnected_items]: Missing connection between items
    Local override; error
    @(72.9750 mm, 73.8625 mm): Pad 6 [I_D1_RX_P] of U4 on F.Cu
    @(76.8300 mm, 80.6500 mm): Pad 2 [I_D1_RX_P] of C5 on F.Cu
[unconnected_items]: Missing connection between items
    Local override; error
    @(72.9750 mm, 73.8625 mm): Pad 6 [I_D1_RX_P] of U4 on F.Cu
    @(43.1400 mm, 80.6500 mm): Pad 2 [I_D1_RX_P] of R44 on F.Cu
[unconnected_items]: Missing connection between items
    Local override; error
    @(76.8300 mm, 80.6500 mm): Pad 2 [I_D1_RX_P] of C5 on F.Cu
    @(79.3000 mm, 79.3100 mm): Pad 2 [I_D1_RX_P] of R41 on F.Cu
[unconnected_items]: Missing connection between items
    Local override; error
    @(82.8000 mm, 79.3100 mm): Pad 1 [I_D1_RX_P] of R43 on F.Cu
    @(79.3000 mm, 79.3100 mm): Pad 2 [I_D1_RX_P] of R41 on F.Cu
[unconnected_items]: Missing connection between items
    Local override; error
    @(82.5300 mm, 80.6500 mm): Pad 1 [I_D2_N] of C8 on F.Cu
    @(76.7250 mm, 47.6000 mm): Pad 5 [I_D2_N] of D7 on F.Cu
[unconnected_items]: Missing connection between items
    Local override; error
    @(82.5300 mm, 80.6500 mm): Pad 1 [I_D2_N] of C8 on F.Cu
    @(48.9000 mm, 80.6500 mm): Pad 1 [I_D2_N] of R47 on F.Cu
[unconnected_items]: Missing connection between items
    Local override; error
    @(84.2000 mm, 98.8500 mm): Pad 3 [I_D2_N] of J5 on F.Cu
    @(82.5300 mm, 80.6500 mm): Pad 1 [I_D2_N] of C8 on F.Cu
[unconnected_items]: Missing connection between items
    Local override; error
    @(80.3100 mm, 80.6500 mm): Pad 1 [I_D2_P] of C7 on F.Cu
    @(46.6400 mm, 80.6500 mm): Pad 1 [I_D2_P] of R46 on F.Cu
[unconnected_items]: Missing connection between items
    Local override; error
    @(80.3100 mm, 80.6500 mm): Pad 1 [I_D2_P] of C7 on F.Cu
    @(76.7250 mm, 47.1000 mm): Pad 4 [I_D2_P] of D7 on F.Cu
[unconnected_items]: Missing connection between items
    Local override; error
    @(84.6000 mm, 98.8500 mm): Pad 2 [I_D2_P] of J5 on F.Cu
    @(80.3100 mm, 80.6500 mm): Pad 1 [I_D2_P] of C7 on F.Cu
[unconnected_items]: Missing connection between items
    Local override; error
    @(49.9200 mm, 80.6500 mm): Pad 2 [I_D2_RX_N] of R47 on F.Cu
    @(52.1800 mm, 80.6500 mm): Pad 2 [I_D2_RX_N] of R48 on F.Cu
[unconnected_items]: Missing connection between items
    Local override; error
    @(52.1800 mm, 80.6500 mm): Pad 2 [I_D2_RX_N] of R48 on F.Cu
    @(56.7000 mm, 80.6500 mm): Pad 2 [I_D2_RX_N] of R50 on F.Cu
[unconnected_items]: Missing connection between items
    Local override; error
    @(74.2750 mm, 73.8625 mm): Pad 8 [I_D2_RX_N] of U4 on F.Cu
    @(56.7000 mm, 80.6500 mm): Pad 2 [I_D2_RX_N] of R50 on F.Cu
[unconnected_items]: Missing connection between items
    Local override; error
    @(83.4900 mm, 80.6500 mm): Pad 2 [I_D2_RX_N] of C8 on F.Cu
    @(74.2750 mm, 73.8625 mm): Pad 8 [I_D2_RX_N] of U4 on F.Cu
[unconnected_items]: Missing connection between items
    Local override; error
    @(47.6600 mm, 80.6500 mm): Pad 2 [I_D2_RX_P] of R46 on F.Cu
    @(51.1600 mm, 80.6500 mm): Pad 1 [I_D2_RX_P] of R48 on F.Cu
[unconnected_items]: Missing connection between items
    Local override; error
    @(51.1600 mm, 80.6500 mm): Pad 1 [I_D2_RX_P] of R48 on F.Cu
    @(54.4400 mm, 80.6500 mm): Pad 2 [I_D2_RX_P] of R49 on F.Cu
[unconnected_items]: Missing connection between items
    Local override; error
    @(73.6250 mm, 73.8625 mm): Pad 7 [I_D2_RX_P] of U4 on F.Cu
    @(54.4400 mm, 80.6500 mm): Pad 2 [I_D2_RX_P] of R49 on F.Cu
[unconnected_items]: Missing connection between items
    Local override; error
    @(81.2700 mm, 80.6500 mm): Pad 2 [I_D2_RX_P] of C7 on F.Cu
    @(73.6250 mm, 73.8625 mm): Pad 7 [I_D2_RX_P] of U4 on F.Cu
[unconnected_items]: Missing connection between items
    Local override; error
    @(46.6400 mm, 79.3100 mm): Pad 1 [I_HPD] of R24 on F.Cu
    @(76.5500 mm, 67.1500 mm): Pad 1 [I_HPD] of TP27 on F.Cu
[unconnected_items]: Missing connection between items
    Local override; error
    @(76.5500 mm, 67.1500 mm): Pad 1 [I_HPD] of TP27 on F.Cu
    @(84.0000 mm, 58.0800 mm): PTH pad 3 [I_HPD] of J7
[unconnected_items]: Missing connection between items
    Local override; error
    @(77.8000 mm, 98.8500 mm): Pad 19 [I_HPD] of J5 on F.Cu
    @(76.5500 mm, 67.1500 mm): Pad 1 [I_HPD] of TP27 on F.Cu
[unconnected_items]: Missing connection between items
    Local override; error
    @(84.0000 mm, 58.0800 mm): PTH pad 3 [I_HPD] of J7
    @(78.9450 mm, 46.1000 mm): Pad 2 [I_HPD] of D8 on F.Cu
[unconnected_items]: Missing connection between items
    Local override; error
    @(62.4600 mm, 80.6500 mm): Pad 1 [I_SLOW] of R53 on F.Cu
    @(79.4000 mm, 98.8500 mm): Pad 15 [I_SLOW] of J5 on F.Cu
[unconnected_items]: Missing connection between items
    Local override; error
    @(78.9450 mm, 45.6000 mm): Pad 1 [I_SLOW] of D8 on F.Cu
    @(62.4600 mm, 80.6500 mm): Pad 1 [I_SLOW] of R53 on F.Cu
[unconnected_items]: Missing connection between items
    Local override; error
    @(79.8500 mm, 71.5000 mm): Pad 2 [LDO3V3] of U7 on F.Cu
    @(86.1500 mm, 71.5000 mm): Pad 2 [LDO3V3] of U7 on F.Cu
[unconnected_items]: Missing connection between items
    Local override; error
    @(79.8500 mm, 71.5000 mm): Pad 2 [LDO3V3] of U7 on F.Cu
    @(52.9500 mm, 75.8500 mm): Pad 1 [LDO3V3] of C24 on F.Cu
[unconnected_items]: Missing connection between items
    Local override; error
    @(86.1500 mm, 71.5000 mm): Pad 2 [LDO3V3] of U7 on F.Cu
    @(84.0000 mm, 49.0800 mm): PTH pad 3 [LDO3V3] of J6
[unconnected_items]: Missing connection between items
    Local override; error
    @(49.7250 mm, 42.7000 mm): Pad 2 [O1_CLK_N] of D1 on F.Cu
    @(45.8000 mm, 98.8500 mm): Pad 12 [O1_CLK_N] of J3 on F.Cu
[unconnected_items]: Missing connection between items
    Local override; error
    @(74.4750 mm, 43.5550 mm): Pad 16 [O1_CLK_N] of U2 on F.Cu
    @(49.7250 mm, 42.7000 mm): Pad 2 [O1_CLK_N] of D1 on F.Cu
[unconnected_items]: Missing connection between items
    Local override; error
    @(49.7250 mm, 42.2000 mm): Pad 1 [O1_CLK_P] of D1 on F.Cu
    @(46.2000 mm, 98.8500 mm): Pad 11 [O1_CLK_P] of J3 on F.Cu
[unconnected_items]: Missing connection between items
    Local override; error
    @(74.4750 mm, 44.8250 mm): Pad 15 [O1_CLK_P] of U2 on F.Cu
    @(49.7250 mm, 42.2000 mm): Pad 1 [O1_CLK_P] of D1 on F.Cu
[unconnected_items]: Missing connection between items
    Local override; error
    @(49.7250 mm, 44.2000 mm): Pad 5 [O1_D0_N] of D1 on F.Cu
    @(47.0000 mm, 98.8500 mm): Pad 9 [O1_D0_N] of J3 on F.Cu
[unconnected_items]: Missing connection between items
    Local override; error
    @(74.4750 mm, 47.3650 mm): Pad 13 [O1_D0_N] of U2 on F.Cu
    @(49.7250 mm, 44.2000 mm): Pad 5 [O1_D0_N] of D1 on F.Cu
[unconnected_items]: Missing connection between items
    Local override; error
    @(49.7250 mm, 43.7000 mm): Pad 4 [O1_D0_P] of D1 on F.Cu
    @(47.4000 mm, 98.8500 mm): Pad 8 [O1_D0_P] of J3 on F.Cu
[unconnected_items]: Missing connection between items
    Local override; error
    @(74.4750 mm, 46.0950 mm): Pad 14 [O1_D0_P] of U2 on F.Cu
    @(49.7250 mm, 43.7000 mm): Pad 4 [O1_D0_P] of D1 on F.Cu
[unconnected_items]: Missing connection between items
    Local override; error
    @(51.9450 mm, 42.7000 mm): Pad 2 [O1_D1_N] of D2 on F.Cu
    @(48.2000 mm, 98.8500 mm): Pad 6 [O1_D1_N] of J3 on F.Cu
[unconnected_items]: Missing connection between items
    Local override; error
    @(74.4750 mm, 48.6350 mm): Pad 12 [O1_D1_N] of U2 on F.Cu
    @(51.9450 mm, 42.7000 mm): Pad 2 [O1_D1_N] of D2 on F.Cu
[unconnected_items]: Missing connection between items
    Local override; error
    @(48.6000 mm, 98.8500 mm): Pad 5 [O1_D1_P] of J3 on F.Cu
    @(74.4750 mm, 49.9050 mm): Pad 11 [O1_D1_P] of U2 on F.Cu
[unconnected_items]: Missing connection between items
    Local override; error
    @(74.4750 mm, 49.9050 mm): Pad 11 [O1_D1_P] of U2 on F.Cu
    @(51.9450 mm, 42.2000 mm): Pad 1 [O1_D1_P] of D2 on F.Cu
[unconnected_items]: Missing connection between items
    Local override; error
    @(49.4000 mm, 98.8500 mm): Pad 3 [O1_D2_N] of J3 on F.Cu
    @(74.4750 mm, 52.4450 mm): Pad 9 [O1_D2_N] of U2 on F.Cu
[unconnected_items]: Missing connection between items
    Local override; error
    @(74.4750 mm, 52.4450 mm): Pad 9 [O1_D2_N] of U2 on F.Cu
    @(51.9450 mm, 44.2000 mm): Pad 5 [O1_D2_N] of D2 on F.Cu
[unconnected_items]: Missing connection between items
    Local override; error
    @(49.8000 mm, 98.8500 mm): Pad 2 [O1_D2_P] of J3 on F.Cu
    @(74.4750 mm, 51.1750 mm): Pad 10 [O1_D2_P] of U2 on F.Cu
[unconnected_items]: Missing connection between items
    Local override; error
    @(74.4750 mm, 51.1750 mm): Pad 10 [O1_D2_P] of U2 on F.Cu
    @(51.9450 mm, 43.7000 mm): Pad 4 [O1_D2_P] of D2 on F.Cu
[unconnected_items]: Missing connection between items
    Local override; error
    @(42.1200 mm, 79.3100 mm): Pad 1 [O1_HPD] of R22 on F.Cu
    @(43.0000 mm, 98.8500 mm): Pad 19 [O1_HPD] of J3 on F.Cu
[unconnected_items]: Missing connection between items
    Local override; error
    @(56.2500 mm, 67.1500 mm): Pad 1 [O1_HPD] of TP25 on F.Cu
    @(42.1200 mm, 79.3100 mm): Pad 1 [O1_HPD] of R22 on F.Cu
[unconnected_items]: Missing connection between items
    Local override; error
    @(56.2500 mm, 67.1500 mm): Pad 1 [O1_HPD] of TP25 on F.Cu
    @(54.1650 mm, 42.7000 mm): Pad 2 [O1_HPD] of D3 on F.Cu
[unconnected_items]: Missing connection between items
    Local override; error
    @(44.6000 mm, 98.8500 mm): Pad 15 [O1_SLOW] of J3 on F.Cu
    @(83.8200 mm, 77.9700 mm): Pad 2 [O1_SLOW] of R21 on F.Cu
[unconnected_items]: Missing connection between items
    Local override; error
    @(83.8200 mm, 77.9700 mm): Pad 2 [O1_SLOW] of R21 on F.Cu
    @(54.1650 mm, 42.2000 mm): Pad 1 [O1_SLOW] of D3 on F.Cu
[unconnected_items]: Missing connection between items
    Local override; error
    @(63.2000 mm, 98.8500 mm): Pad 12 [O2_CLK_N] of J4 on F.Cu
    @(74.4750 mm, 55.5550 mm): Pad 16 [O2_CLK_N] of U3 on F.Cu
[unconnected_items]: Missing connection between items
    Local override; error
    @(74.4750 mm, 55.5550 mm): Pad 16 [O2_CLK_N] of U3 on F.Cu
    @(54.1650 mm, 44.2000 mm): Pad 5 [O2_CLK_N] of D3 on F.Cu
[unconnected_items]: Missing connection between items
    Local override; error
    @(63.6000 mm, 98.8500 mm): Pad 11 [O2_CLK_P] of J4 on F.Cu
    @(74.4750 mm, 56.8250 mm): Pad 15 [O2_CLK_P] of U3 on F.Cu
[unconnected_items]: Missing connection between items
    Local override; error
    @(74.4750 mm, 56.8250 mm): Pad 15 [O2_CLK_P] of U3 on F.Cu
    @(54.1650 mm, 43.7000 mm): Pad 4 [O2_CLK_P] of D3 on F.Cu
[unconnected_items]: Missing connection between items
    Local override; error
    @(64.4000 mm, 98.8500 mm): Pad 9 [O2_D0_N] of J4 on F.Cu
    @(74.4750 mm, 59.3650 mm): Pad 13 [O2_D0_N] of U3 on F.Cu
[unconnected_items]: Missing connection between items
    Local override; error
    @(74.4750 mm, 59.3650 mm): Pad 13 [O2_D0_N] of U3 on F.Cu
    @(56.3850 mm, 42.7000 mm): Pad 2 [O2_D0_N] of D4 on F.Cu
[unconnected_items]: Missing connection between items
    Local override; error
    @(64.8000 mm, 98.8500 mm): Pad 8 [O2_D0_P] of J4 on F.Cu
    @(74.4750 mm, 58.0950 mm): Pad 14 [O2_D0_P] of U3 on F.Cu
[unconnected_items]: Missing connection between items
    Local override; error
    @(74.4750 mm, 58.0950 mm): Pad 14 [O2_D0_P] of U3 on F.Cu
    @(56.3850 mm, 42.2000 mm): Pad 1 [O2_D0_P] of D4 on F.Cu
[unconnected_items]: Missing connection between items
    Local override; error
    @(65.6000 mm, 98.8500 mm): Pad 6 [O2_D1_N] of J4 on F.Cu
    @(74.4750 mm, 60.6350 mm): Pad 12 [O2_D1_N] of U3 on F.Cu
[unconnected_items]: Missing connection between items
    Local override; error
    @(74.4750 mm, 60.6350 mm): Pad 12 [O2_D1_N] of U3 on F.Cu
    @(56.3850 mm, 44.2000 mm): Pad 5 [O2_D1_N] of D4 on F.Cu
[unconnected_items]: Missing connection between items
    Local override; error
    @(66.0000 mm, 98.8500 mm): Pad 5 [O2_D1_P] of J4 on F.Cu
    @(74.4750 mm, 61.9050 mm): Pad 11 [O2_D1_P] of U3 on F.Cu
[unconnected_items]: Missing connection between items
    Local override; error
    @(74.4750 mm, 61.9050 mm): Pad 11 [O2_D1_P] of U3 on F.Cu
    @(56.3850 mm, 43.7000 mm): Pad 4 [O2_D1_P] of D4 on F.Cu
[unconnected_items]: Missing connection between items
    Local override; error
    @(66.8000 mm, 98.8500 mm): Pad 3 [O2_D2_N] of J4 on F.Cu
    @(74.4750 mm, 64.4450 mm): Pad 9 [O2_D2_N] of U3 on F.Cu
[unconnected_items]: Missing connection between items
    Local override; error
    @(74.4750 mm, 64.4450 mm): Pad 9 [O2_D2_N] of U3 on F.Cu
    @(77.1050 mm, 42.7000 mm): Pad 2 [O2_D2_N] of D5 on F.Cu
[unconnected_items]: Missing connection between items
    Local override; error
    @(67.2000 mm, 98.8500 mm): Pad 2 [O2_D2_P] of J4 on F.Cu
    @(74.4750 mm, 63.1750 mm): Pad 10 [O2_D2_P] of U3 on F.Cu
[unconnected_items]: Missing connection between items
    Local override; error
    @(74.4750 mm, 63.1750 mm): Pad 10 [O2_D2_P] of U3 on F.Cu
    @(77.1050 mm, 42.2000 mm): Pad 1 [O2_D2_P] of D5 on F.Cu
[unconnected_items]: Missing connection between items
    Local override; error
    @(44.3800 mm, 79.3100 mm): Pad 1 [O2_HPD] of R23 on F.Cu
    @(60.4000 mm, 98.8500 mm): Pad 19 [O2_HPD] of J4 on F.Cu
[unconnected_items]: Missing connection between items
    Local override; error
    @(44.3800 mm, 79.3100 mm): Pad 1 [O2_HPD] of R23 on F.Cu
    @(67.1500 mm, 67.1500 mm): Pad 1 [O2_HPD] of TP26 on F.Cu
[unconnected_items]: Missing connection between items
    Local override; error
    @(67.1500 mm, 67.1500 mm): Pad 1 [O2_HPD] of TP26 on F.Cu
    @(77.1050 mm, 44.2000 mm): Pad 5 [O2_HPD] of D5 on F.Cu
[unconnected_items]: Missing connection between items
    Local override; error
    @(42.9500 mm, 72.9500 mm): Pad 1 [O2_SLOW] of TP28 on F.Cu
    @(62.0000 mm, 98.8500 mm): Pad 15 [O2_SLOW] of J4 on F.Cu
[unconnected_items]: Missing connection between items
    Local override; error
    @(77.1050 mm, 43.7000 mm): Pad 4 [O2_SLOW] of D5 on F.Cu
    @(42.9500 mm, 72.9500 mm): Pad 1 [O2_SLOW] of TP28 on F.Cu
[unconnected_items]: Missing connection between items
    Local override; error
    @(49.1500 mm, 75.8500 mm): Pad 1 [P5V_IN] of C23 on F.Cu
    @(52.1800 mm, 79.3100 mm): Pad 2 [P5V_IN] of R26 on F.Cu
[unconnected_items]: Missing connection between items
    Local override; error
    @(52.1800 mm, 79.3100 mm): Pad 2 [P5V_IN] of R26 on F.Cu
    @(79.8500 mm, 73.8000 mm): Pad 3 [P5V_IN] of U7 on F.Cu
[unconnected_items]: Missing connection between items
    Local override; error
    @(48.9000 mm, 79.3100 mm): Pad 1 [RXEN_N] of R25 on F.Cu
    @(74.2750 mm, 68.1375 mm): Pad 9 [RXEN_N] of U4 on F.Cu
[unconnected_items]: Missing connection between items
    Local override; error
    @(74.2750 mm, 68.1375 mm): Pad 9 [RXEN_N] of U4 on F.Cu
    @(84.0000 mm, 55.5400 mm): PTH pad 2 [RXEN_N] of J7
[unconnected_items]: Missing connection between items
    Local override; error
    @(50.4500 mm, 64.2500 mm): Pad 1 [RXO_ICLK] of TP18 on F.Cu
    @(62.1750 mm, 67.8625 mm): Pad 4 [RXO_ICLK] of U5 on F.Cu
[unconnected_items]: Missing connection between items
    Local override; error
    @(62.1750 mm, 67.8625 mm): Pad 4 [RXO_ICLK] of U5 on F.Cu
    @(70.3750 mm, 68.1375 mm): Pad 15 [RXO_ICLK] of U4 on F.Cu
[unconnected_items]: Missing connection between items
    Local override; error
    @(71.0250 mm, 68.1375 mm): Pad 14 [RXO_ID0] of U4 on F.Cu
    @(53.3500 mm, 64.2500 mm): Pad 1 [RXO_ID0] of TP19 on F.Cu
[unconnected_items]: Missing connection between items
    Local override; error
    @(71.5000 mm, 77.9700 mm): Pad 1 [RXO_ID0] of R16 on F.Cu
    @(71.0250 mm, 68.1375 mm): Pad 14 [RXO_ID0] of U4 on F.Cu
[unconnected_items]: Missing connection between items
    Local override; error
    @(72.9750 mm, 68.1375 mm): Pad 11 [RXO_ID1] of U4 on F.Cu
    @(56.2500 mm, 64.2500 mm): Pad 1 [RXO_ID1] of TP20 on F.Cu
[unconnected_items]: Missing connection between items
    Local override; error
    @(73.7600 mm, 77.9700 mm): Pad 1 [RXO_ID1] of R17 on F.Cu
    @(72.9750 mm, 68.1375 mm): Pad 11 [RXO_ID1] of U4 on F.Cu
[unconnected_items]: Missing connection between items
    Local override; error
    @(73.6250 mm, 68.1375 mm): Pad 10 [RXO_ID2] of U4 on F.Cu
    @(76.0200 mm, 77.9700 mm): Pad 1 [RXO_ID2] of R18 on F.Cu
[unconnected_items]: Missing connection between items
    Local override; error
    @(77.6500 mm, 64.2500 mm): Pad 1 [RXO_ID2] of TP21 on F.Cu
    @(73.6250 mm, 68.1375 mm): Pad 10 [RXO_ID2] of U4 on F.Cu
[unconnected_items]: Missing connection between items
    Local override; error
    @(46.0800 mm, 61.7400 mm): PTH pad 16 [SCL1] of J1
    @(57.6500 mm, 72.9500 mm): Pad 1 [SCL1] of TP31 on F.Cu
[unconnected_items]: Missing connection between items
    Local override; error
    @(46.0800 mm, 64.2800 mm): PTH pad 18 [SDA1] of J1
    @(60.5500 mm, 72.9500 mm): Pad 1 [SDA1] of TP32 on F.Cu
[unconnected_items]: Missing connection between items
    Local override; error
    @(41.1750 mm, 104.5000 mm): PTH pad SH [SHLD1] of J3
    @(42.8500 mm, 100.8000 mm): PTH pad SH [SHLD1] of J3
[unconnected_items]: Missing connection between items
    Local override; error
    @(42.8500 mm, 100.8000 mm): PTH pad SH [SHLD1] of J3
    @(41.1750 mm, 100.0000 mm): PTH pad SH [SHLD1] of J3
[unconnected_items]: Missing connection between items
    Local override; error
    @(42.8500 mm, 100.8000 mm): PTH pad SH [SHLD1] of J3
    @(50.3500 mm, 100.8000 mm): PTH pad SH [SHLD1] of J3
[unconnected_items]: Missing connection between items
    Local override; error
    @(50.3500 mm, 100.8000 mm): PTH pad SH [SHLD1] of J3
    @(52.0250 mm, 104.5000 mm): PTH pad SH [SHLD1] of J3
[unconnected_items]: Missing connection between items
    Local override; error
    @(52.0250 mm, 100.0000 mm): PTH pad SH [SHLD1] of J3
    @(50.3500 mm, 100.8000 mm): PTH pad SH [SHLD1] of J3
[unconnected_items]: Missing connection between items
    Local override; error
    @(56.7675 mm, 75.8500 mm): Pad 1 [SHLD1] of R28 on F.Cu
    @(52.0250 mm, 100.0000 mm): PTH pad SH [SHLD1] of J3
[unconnected_items]: Missing connection between items
    Local override; error
    @(58.5750 mm, 104.5000 mm): PTH pad SH [SHLD2] of J4
    @(60.2500 mm, 100.8000 mm): PTH pad SH [SHLD2] of J4
[unconnected_items]: Missing connection between items
    Local override; error
    @(60.2500 mm, 100.8000 mm): PTH pad SH [SHLD2] of J4
    @(58.5750 mm, 100.0000 mm): PTH pad SH [SHLD2] of J4
[unconnected_items]: Missing connection between items
    Local override; error
    @(60.5275 mm, 75.8500 mm): Pad 1 [SHLD2] of R29 on F.Cu
    @(58.5750 mm, 100.0000 mm): PTH pad SH [SHLD2] of J4
[unconnected_items]: Missing connection between items
    Local override; error
    @(67.7500 mm, 100.8000 mm): PTH pad SH [SHLD2] of J4
    @(69.4250 mm, 100.0000 mm): PTH pad SH [SHLD2] of J4
[unconnected_items]: Missing connection between items
    Local override; error
    @(67.7500 mm, 100.8000 mm): PTH pad SH [SHLD2] of J4
    @(60.2500 mm, 100.8000 mm): PTH pad SH [SHLD2] of J4
[unconnected_items]: Missing connection between items
    Local override; error
    @(69.4250 mm, 104.5000 mm): PTH pad SH [SHLD2] of J4
    @(67.7500 mm, 100.8000 mm): PTH pad SH [SHLD2] of J4
[unconnected_items]: Missing connection between items
    Local override; error
    @(64.2875 mm, 75.8500 mm): Pad 1 [SHLD3] of R30 on F.Cu
    @(75.9750 mm, 100.0000 mm): PTH pad SH [SHLD3] of J5
[unconnected_items]: Missing connection between items
    Local override; error
    @(77.6500 mm, 100.8000 mm): PTH pad SH [SHLD3] of J5
    @(75.9750 mm, 100.0000 mm): PTH pad SH [SHLD3] of J5
[unconnected_items]: Missing connection between items
    Local override; error
    @(77.6500 mm, 100.8000 mm): PTH pad SH [SHLD3] of J5
    @(75.9750 mm, 104.5000 mm): PTH pad SH [SHLD3] of J5
[unconnected_items]: Missing connection between items
    Local override; error
    @(85.1500 mm, 100.8000 mm): PTH pad SH [SHLD3] of J5
    @(86.8250 mm, 104.5000 mm): PTH pad SH [SHLD3] of J5
[unconnected_items]: Missing connection between items
    Local override; error
    @(85.1500 mm, 100.8000 mm): PTH pad SH [SHLD3] of J5
    @(77.6500 mm, 100.8000 mm): PTH pad SH [SHLD3] of J5
[unconnected_items]: Missing connection between items
    Local override; error
    @(86.8250 mm, 100.0000 mm): PTH pad SH [SHLD3] of J5
    @(85.1500 mm, 100.8000 mm): PTH pad SH [SHLD3] of J5
[unconnected_items]: Missing connection between items
    Local override; error
    @(42.1200 mm, 80.6500 mm): Pad 1 [VBIAS] of R44 on F.Cu
    @(44.3800 mm, 80.6500 mm): Pad 1 [VBIAS] of R45 on F.Cu
[unconnected_items]: Missing connection between items
    Local override; error
    @(44.3800 mm, 80.6500 mm): Pad 1 [VBIAS] of R45 on F.Cu
    @(53.4200 mm, 80.6500 mm): Pad 1 [VBIAS] of R49 on F.Cu
[unconnected_items]: Missing connection between items
    Local override; error
    @(53.4200 mm, 80.6500 mm): Pad 1 [VBIAS] of R49 on F.Cu
    @(55.6800 mm, 80.6500 mm): Pad 1 [VBIAS] of R50 on F.Cu
[unconnected_items]: Missing connection between items
    Local override; error
    @(54.7500 mm, 72.9500 mm): Pad 1 [VBIAS] of TP30 on F.Cu
    @(55.6800 mm, 80.6500 mm): Pad 1 [VBIAS] of R50 on F.Cu
[unconnected_items]: Missing connection between items
    Local override; error
    @(55.6800 mm, 80.6500 mm): Pad 1 [VBIAS] of R50 on F.Cu
    @(58.9600 mm, 80.6500 mm): Pad 2 [VBIAS] of R51 on F.Cu
[unconnected_items]: Missing connection between items
    Local override; error
    @(58.9600 mm, 80.6500 mm): Pad 2 [VBIAS] of R51 on F.Cu
    @(60.2000 mm, 80.6500 mm): Pad 1 [VBIAS] of R52 on F.Cu
[unconnected_items]: Missing connection between items
    Local override; error
    @(62.4600 mm, 79.3100 mm): Pad 1 [VBIAS] of R34 on F.Cu
    @(60.2000 mm, 80.6500 mm): Pad 1 [VBIAS] of R52 on F.Cu
[unconnected_items]: Missing connection between items
    Local override; error
    @(64.7200 mm, 79.3100 mm): Pad 1 [VBIAS] of R35 on F.Cu
    @(62.4600 mm, 79.3100 mm): Pad 1 [VBIAS] of R34 on F.Cu
[unconnected_items]: Missing connection between items
    Local override; error
    @(73.7600 mm, 79.3100 mm): Pad 1 [VBIAS] of R39 on F.Cu
    @(64.7200 mm, 79.3100 mm): Pad 1 [VBIAS] of R35 on F.Cu
[unconnected_items]: Missing connection between items
    Local override; error
    @(76.0200 mm, 79.3100 mm): Pad 1 [VBIAS] of R40 on F.Cu
    @(73.7600 mm, 79.3100 mm): Pad 1 [VBIAS] of R39 on F.Cu
[unconnected_items]: Missing connection between items
    Local override; error
    @(76.0200 mm, 79.3100 mm): Pad 1 [VBIAS] of R40 on F.Cu
    @(84.7500 mm, 80.6500 mm): Pad 1 [VBIAS] of C9 on F.Cu
[unconnected_items]: Missing connection between items
    Local override; error
    @(46.0800 mm, 51.5800 mm): PTH pad 8 [VLVDS] of J1
    @(43.5400 mm, 51.5800 mm): PTH pad 7 [VLVDS] of J1
[unconnected_items]: Missing connection between items
    Local override; error
    @(53.4200 mm, 79.3100 mm): Pad 1 [VLVDS] of R27 on F.Cu
    @(63.4500 mm, 72.9500 mm): Pad 1 [VLVDS] of TP33 on F.Cu
[unconnected_items]: Missing connection between items
    Local override; error
    @(63.4500 mm, 72.9500 mm): Pad 1 [VLVDS] of TP33 on F.Cu
    @(46.0800 mm, 51.5800 mm): PTH pad 8 [VLVDS] of J1
[unconnected_items]: Missing connection between items
    Local override; error
    @(62.1750 mm, 62.1375 mm): Pad 13 [X_REVCLK25] of U5 on F.Cu
    @(78.2800 mm, 77.9700 mm): Pad 1 [X_REVCLK25] of R19 on F.Cu
[unconnected_items]: Missing connection between items
    Local override; error
    @(62.8250 mm, 62.1375 mm): Pad 12 [X_SLOWIN25] of U5 on F.Cu
    @(80.5400 mm, 77.9700 mm): Pad 1 [X_SLOWIN25] of R20 on F.Cu
[unconnected_items]: Missing connection between items
    Local override; error
    @(62.8250 mm, 67.8625 mm): Pad 5 [X_SLOWIN_A] of U5 on F.Cu
    @(63.4800 mm, 80.6500 mm): Pad 2 [X_SLOWIN_A] of R53 on F.Cu
[unconnected_items]: Missing connection between items
    Local override; error
    @(63.4800 mm, 80.6500 mm): Pad 2 [X_SLOWIN_A] of R53 on F.Cu
    @(64.7200 mm, 80.6500 mm): Pad 1 [X_SLOWIN_A] of R54 on F.Cu
[unconnected_items]: Missing connection between items
    Local override; error
    @(63.4800 mm, 80.6500 mm): Pad 2 [X_SLOWIN_A] of R53 on F.Cu
    @(42.1300 mm, 81.9800 mm): Pad 1 [X_SLOWIN_A] of C10 on F.Cu
[unconnected_items]: Missing connection between items
    Local override; error
    @(80.5500 mm, 64.2500 mm): Pad 1 [X_SLOWIN_A] of TP22 on F.Cu
    @(62.8250 mm, 67.8625 mm): Pad 5 [X_SLOWIN_A] of U5 on F.Cu
[unconnected_items]: Missing connection between items
    Local override; error
    @(50.4500 mm, 67.1500 mm): Pad 1 [X_SP1] of TP23 on F.Cu
    @(63.4750 mm, 62.1375 mm): Pad 11 [X_SP1] of U5 on F.Cu
[unconnected_items]: Missing connection between items
    Local override; error
    @(53.3500 mm, 67.1500 mm): Pad 1 [X_SP2] of TP24 on F.Cu
    @(64.1250 mm, 62.1375 mm): Pad 10 [X_SP2] of U5 on F.Cu

** Found 0 Footprint errors **

** Ignored checks **
    - Footprint has no courtyard defined
    - Track endpoint not centered on via
    - Tuning profile track geometries
    - Footprint doesn't match symbol's footprint filters
    - Footprint component type doesn't match footprint pads

** End of Report **
